Archive member included to satisfy reference by file (symbol)

C:/ST/STM32CubeCLT_1.15.0/GNU-tools-for-STM32/bin/../lib/gcc/arm-none-eabi/12.3.1/../../../../arm-none-eabi/lib/thumb/v7e-m+fp/hard\libc_nano.a(libc_a-exit.o)
                              C:/ST/STM32CubeCLT_1.15.0/GNU-tools-for-STM32/bin/../lib/gcc/arm-none-eabi/12.3.1/../../../../arm-none-eabi/lib/thumb/v7e-m+fp/hard/crt0.o (exit)
C:/ST/STM32CubeCLT_1.15.0/GNU-tools-for-STM32/bin/../lib/gcc/arm-none-eabi/12.3.1/../../../../arm-none-eabi/lib/thumb/v7e-m+fp/hard\libc_nano.a(libc_a-findfp.o)
                              C:/ST/STM32CubeCLT_1.15.0/GNU-tools-for-STM32/bin/../lib/gcc/arm-none-eabi/12.3.1/../../../../arm-none-eabi/lib/thumb/v7e-m+fp/hard\libc_nano.a(libc_a-exit.o) (__stdio_exit_handler)
C:/ST/STM32CubeCLT_1.15.0/GNU-tools-for-STM32/bin/../lib/gcc/arm-none-eabi/12.3.1/../../../../arm-none-eabi/lib/thumb/v7e-m+fp/hard\libc_nano.a(libc_a-fwalk.o)
                              C:/ST/STM32CubeCLT_1.15.0/GNU-tools-for-STM32/bin/../lib/gcc/arm-none-eabi/12.3.1/../../../../arm-none-eabi/lib/thumb/v7e-m+fp/hard\libc_nano.a(libc_a-findfp.o) (_fwalk_sglue)
C:/ST/STM32CubeCLT_1.15.0/GNU-tools-for-STM32/bin/../lib/gcc/arm-none-eabi/12.3.1/../../../../arm-none-eabi/lib/thumb/v7e-m+fp/hard\libc_nano.a(libc_a-stdio.o)
                              C:/ST/STM32CubeCLT_1.15.0/GNU-tools-for-STM32/bin/../lib/gcc/arm-none-eabi/12.3.1/../../../../arm-none-eabi/lib/thumb/v7e-m+fp/hard\libc_nano.a(libc_a-findfp.o) (__sread)
C:/ST/STM32CubeCLT_1.15.0/GNU-tools-for-STM32/bin/../lib/gcc/arm-none-eabi/12.3.1/../../../../arm-none-eabi/lib/thumb/v7e-m+fp/hard\libc_nano.a(libc_a-memset.o)
                              C:/ST/STM32CubeCLT_1.15.0/GNU-tools-for-STM32/bin/../lib/gcc/arm-none-eabi/12.3.1/../../../../arm-none-eabi/lib/thumb/v7e-m+fp/hard/crt0.o (memset)
C:/ST/STM32CubeCLT_1.15.0/GNU-tools-for-STM32/bin/../lib/gcc/arm-none-eabi/12.3.1/../../../../arm-none-eabi/lib/thumb/v7e-m+fp/hard\libc_nano.a(libc_a-closer.o)
                              C:/ST/STM32CubeCLT_1.15.0/GNU-tools-for-STM32/bin/../lib/gcc/arm-none-eabi/12.3.1/../../../../arm-none-eabi/lib/thumb/v7e-m+fp/hard\libc_nano.a(libc_a-stdio.o) (_close_r)
C:/ST/STM32CubeCLT_1.15.0/GNU-tools-for-STM32/bin/../lib/gcc/arm-none-eabi/12.3.1/../../../../arm-none-eabi/lib/thumb/v7e-m+fp/hard\libc_nano.a(libc_a-reent.o)
                              C:/ST/STM32CubeCLT_1.15.0/GNU-tools-for-STM32/bin/../lib/gcc/arm-none-eabi/12.3.1/../../../../arm-none-eabi/lib/thumb/v7e-m+fp/hard\libc_nano.a(libc_a-closer.o) (errno)
C:/ST/STM32CubeCLT_1.15.0/GNU-tools-for-STM32/bin/../lib/gcc/arm-none-eabi/12.3.1/../../../../arm-none-eabi/lib/thumb/v7e-m+fp/hard\libc_nano.a(libc_a-impure.o)
                              C:/ST/STM32CubeCLT_1.15.0/GNU-tools-for-STM32/bin/../lib/gcc/arm-none-eabi/12.3.1/../../../../arm-none-eabi/lib/thumb/v7e-m+fp/hard\libc_nano.a(libc_a-reent.o) (_impure_ptr)
C:/ST/STM32CubeCLT_1.15.0/GNU-tools-for-STM32/bin/../lib/gcc/arm-none-eabi/12.3.1/../../../../arm-none-eabi/lib/thumb/v7e-m+fp/hard\libc_nano.a(libc_a-lseekr.o)
                              C:/ST/STM32CubeCLT_1.15.0/GNU-tools-for-STM32/bin/../lib/gcc/arm-none-eabi/12.3.1/../../../../arm-none-eabi/lib/thumb/v7e-m+fp/hard\libc_nano.a(libc_a-stdio.o) (_lseek_r)
C:/ST/STM32CubeCLT_1.15.0/GNU-tools-for-STM32/bin/../lib/gcc/arm-none-eabi/12.3.1/../../../../arm-none-eabi/lib/thumb/v7e-m+fp/hard\libc_nano.a(libc_a-readr.o)
                              C:/ST/STM32CubeCLT_1.15.0/GNU-tools-for-STM32/bin/../lib/gcc/arm-none-eabi/12.3.1/../../../../arm-none-eabi/lib/thumb/v7e-m+fp/hard\libc_nano.a(libc_a-stdio.o) (_read_r)
C:/ST/STM32CubeCLT_1.15.0/GNU-tools-for-STM32/bin/../lib/gcc/arm-none-eabi/12.3.1/../../../../arm-none-eabi/lib/thumb/v7e-m+fp/hard\libc_nano.a(libc_a-writer.o)
                              C:/ST/STM32CubeCLT_1.15.0/GNU-tools-for-STM32/bin/../lib/gcc/arm-none-eabi/12.3.1/../../../../arm-none-eabi/lib/thumb/v7e-m+fp/hard\libc_nano.a(libc_a-stdio.o) (_write_r)
C:/ST/STM32CubeCLT_1.15.0/GNU-tools-for-STM32/bin/../lib/gcc/arm-none-eabi/12.3.1/../../../../arm-none-eabi/lib/thumb/v7e-m+fp/hard\libc_nano.a(libc_a-init.o)
                              C:/ST/STM32CubeCLT_1.15.0/GNU-tools-for-STM32/bin/../lib/gcc/arm-none-eabi/12.3.1/../../../../arm-none-eabi/lib/thumb/v7e-m+fp/hard/crt0.o (__libc_init_array)
C:/ST/STM32CubeCLT_1.15.0/GNU-tools-for-STM32/bin/../lib/gcc/arm-none-eabi/12.3.1/../../../../arm-none-eabi/lib/thumb/v7e-m+fp/hard\libc_nano.a(libc_a-lock.o)
                              C:/ST/STM32CubeCLT_1.15.0/GNU-tools-for-STM32/bin/../lib/gcc/arm-none-eabi/12.3.1/../../../../arm-none-eabi/lib/thumb/v7e-m+fp/hard\libc_nano.a(libc_a-findfp.o) (__retarget_lock_init_recursive)
C:/ST/STM32CubeCLT_1.15.0/GNU-tools-for-STM32/bin/../lib/gcc/arm-none-eabi/12.3.1/../../../../arm-none-eabi/lib/thumb/v7e-m+fp/hard\libc_nano.a(libc_a-freer.o)
[...]
Memory Configuration

Name             Origin             Length             Attributes
RAM              0x20000000         0x00020000         xrw
CCMRAM           0x10000000         0x00010000         xrw
FLASH            0x08000000         0x00100000         xr
*default*        0x00000000         0xffffffff

Linker script and memory map

LOAD C:/ST/STM32CubeCLT_1.15.0/GNU-tools-for-STM32/bin/../lib/gcc/arm-none-eabi/12.3.1/thumb/v7e-m+fp/hard/crti.o
LOAD C:/ST/STM32CubeCLT_1.15.0/GNU-tools-for-STM32/bin/../lib/gcc/arm-none-eabi/12.3.1/thumb/v7e-m+fp/hard/crtbegin.o
LOAD C:/ST/STM32CubeCLT_1.15.0/GNU-tools-for-STM32/bin/../lib/gcc/arm-none-eabi/12.3.1/../../../../arm-none-eabi/lib/thumb/v7e-m+fp/hard/crt0.o
START GROUP
LOAD C:/ST/STM32CubeCLT_1.15.0/GNU-tools-for-STM32/bin/../lib/gcc/arm-none-eabi/12.3.1/../../../../arm-none-eabi/lib/thumb/v7e-m+fp/hard\libc_nano.a
LOAD C:/ST/STM32CubeCLT_1.15.0/GNU-tools-for-STM32/bin/../lib/gcc/arm-none-eabi/12.3.1/../../../../arm-none-eabi/lib/thumb/v7e-m+fp/hard\libm.a
END GROUP
LOAD CMakeFiles/derbi_teller.dir/Core/Src/main.c.obj
LOAD CMakeFiles/derbi_teller.dir/Core/Src/stm32f4xx_it.c.obj
LOAD CMakeFiles/derbi_teller.dir/Core/Src/stm32f4xx_hal_msp.c.obj
LOAD CMakeFiles/derbi_teller.dir/USB_HOST/App/usb_host.c.obj
LOAD CMakeFiles/derbi_teller.dir/USB_HOST/Target/usbh_conf.c.obj
LOAD CMakeFiles/derbi_teller.dir/USB_HOST/Target/usbh_platform.c.obj
LOAD CMakeFiles/derbi_teller.dir/Core/Src/fonts.c.obj
LOAD CMakeFiles/derbi_teller.dir/Core/Src/ssd1306.c.obj
LOAD CMakeFiles/derbi_teller.dir/Core/Src/display.c.obj
LOAD CMakeFiles/derbi_teller.dir/Core/Src/buttons.c.obj
LOAD CMakeFiles/derbi_teller.dir/Core/Src/speed.c.obj
LOAD CMakeFiles/derbi_teller.dir/Drivers/STM32F4xx_HAL_Driver/Src/stm32f4xx_hal_hcd.c.obj
LOAD CMakeFiles/derbi_teller.dir/Drivers/STM32F4xx_HAL_Driver/Src/stm32f4xx_ll_usb.c.obj
LOAD CMakeFiles/derbi_teller.dir/Drivers/STM32F4xx_HAL_Driver/Src/stm32f4xx_hal_rcc.c.obj
LOAD CMakeFiles/derbi_teller.dir/Drivers/STM32F4xx_HAL_Driver/Src/stm32f4xx_hal_rcc_ex.c.obj
LOAD CMakeFiles/derbi_teller.dir/Drivers/STM32F4xx_HAL_Driver/Src/stm32f4xx_hal_flash.c.obj
LOAD CMakeFiles/derbi_teller.dir/Drivers/STM32F4xx_HAL_Driver/Src/stm32f4xx_hal_flash_ex.c.obj
LOAD CMakeFiles/derbi_teller.dir/Drivers/STM32F4xx_HAL_Driver/Src/stm32f4xx_hal_flash_ramfunc.c.obj
LOAD CMakeFiles/derbi_teller.dir/Drivers/STM32F4xx_HAL_Driver/Src/stm32f4xx_hal_gpio.c.obj
LOAD CMakeFiles/derbi_teller.dir/Drivers/STM32F4xx_HAL_Driver/Src/stm32f4xx_hal_dma_ex.c.obj
LOAD CMakeFiles/derbi_teller.dir/Drivers/STM32F4xx_HAL_Driver/Src/stm32f4xx_hal_dma.c.obj
LOAD CMakeFiles/derbi_teller.dir/Drivers/STM32F4xx_HAL_Driver/Src/stm32f4xx_hal_pwr.c.obj
LOAD CMakeFiles/derbi_teller.dir/Drivers/STM32F4xx_HAL_Driver/Src/stm32f4xx_hal_pwr_ex.c.obj
LOAD CMakeFiles/derbi_teller.dir/Drivers/STM32F4xx_HAL_Driver/Src/stm32f4xx_hal_cortex.c.obj
LOAD CMakeFiles/derbi_teller.dir/Drivers/STM32F4xx_HAL_Driver/Src/stm32f4xx_hal.c.obj
LOAD CMakeFiles/derbi_teller.dir/Drivers/STM32F4xx_HAL_Driver/Src/stm32f4xx_hal_exti.c.obj
LOAD CMakeFiles/derbi_teller.dir/Drivers/STM32F4xx_HAL_Driver/Src/stm32f4xx_hal_adc.c.obj
LOAD CMakeFiles/derbi_teller.dir/Drivers/STM32F4xx_HAL_Driver/Src/stm32f4xx_hal_adc_ex.c.obj
LOAD CMakeFiles/derbi_teller.dir/Drivers/STM32F4xx_HAL_Driver/Src/stm32f4xx_ll_adc.c.obj
LOAD CMakeFiles/derbi_teller.dir/Drivers/STM32F4xx_HAL_Driver/Src/stm32f4xx_hal_i2c.c.obj
LOAD CMakeFiles/derbi_teller.dir/Drivers/STM32F4xx_HAL_Driver/Src/stm32f4xx_hal_i2c_ex.c.obj
LOAD CMakeFiles/derbi_teller.dir/Drivers/STM32F4xx_HAL_Driver/Src/stm32f4xx_hal_i2s.c.obj
LOAD CMakeFiles/derbi_teller.dir/Drivers/STM32F4xx_HAL_Driver/Src/stm32f4xx_hal_i2s_ex.c.obj
LOAD CMakeFiles/derbi_teller.dir/Drivers/STM32F4xx_HAL_Driver/Src/stm32f4xx_hal_spi.c.obj
LOAD CMakeFiles/derbi_teller.dir/Drivers/STM32F4xx_HAL_Driver/Src/stm32f4xx_hal_tim.c.obj
LOAD CMakeFiles/derbi_teller.dir/Drivers/STM32F4xx_HAL_Driver/Src/stm32f4xx_hal_tim_ex.c.obj
LOAD CMakeFiles/derbi_teller.dir/Core/Src/system_stm32f4xx.c.obj
LOAD CMakeFiles/derbi_teller.dir/Middlewares/ST/STM32_USB_Host_Library/Core/Src/usbh_core.c.obj
LOAD CMakeFiles/derbi_teller.dir/Middlewares/ST/STM32_USB_Host_Library/Core/Src/usbh_ctlreq.c.obj
LOAD CMakeFiles/derbi_teller.dir/Middlewares/ST/STM32_USB_Host_Library/Core/Src/usbh_ioreq.c.obj
LOAD CMakeFiles/derbi_teller.dir/Middlewares/ST/STM32_USB_Host_Library/Core/Src/usbh_pipes.c.obj
LOAD CMakeFiles/derbi_teller.dir/Middlewares/ST/STM32_USB_Host_Library/Class/CDC/Src/usbh_cdc.c.obj
LOAD CMakeFiles/derbi_teller.dir/Core/Src/sysmem.c.obj
LOAD CMakeFiles/derbi_teller.dir/Core/Src/syscalls.c.obj
LOAD CMakeFiles/derbi_teller.dir/startup_stm32f407xx.s.obj
START GROUP
LOAD C:/ST/STM32CubeCLT_1.15.0/GNU-tools-for-STM32/bin/../lib/gcc/arm-none-eabi/12.3.1/thumb/v7e-m+fp/hard\libgcc.a
LOAD C:/ST/STM32CubeCLT_1.15.0/GNU-tools-for-STM32/bin/../lib/gcc/arm-none-eabi/12.3.1/../../../../arm-none-eabi/lib/thumb/v7e-m+fp/hard\libg_nano.a
LOAD C:/ST/STM32CubeCLT_1.15.0/GNU-tools-for-STM32/bin/../lib/gcc/arm-none-eabi/12.3.1/../../../../arm-none-eabi/lib/thumb/v7e-m+fp/hard\libc_nano.a
END GROUP
START GROUP
LOAD C:/ST/STM32CubeCLT_1.15.0/GNU-tools-for-STM32/bin/../lib/gcc/arm-none-eabi/12.3.1/thumb/v7e-m+fp/hard\libgcc.a
LOAD C:/ST/STM32CubeCLT_1.15.0/GNU-tools-for-STM32/bin/../lib/gcc/arm-none-eabi/12.3.1/../../../../arm-none-eabi/lib/thumb/v7e-m+fp/hard\libc_nano.a
END GROUP
LOAD C:/ST/STM32CubeCLT_1.15.0/GNU-tools-for-STM32/bin/../lib/gcc/arm-none-eabi/12.3.1/thumb/v7e-m+fp/hard/crtend.o
LOAD C:/ST/STM32CubeCLT_1.15.0/GNU-tools-for-STM32/bin/../lib/gcc/arm-none-eabi/12.3.1/thumb/v7e-m+fp/hard/crtn.o
                0x20020000                        _estack = (ORIGIN (RAM) + LENGTH (RAM))
                0x00000200                        _Min_Heap_Size = 0x200
                0x00000400                        _Min_Stack_Size = 0x400

.isr_vector     0x08000000      0x188
                0x08000000                        . = ALIGN (0x4)
 *(.isr_vector)
 .isr_vector    0x08000000      0x188 CMakeFiles/derbi_teller.dir/startup_stm32f407xx.s.obj
                0x08000000                g_pfnVectors
                0x08000188                        . = ALIGN (0x4)

.text           0x08000190     0xaf40
                0x08000190                        . = ALIGN (0x4)
 *(.text)
 .text          0x08000190       0x40 C:/ST/STM32CubeCLT_1.15.0/GNU-tools-for-STM32/bin/../lib/gcc/arm-none-eabi/12.3.1/thumb/v7e-m+fp/hard/crtbegin.o
 .text          0x080001d0       0x30 C:/ST/STM32CubeCLT_1.15.0/GNU-tools-for-STM32/bin/../lib/gcc/arm-none-eabi/12.3.1/thumb/v7e-m+fp/hard\libgcc.a(_aeabi_uldivmod.o)
                0x080001d0                __aeabi_uldivmod
 .text          0x08000200      0x2bc C:/ST/STM32CubeCLT_1.15.0/GNU-tools-for-STM32/bin/../lib/gcc/arm-none-eabi/12.3.1/thumb/v7e-m+fp/hard\libgcc.a(_udivmoddi4.o)
                0x08000200                __udivmoddi4
 .text          0x080004bc        0x4 C:/ST/STM32CubeCLT_1.15.0/GNU-tools-for-STM32/bin/../lib/gcc/arm-none-eabi/12.3.1/thumb/v7e-m+fp/hard\libgcc.a(_dvmd_tls.o)
                0x080004bc                __aeabi_idiv0
                0x080004bc                __aeabi_ldiv0
 .text          0x080004c0       0xa0 C:/ST/STM32CubeCLT_1.15.0/GNU-tools-for-STM32/bin/../lib/gcc/arm-none-eabi/12.3.1/../../../../arm-none-eabi/lib/thumb/v7e-m+fp/hard\libg_nano.a(libc_a-memchr.o)
                0x080004c0                memchr
 *(.text*)
 .text.memset   0x08000560       0x10 C:/ST/STM32CubeCLT_1.15.0/GNU-tools-for-STM32/bin/../lib/gcc/arm-none-eabi/12.3.1/../../../../arm-none-eabi/lib/thumb/v7e-m+fp/hard\libc_nano.a(libc_a-memset.o)
                0x08000560                memset
 .text.__libc_init_array
                0x08000570       0x48 C:/ST/STM32CubeCLT_1.15.0/GNU-tools-for-STM32/bin/../lib/gcc/arm-none-eabi/12.3.1/../../../../arm-none-eabi/lib/thumb/v7e-m+fp/hard\libc_nano.a(libc_a-init.o)
                0x08000570                __libc_init_array
 .text.__retarget_lock_acquire_recursive
                0x080005b8        0x2 C:/ST/STM32CubeCLT_1.15.0/GNU-tools-for-STM32/bin/../lib/gcc/arm-none-eabi/12.3.1/../../../../arm-none-eabi/lib/thumb/v7e-m+fp/hard\libc_nano.a(libc_a-lock.o)
                0x080005b8                __retarget_lock_acquire_recursive
 .text.__retarget_lock_release_recursive
                0x080005ba        0x2 C:/ST/STM32CubeCLT_1.15.0/GNU-tools-for-STM32/bin/../lib/gcc/arm-none-eabi/12.3.1/../../../../arm-none-eabi/lib/thumb/v7e-m+fp/hard\libc_nano.a(libc_a-lock.o)
                0x080005ba                __retarget_lock_release_recursive
 .text._free_r  0x080005bc       0x94 C:/ST/STM32CubeCLT_1.15.0/GNU-tools-for-STM32/bin/../lib/gcc/arm-none-eabi/12.3.1/../../../../arm-none-eabi/lib/thumb/v7e-m+fp/hard\libc_nano.a(libc_a-freer.o)
                0x080005bc                _free_r
 .text.sbrk_aligned
                0x08000650       0x44 C:/ST/STM32CubeCLT_1.15.0/GNU-tools-for-STM32/bin/../lib/gcc/arm-none-eabi/12.3.1/../../../../arm-none-eabi/lib/thumb/v7e-m+fp/hard\libc_nano.a(libc_a-mallocr.o)
 .text._malloc_r
                0x08000694      0x100 C:/ST/STM32CubeCLT_1.15.0/GNU-tools-for-STM32/bin/../lib/gcc/arm-none-eabi/12.3.1/../../../../arm-none-eabi/lib/thumb/v7e-m+fp/hard\libc_nano.a(libc_a-mallocr.o)
                0x08000694                _malloc_r
 .text.__malloc_lock
                0x08000794        0xc C:/ST/STM32CubeCLT_1.15.0/GNU-tools-for-STM32/bin/../lib/gcc/arm-none-eabi/12.3.1/../../../../arm-none-eabi/lib/thumb/v7e-m+fp/hard\libc_nano.a(libc_a-mlock.o)
                0x08000794                __malloc_lock
 .text.__malloc_unlock
                0x080007a0        0xc C:/ST/STM32CubeCLT_1.15.0/GNU-tools-for-STM32/bin/../lib/gcc/arm-none-eabi/12.3.1/../../../../arm-none-eabi/lib/thumb/v7e-m+fp/hard\libc_nano.a(libc_a-mlock.o)
                0x080007a0                __malloc_unlock
 .text._sbrk_r  0x080007ac       0x20 C:/ST/STM32CubeCLT_1.15.0/GNU-tools-for-STM32/bin/../lib/gcc/arm-none-eabi/12.3.1/../../../../arm-none-eabi/lib/thumb/v7e-m+fp/hard\libc_nano.a(libc_a-sbrkr.o)
                0x080007ac                _sbrk_r
 .text.main     0x080007cc      0x104 CMakeFiles/derbi_teller.dir/Core/Src/main.c.obj
                0x080007cc                main
 .text.SystemClock_Config
                0x080008d0       0xd4 CMakeFiles/derbi_teller.dir/Core/Src/main.c.obj
                0x080008d0                SystemClock_Config
 .text.MX_ADC1_Init
                0x080009a4       0xa4 CMakeFiles/derbi_teller.dir/Core/Src/main.c.obj
 .text.MX_ADC2_Init
                0x08000a48       0xa4 CMakeFiles/derbi_teller.dir/Core/Src/main.c.obj
 .text.MX_I2C1_Init
                0x08000aec       0x5c CMakeFiles/derbi_teller.dir/Core/Src/main.c.obj
 .text.MX_I2C3_Init
                0x08000b48       0x5c CMakeFiles/derbi_teller.dir/Core/Src/main.c.obj
 .text.MX_I2S3_Init
                0x08000ba4       0x60 CMakeFiles/derbi_teller.dir/Core/Src/main.c.obj
 .text.MX_SPI1_Init
                0x08000c04       0x6c CMakeFiles/derbi_teller.dir/Core/Src/main.c.obj
 .text.MX_GPIO_Init
                0x08000c70      0x1fc CMakeFiles/derbi_teller.dir/Core/Src/main.c.obj
 .text.Error_Handler
                0x08000e6c        0xc CMakeFiles/derbi_teller.dir/Core/Src/main.c.obj
                0x08000e6c                Error_Handler
 .text.NMI_Handler
                0x08000e78        0x8 CMakeFiles/derbi_teller.dir/Core/Src/stm32f4xx_it.c.obj
                0x08000e78                NMI_Handler
 .text.HardFault_Handler
                0x08000e80        0x8 CMakeFiles/derbi_teller.dir/Core/Src/stm32f4xx_it.c.obj
                0x08000e80                HardFault_Handler
 .text.MemManage_Handler
                0x08000e88        0x8 CMakeFiles/derbi_teller.dir/Core/Src/stm32f4xx_it.c.obj
                0x08000e88                MemManage_Handler
 .text.BusFault_Handler
                0x08000e90        0x8 CMakeFiles/derbi_teller.dir/Core/Src/stm32f4xx_it.c.obj
                0x08000e90                BusFault_Handler
 .text.UsageFault_Handler
                0x08000e98        0x8 CMakeFiles/derbi_teller.dir/Core/Src/stm32f4xx_it.c.obj
                0x08000e98                UsageFault_Handler
 .text.SVC_Handler
                0x08000ea0        0xe CMakeFiles/derbi_teller.dir/Core/Src/stm32f4xx_it.c.obj
                0x08000ea0                SVC_Handler
 .text.DebugMon_Handler
                0x08000eae        0xe CMakeFiles/derbi_teller.dir/Core/Src/stm32f4xx_it.c.obj
                0x08000eae                DebugMon_Handler
 .text.PendSV_Handler
                0x08000ebc        0xe CMakeFiles/derbi_teller.dir/Core/Src/stm32f4xx_it.c.obj
                0x08000ebc                PendSV_Handler
 .text.SysTick_Handler
                0x08000eca        0xc CMakeFiles/derbi_teller.dir/Core/Src/stm32f4xx_it.c.obj
                0x08000eca                SysTick_Handler
 *fill*         0x08000ed6        0x2 
 .text.OTG_FS_IRQHandler
                0x08000ed8       0x14 CMakeFiles/derbi_teller.dir/Core/Src/stm32f4xx_it.c.obj
                0x08000ed8                OTG_FS_IRQHandler
 .text.HAL_MspInit
                0x08000eec       0x50 CMakeFiles/derbi_teller.dir/Core/Src/stm32f4xx_hal_msp.c.obj
                0x08000eec                HAL_MspInit
 .text.HAL_ADC_MspInit
                0x08000f3c       0xe8 CMakeFiles/derbi_teller.dir/Core/Src/stm32f4xx_hal_msp.c.obj
                0x08000f3c                HAL_ADC_MspInit
 .text.HAL_I2C_MspInit
                0x08001024      0x140 CMakeFiles/derbi_teller.dir/Core/Src/stm32f4xx_hal_msp.c.obj
                0x08001024                HAL_I2C_MspInit
 .text.HAL_I2S_MspInit
                0x08001164      0x100 CMakeFiles/derbi_teller.dir/Core/Src/stm32f4xx_hal_msp.c.obj
                0x08001164                HAL_I2S_MspInit
 .text.HAL_SPI_MspInit
                0x08001264       0x90 CMakeFiles/derbi_teller.dir/Core/Src/stm32f4xx_hal_msp.c.obj
                0x08001264                HAL_SPI_MspInit
 .text.MX_USB_HOST_Init
                0x080012f4       0x4c CMakeFiles/derbi_teller.dir/USB_HOST/App/usb_host.c.obj
                0x080012f4                MX_USB_HOST_Init
 .text.MX_USB_HOST_Process
                0x08001340       0x14 CMakeFiles/derbi_teller.dir/USB_HOST/App/usb_host.c.obj
                0x08001340                MX_USB_HOST_Process
 .text.USBH_UserProcess
                0x08001354       0x5c CMakeFiles/derbi_teller.dir/USB_HOST/App/usb_host.c.obj
 .text.HAL_HCD_MspInit
                0x080013b0       0xc4 CMakeFiles/derbi_teller.dir/USB_HOST/Target/usbh_conf.c.obj
                0x080013b0                HAL_HCD_MspInit
 .text.HAL_HCD_SOF_Callback
                0x08001474       0x1c CMakeFiles/derbi_teller.dir/USB_HOST/Target/usbh_conf.c.obj
                0x08001474                HAL_HCD_SOF_Callback
 .text.HAL_HCD_Connect_Callback
                0x08001490       0x1c CMakeFiles/derbi_teller.dir/USB_HOST/Target/usbh_conf.c.obj
                0x08001490                HAL_HCD_Connect_Callback
 .text.HAL_HCD_Disconnect_Callback
                0x080014ac       0x1c CMakeFiles/derbi_teller.dir/USB_HOST/Target/usbh_conf.c.obj
                0x080014ac                HAL_HCD_Disconnect_Callback
 .text.HAL_HCD_HC_NotifyURBChange_Callback
                0x080014c8       0x1c CMakeFiles/derbi_teller.dir/USB_HOST/Target/usbh_conf.c.obj
                0x080014c8                HAL_HCD_HC_NotifyURBChange_Callback
 .text.HAL_HCD_PortEnabled_Callback
                0x080014e4       0x1c CMakeFiles/derbi_teller.dir/USB_HOST/Target/usbh_conf.c.obj
                0x080014e4                HAL_HCD_PortEnabled_Callback
 .text.HAL_HCD_PortDisabled_Callback
                0x08001500       0x1c CMakeFiles/derbi_teller.dir/USB_HOST/Target/usbh_conf.c.obj
                0x08001500                HAL_HCD_PortDisabled_Callback
 .text.USBH_LL_Init
                0x0800151c       0x78 CMakeFiles/derbi_teller.dir/USB_HOST/Target/usbh_conf.c.obj
                0x0800151c                USBH_LL_Init
 .text.USBH_LL_Start
                0x08001594       0x36 CMakeFiles/derbi_teller.dir/USB_HOST/Target/usbh_conf.c.obj
                0x08001594                USBH_LL_Start
 .text.USBH_LL_Stop
                0x080015ca       0x36 CMakeFiles/derbi_teller.dir/USB_HOST/Target/usbh_conf.c.obj
                0x080015ca                USBH_LL_Stop
 .text.USBH_LL_GetSpeed
                0x08001600       0x4e CMakeFiles/derbi_teller.dir/USB_HOST/Target/usbh_conf.c.obj
                0x08001600                USBH_LL_GetSpeed
 .text.USBH_LL_ResetPort
                0x0800164e       0x36 CMakeFiles/derbi_teller.dir/USB_HOST/Target/usbh_conf.c.obj
                0x0800164e                USBH_LL_ResetPort
 .text.USBH_LL_GetLastXferSize
                0x08001684       0x26 CMakeFiles/derbi_teller.dir/USB_HOST/Target/usbh_conf.c.obj
                0x08001684                USBH_LL_GetLastXferSize
 .text.USBH_LL_OpenPipe
                0x080016aa       0x5e CMakeFiles/derbi_teller.dir/USB_HOST/Target/usbh_conf.c.obj
                0x080016aa                USBH_LL_OpenPipe
 .text.USBH_LL_ClosePipe
                0x08001708       0x3e CMakeFiles/derbi_teller.dir/USB_HOST/Target/usbh_conf.c.obj
                0x08001708                USBH_LL_ClosePipe
 .text.USBH_LL_SubmitURB
                0x08001746       0x62 CMakeFiles/derbi_teller.dir/USB_HOST/Target/usbh_conf.c.obj
                0x08001746                USBH_LL_SubmitURB
 .text.USBH_LL_GetURBState
                0x080017a8       0x26 CMakeFiles/derbi_teller.dir/USB_HOST/Target/usbh_conf.c.obj
                0x080017a8                USBH_LL_GetURBState
 .text.USBH_LL_DriverVBUS
                0x080017ce       0x2e CMakeFiles/derbi_teller.dir/USB_HOST/Target/usbh_conf.c.obj
                0x080017ce                USBH_LL_DriverVBUS
 .text.USBH_LL_SetToggle
                0x080017fc       0x66 CMakeFiles/derbi_teller.dir/USB_HOST/Target/usbh_conf.c.obj
                0x080017fc                USBH_LL_SetToggle
 .text.USBH_Delay
                0x08001862       0x16 CMakeFiles/derbi_teller.dir/USB_HOST/Target/usbh_conf.c.obj
                0x08001862                USBH_Delay
 .text.USBH_Get_USB_Status
                0x08001878       0x58 CMakeFiles/derbi_teller.dir/USB_HOST/Target/usbh_conf.c.obj
                0x08001878                USBH_Get_USB_Status
 .text.MX_DriverVbusFS
                0x080018d0       0x38 CMakeFiles/derbi_teller.dir/USB_HOST/Target/usbh_platform.c.obj
                0x080018d0                MX_DriverVbusFS
 .text.SSD1306_Init
                0x08001908      0x1c0 CMakeFiles/derbi_teller.dir/Core/Src/ssd1306.c.obj
                0x08001908                SSD1306_Init
 .text.SSD1306_UpdateScreen
                0x08001ac8       0x68 CMakeFiles/derbi_teller.dir/Core/Src/ssd1306.c.obj
                0x08001ac8                SSD1306_UpdateScreen
 .text.SSD1306_Fill
                0x08001b30       0x30 CMakeFiles/derbi_teller.dir/Core/Src/ssd1306.c.obj
                0x08001b30                SSD1306_Fill
 .text.SSD1306_DrawPixel
                0x08001b60       0xc0 CMakeFiles/derbi_teller.dir/Core/Src/ssd1306.c.obj
                0x08001b60                SSD1306_DrawPixel
 .text.SSD1306_GotoXY
                0x08001c20       0x2c CMakeFiles/derbi_teller.dir/Core/Src/ssd1306.c.obj
                0x08001c20                SSD1306_GotoXY
 .text.SSD1306_Putc
                0x08001c4c       0xfc CMakeFiles/derbi_teller.dir/Core/Src/ssd1306.c.obj
                0x08001c4c                SSD1306_Putc
 .text.SSD1306_Puts
                0x08001d48       0x4a CMakeFiles/derbi_teller.dir/Core/Src/ssd1306.c.obj
                0x08001d48                SSD1306_Puts
 .text.SSD1306_DrawLine
                0x08001d92      0x1f6 CMakeFiles/derbi_teller.dir/Core/Src/ssd1306.c.obj
                0x08001d92                SSD1306_DrawLine
 .text.SSD1306_DrawFilledRectangle
                0x08001f88       0x9a CMakeFiles/derbi_teller.dir/Core/Src/ssd1306.c.obj
                0x08001f88                SSD1306_DrawFilledRectangle
 *fill*         0x08002022        0x2 
 .text.ssd1306_I2C_Init
                0x08002024       0x2c CMakeFiles/derbi_teller.dir/Core/Src/ssd1306.c.obj
                0x08002024                ssd1306_I2C_Init
 .text.ssd1306_I2C_WriteMulti
                0x08002050       0xc0 CMakeFiles/derbi_teller.dir/Core/Src/ssd1306.c.obj
                0x08002050                ssd1306_I2C_WriteMulti
 .text.ssd1306_I2C_Write
                0x08002110       0x3e CMakeFiles/derbi_teller.dir/Core/Src/ssd1306.c.obj
                0x08002110                ssd1306_I2C_Write
 *fill*         0x0800214e        0x2 
 .text.buttons  0x08002150      0x140 CMakeFiles/derbi_teller.dir/Core/Src/buttons.c.obj
                0x08002150                buttons
 .text.speed    0x08002290      0x158 CMakeFiles/derbi_teller.dir/Core/Src/speed.c.obj
                0x08002290                speed
 .text.HAL_HCD_Init
                0x080023e8       0xce CMakeFiles/derbi_teller.dir/Drivers/STM32F4xx_HAL_Driver/Src/stm32f4xx_hal_hcd.c.obj
                0x080023e8                HAL_HCD_Init
 .text.HAL_HCD_HC_Init
                0x080024b6      0x170 CMakeFiles/derbi_teller.dir/Drivers/STM32F4xx_HAL_Driver/Src/stm32f4xx_hal_hcd.c.obj
                0x080024b6                HAL_HCD_HC_Init
 .text.HAL_HCD_HC_Halt
                0x08002626       0x46 CMakeFiles/derbi_teller.dir/Drivers/STM32F4xx_HAL_Driver/Src/stm32f4xx_hal_hcd.c.obj
                0x08002626                HAL_HCD_HC_Halt
 .text.HAL_HCD_HC_SubmitRequest
                0x0800266c      0x33c CMakeFiles/derbi_teller.dir/Drivers/STM32F4xx_HAL_Driver/Src/stm32f4xx_hal_hcd.c.obj
                0x0800266c                HAL_HCD_HC_SubmitRequest
 .text.HAL_HCD_IRQHandler
                0x080029a8      0x220 CMakeFiles/derbi_teller.dir/Drivers/STM32F4xx_HAL_Driver/Src/stm32f4xx_hal_hcd.c.obj
                0x080029a8                HAL_HCD_IRQHandler
 .text.HAL_HCD_Start
                0x08002bc8       0x46 CMakeFiles/derbi_teller.dir/Drivers/STM32F4xx_HAL_Driver/Src/stm32f4xx_hal_hcd.c.obj
                0x08002bc8                HAL_HCD_Start
 .text.HAL_HCD_Stop
                0x08002c0e       0x3a CMakeFiles/derbi_teller.dir/Drivers/STM32F4xx_HAL_Driver/Src/stm32f4xx_hal_hcd.c.obj
                0x08002c0e                HAL_HCD_Stop
 .text.HAL_HCD_ResetPort
                0x08002c48       0x1c CMakeFiles/derbi_teller.dir/Drivers/STM32F4xx_HAL_Driver/Src/stm32f4xx_hal_hcd.c.obj
                0x08002c48                HAL_HCD_ResetPort
 .text.HAL_HCD_HC_GetURBState
                0x08002c64       0x2a CMakeFiles/derbi_teller.dir/Drivers/STM32F4xx_HAL_Driver/Src/stm32f4xx_hal_hcd.c.obj
                0x08002c64                HAL_HCD_HC_GetURBState
 .text.HAL_HCD_HC_GetXferCount
                0x08002c8e       0x2a CMakeFiles/derbi_teller.dir/Drivers/STM32F4xx_HAL_Driver/Src/stm32f4xx_hal_hcd.c.obj
                0x08002c8e                HAL_HCD_HC_GetXferCount
 .text.HAL_HCD_GetCurrentFrame
                0x08002cb8       0x1c CMakeFiles/derbi_teller.dir/Drivers/STM32F4xx_HAL_Driver/Src/stm32f4xx_hal_hcd.c.obj
                0x08002cb8                HAL_HCD_GetCurrentFrame
 .text.HAL_HCD_GetCurrentSpeed
                0x08002cd4       0x1c CMakeFiles/derbi_teller.dir/Drivers/STM32F4xx_HAL_Driver/Src/stm32f4xx_hal_hcd.c.obj
                0x08002cd4                HAL_HCD_GetCurrentSpeed
 .text.HAL_HCD_HC_ClearHubInfo
                0x08002cf0       0x6a CMakeFiles/derbi_teller.dir/Drivers/STM32F4xx_HAL_Driver/Src/stm32f4xx_hal_hcd.c.obj
                0x08002cf0                HAL_HCD_HC_ClearHubInfo
 .text.HCD_HC_IN_IRQHandler
                0x08002d5a      0xcd2 CMakeFiles/derbi_teller.dir/Drivers/STM32F4xx_HAL_Driver/Src/stm32f4xx_hal_hcd.c.obj
 .text.HCD_HC_OUT_IRQHandler
                0x08003a2c      0x97e CMakeFiles/derbi_teller.dir/Drivers/STM32F4xx_HAL_Driver/Src/stm32f4xx_hal_hcd.c.obj
 .text.HCD_RXQLVL_IRQHandler
                0x080043aa      0x1be CMakeFiles/derbi_teller.dir/Drivers/STM32F4xx_HAL_Driver/Src/stm32f4xx_hal_hcd.c.obj
 .text.HCD_Port_IRQHandler
                0x08004568       0xe6 CMakeFiles/derbi_teller.dir/Drivers/STM32F4xx_HAL_Driver/Src/stm32f4xx_hal_hcd.c.obj
 .text.USB_CoreInit
                0x0800464e       0xc8 CMakeFiles/derbi_teller.dir/Drivers/STM32F4xx_HAL_Driver/Src/stm32f4xx_ll_usb.c.obj
                0x0800464e                USB_CoreInit
 .text.USB_EnableGlobalInt
                0x08004716       0x22 CMakeFiles/derbi_teller.dir/Drivers/STM32F4xx_HAL_Driver/Src/stm32f4xx_ll_usb.c.obj
                0x08004716                USB_EnableGlobalInt
 .text.USB_DisableGlobalInt
                0x08004738       0x22 CMakeFiles/derbi_teller.dir/Drivers/STM32F4xx_HAL_Driver/Src/stm32f4xx_ll_usb.c.obj
                0x08004738                USB_DisableGlobalInt
 .text.USB_SetCurrentMode
                0x0800475a       0x98 CMakeFiles/derbi_teller.dir/Drivers/STM32F4xx_HAL_Driver/Src/stm32f4xx_ll_usb.c.obj
                0x0800475a                USB_SetCurrentMode
 .text.USB_FlushTxFifo
                0x080047f2       0x64 CMakeFiles/derbi_teller.dir/Drivers/STM32F4xx_HAL_Driver/Src/stm32f4xx_ll_usb.c.obj
                0x080047f2                USB_FlushTxFifo
 .text.USB_FlushRxFifo
                0x08004856       0x5c CMakeFiles/derbi_teller.dir/Drivers/STM32F4xx_HAL_Driver/Src/stm32f4xx_ll_usb.c.obj
                0x08004856                USB_FlushRxFifo
 .text.USB_WritePacket
                0x080048b2       0x7c CMakeFiles/derbi_teller.dir/Drivers/STM32F4xx_HAL_Driver/Src/stm32f4xx_ll_usb.c.obj
                0x080048b2                USB_WritePacket
 .text.USB_ReadPacket
                0x0800492e       0xb0 CMakeFiles/derbi_teller.dir/Drivers/STM32F4xx_HAL_Driver/Src/stm32f4xx_ll_usb.c.obj
                0x0800492e                USB_ReadPacket
 .text.USB_ReadInterrupts
                0x080049de       0x26 CMakeFiles/derbi_teller.dir/Drivers/STM32F4xx_HAL_Driver/Src/stm32f4xx_ll_usb.c.obj
                0x080049de                USB_ReadInterrupts
 .text.USB_ReadChInterrupts
                0x08004a04       0x42 CMakeFiles/derbi_teller.dir/Drivers/STM32F4xx_HAL_Driver/Src/stm32f4xx_ll_usb.c.obj
                0x08004a04                USB_ReadChInterrupts
 .text.USB_GetMode
                0x08004a46       0x1c CMakeFiles/derbi_teller.dir/Drivers/STM32F4xx_HAL_Driver/Src/stm32f4xx_ll_usb.c.obj
                0x08004a46                USB_GetMode
 .text.USB_CoreReset
                0x08004a62       0x62 CMakeFiles/derbi_teller.dir/Drivers/STM32F4xx_HAL_Driver/Src/stm32f4xx_ll_usb.c.obj
 .text.USB_HostInit
                0x08004ac4      0x188 CMakeFiles/derbi_teller.dir/Drivers/STM32F4xx_HAL_Driver/Src/stm32f4xx_ll_usb.c.obj
                0x08004ac4                USB_HostInit
 .text.USB_InitFSLSPClkSel
                0x08004c4c       0x7a CMakeFiles/derbi_teller.dir/Drivers/STM32F4xx_HAL_Driver/Src/stm32f4xx_ll_usb.c.obj
                0x08004c4c                USB_InitFSLSPClkSel
 .text.USB_ResetPort
                0x08004cc6       0x54 CMakeFiles/derbi_teller.dir/Drivers/STM32F4xx_HAL_Driver/Src/stm32f4xx_ll_usb.c.obj
                0x08004cc6                USB_ResetPort
 .text.USB_DriveVbus
                0x08004d1a       0x72 CMakeFiles/derbi_teller.dir/Drivers/STM32F4xx_HAL_Driver/Src/stm32f4xx_ll_usb.c.obj
                0x08004d1a                USB_DriveVbus
 .text.USB_GetHostSpeed
                0x08004d8c       0x2e CMakeFiles/derbi_teller.dir/Drivers/STM32F4xx_HAL_Driver/Src/stm32f4xx_ll_usb.c.obj
                0x08004d8c                USB_GetHostSpeed
 .text.USB_GetCurrentFrame
                0x08004dba       0x22 CMakeFiles/derbi_teller.dir/Drivers/STM32F4xx_HAL_Driver/Src/stm32f4xx_ll_usb.c.obj
                0x08004dba                USB_GetCurrentFrame
 .text.USB_HC_Init
                0x08004ddc      0x258 CMakeFiles/derbi_teller.dir/Drivers/STM32F4xx_HAL_Driver/Src/stm32f4xx_ll_usb.c.obj
                0x08004ddc                USB_HC_Init
 .text.USB_HC_StartXfer
                0x08005034      0x4f4 CMakeFiles/derbi_teller.dir/Drivers/STM32F4xx_HAL_Driver/Src/stm32f4xx_ll_usb.c.obj
                0x08005034                USB_HC_StartXfer
 .text.USB_HC_ReadInterrupt
                0x08005528       0x22 CMakeFiles/derbi_teller.dir/Drivers/STM32F4xx_HAL_Driver/Src/stm32f4xx_ll_usb.c.obj
                0x08005528                USB_HC_ReadInterrupt
 .text.USB_HC_Halt
                0x0800554a      0x240 CMakeFiles/derbi_teller.dir/Drivers/STM32F4xx_HAL_Driver/Src/stm32f4xx_ll_usb.c.obj
                0x0800554a                USB_HC_Halt
 *fill*         0x0800578a        0x2 
 .text.USB_DoPing
                0x0800578c       0x78 CMakeFiles/derbi_teller.dir/Drivers/STM32F4xx_HAL_Driver/Src/stm32f4xx_ll_usb.c.obj
                0x0800578c                USB_DoPing
 .text.USB_StopHost
                0x08005804      0x124 CMakeFiles/derbi_teller.dir/Drivers/STM32F4xx_HAL_Driver/Src/stm32f4xx_ll_usb.c.obj
                0x08005804                USB_StopHost
 .text.HAL_RCC_OscConfig
                0x08005928      0x4f0 CMakeFiles/derbi_teller.dir/Drivers/STM32F4xx_HAL_Driver/Src/stm32f4xx_hal_rcc.c.obj
                0x08005928                HAL_RCC_OscConfig
 .text.HAL_RCC_ClockConfig
                0x08005e18      0x1cc CMakeFiles/derbi_teller.dir/Drivers/STM32F4xx_HAL_Driver/Src/stm32f4xx_hal_rcc.c.obj
                0x08005e18                HAL_RCC_ClockConfig
 .text.HAL_RCC_GetSysClockFreq
                0x08005fe4      0x20c CMakeFiles/derbi_teller.dir/Drivers/STM32F4xx_HAL_Driver/Src/stm32f4xx_hal_rcc.c.obj
                0x08005fe4                HAL_RCC_GetSysClockFreq
 .text.HAL_RCC_GetHCLKFreq
                0x080061f0       0x18 CMakeFiles/derbi_teller.dir/Drivers/STM32F4xx_HAL_Driver/Src/stm32f4xx_hal_rcc.c.obj
                0x080061f0                HAL_RCC_GetHCLKFreq
 .text.HAL_RCC_GetPCLK1Freq
                0x08006208       0x28 CMakeFiles/derbi_teller.dir/Drivers/STM32F4xx_HAL_Driver/Src/stm32f4xx_hal_rcc.c.obj
                0x08006208                HAL_RCC_GetPCLK1Freq
 .text.HAL_RCCEx_PeriphCLKConfig
                0x08006230      0x1c4 CMakeFiles/derbi_teller.dir/Drivers/STM32F4xx_HAL_Driver/Src/stm32f4xx_hal_rcc_ex.c.obj
                0x08006230                HAL_RCCEx_PeriphCLKConfig
 .text.HAL_RCCEx_GetPeriphCLKFreq
                0x080063f4       0xc0 CMakeFiles/derbi_teller.dir/Drivers/STM32F4xx_HAL_Driver/Src/stm32f4xx_hal_rcc_ex.c.obj
                0x080063f4                HAL_RCCEx_GetPeriphCLKFreq
 .text.HAL_GPIO_Init
                0x080064b4      0x338 CMakeFiles/derbi_teller.dir/Drivers/STM32F4xx_HAL_Driver/Src/stm32f4xx_hal_gpio.c.obj
                0x080064b4                HAL_GPIO_Init
 .text.HAL_GPIO_WritePin
                0x080067ec       0x32 CMakeFiles/derbi_teller.dir/Drivers/STM32F4xx_HAL_Driver/Src/stm32f4xx_hal_gpio.c.obj
                0x080067ec                HAL_GPIO_WritePin
 *fill*         0x0800681e        0x2 
 .text.__NVIC_SetPriorityGrouping
                0x08006820       0x48 CMakeFiles/derbi_teller.dir/Drivers/STM32F4xx_HAL_Driver/Src/stm32f4xx_hal_cortex.c.obj
 .text.__NVIC_GetPriorityGrouping
                0x08006868       0x1c CMakeFiles/derbi_teller.dir/Drivers/STM32F4xx_HAL_Driver/Src/stm32f4xx_hal_cortex.c.obj
 .text.__NVIC_EnableIRQ
                0x08006884       0x3c CMakeFiles/derbi_teller.dir/Drivers/STM32F4xx_HAL_Driver/Src/stm32f4xx_hal_cortex.c.obj
 .text.__NVIC_SetPriority
                0x080068c0       0x54 CMakeFiles/derbi_teller.dir/Drivers/STM32F4xx_HAL_Driver/Src/stm32f4xx_hal_cortex.c.obj
 .text.NVIC_EncodePriority
                0x08006914       0x66 CMakeFiles/derbi_teller.dir/Drivers/STM32F4xx_HAL_Driver/Src/stm32f4xx_hal_cortex.c.obj
 *fill*         0x0800697a        0x2 
 .text.SysTick_Config
                0x0800697c       0x44 CMakeFiles/derbi_teller.dir/Drivers/STM32F4xx_HAL_Driver/Src/stm32f4xx_hal_cortex.c.obj
 .text.HAL_NVIC_SetPriorityGrouping
                0x080069c0       0x16 CMakeFiles/derbi_teller.dir/Drivers/STM32F4xx_HAL_Driver/Src/stm32f4xx_hal_cortex.c.obj
                0x080069c0                HAL_NVIC_SetPriorityGrouping
 .text.HAL_NVIC_SetPriority
                0x080069d6       0x38 CMakeFiles/derbi_teller.dir/Drivers/STM32F4xx_HAL_Driver/Src/stm32f4xx_hal_cortex.c.obj
                0x080069d6                HAL_NVIC_SetPriority
 .text.HAL_NVIC_EnableIRQ
                0x08006a0e       0x1c CMakeFiles/derbi_teller.dir/Drivers/STM32F4xx_HAL_Driver/Src/stm32f4xx_hal_cortex.c.obj
                0x08006a0e                HAL_NVIC_EnableIRQ
 .text.HAL_SYSTICK_Config
                0x08006a2a       0x18 CMakeFiles/derbi_teller.dir/Drivers/STM32F4xx_HAL_Driver/Src/stm32f4xx_hal_cortex.c.obj
                0x08006a2a                HAL_SYSTICK_Config
 *fill*         0x08006a42        0x2 
 .text.HAL_Init
                0x08006a44       0x44 CMakeFiles/derbi_teller.dir/Drivers/STM32F4xx_HAL_Driver/Src/stm32f4xx_hal.c.obj
                0x08006a44                HAL_Init
 .text.HAL_InitTick
                0x08006a88       0x60 CMakeFiles/derbi_teller.dir/Drivers/STM32F4xx_HAL_Driver/Src/stm32f4xx_hal.c.obj
                0x08006a88                HAL_InitTick
 .text.HAL_IncTick
                0x08006ae8       0x28 CMakeFiles/derbi_teller.dir/Drivers/STM32F4xx_HAL_Driver/Src/stm32f4xx_hal.c.obj
                0x08006ae8                HAL_IncTick
 .text.HAL_GetTick
                0x08006b10       0x18 CMakeFiles/derbi_teller.dir/Drivers/STM32F4xx_HAL_Driver/Src/stm32f4xx_hal.c.obj
                0x08006b10                HAL_GetTick
 .text.HAL_Delay
                0x08006b28       0x48 CMakeFiles/derbi_teller.dir/Drivers/STM32F4xx_HAL_Driver/Src/stm32f4xx_hal.c.obj
                0x08006b28                HAL_Delay
 .text.HAL_ADC_Init
                0x08006b70       0x86 CMakeFiles/derbi_teller.dir/Drivers/STM32F4xx_HAL_Driver/Src/stm32f4xx_hal_adc.c.obj
                0x08006b70                HAL_ADC_Init
 *fill*         0x08006bf6        0x2 
 .text.HAL_ADC_Start
                0x08006bf8      0x1a4 CMakeFiles/derbi_teller.dir/Drivers/STM32F4xx_HAL_Driver/Src/stm32f4xx_hal_adc.c.obj
                0x08006bf8                HAL_ADC_Start
 .text.HAL_ADC_GetValue
                0x08006d9c       0x1a CMakeFiles/derbi_teller.dir/Drivers/STM32F4xx_HAL_Driver/Src/stm32f4xx_hal_adc.c.obj
                0x08006d9c                HAL_ADC_GetValue
 *fill*         0x08006db6        0x2 
 .text.HAL_ADC_ConfigChannel
                0x08006db8      0x244 CMakeFiles/derbi_teller.dir/Drivers/STM32F4xx_HAL_Driver/Src/stm32f4xx_hal_adc.c.obj
                0x08006db8                HAL_ADC_ConfigChannel
 .text.ADC_Init
                0x08006ffc      0x1f8 CMakeFiles/derbi_teller.dir/Drivers/STM32F4xx_HAL_Driver/Src/stm32f4xx_hal_adc.c.obj
 .text.HAL_I2C_Init
                0x080071f4      0x288 CMakeFiles/derbi_teller.dir/Drivers/STM32F4xx_HAL_Driver/Src/stm32f4xx_hal_i2c.c.obj
                0x080071f4                HAL_I2C_Init
 .text.HAL_I2C_Master_Transmit
                0x0800747c      0x1fc CMakeFiles/derbi_teller.dir/Drivers/STM32F4xx_HAL_Driver/Src/stm32f4xx_hal_i2c.c.obj
                0x0800747c                HAL_I2C_Master_Transmit
 .text.HAL_I2C_IsDeviceReady
                0x08007678      0x25c CMakeFiles/derbi_teller.dir/Drivers/STM32F4xx_HAL_Driver/Src/stm32f4xx_hal_i2c.c.obj
                0x08007678                HAL_I2C_IsDeviceReady
 .text.I2C_MasterRequestWrite
                0x080078d4      0x104 CMakeFiles/derbi_teller.dir/Drivers/STM32F4xx_HAL_Driver/Src/stm32f4xx_hal_i2c.c.obj
 .text.I2C_WaitOnFlagUntilTimeout
                0x080079d8       0xf4 CMakeFiles/derbi_teller.dir/Drivers/STM32F4xx_HAL_Driver/Src/stm32f4xx_hal_i2c.c.obj
 .text.I2C_WaitOnMasterAddressFlagUntilTimeout
                0x08007acc      0x140 CMakeFiles/derbi_teller.dir/Drivers/STM32F4xx_HAL_Driver/Src/stm32f4xx_hal_i2c.c.obj
 .text.I2C_WaitOnTXEFlagUntilTimeout
                0x08007c0c       0x90 CMakeFiles/derbi_teller.dir/Drivers/STM32F4xx_HAL_Driver/Src/stm32f4xx_hal_i2c.c.obj
 .text.I2C_WaitOnBTFFlagUntilTimeout
                0x08007c9c       0x90 CMakeFiles/derbi_teller.dir/Drivers/STM32F4xx_HAL_Driver/Src/stm32f4xx_hal_i2c.c.obj
 .text.I2C_IsAcknowledgeFailed
                0x08007d2c       0x5e CMakeFiles/derbi_teller.dir/Drivers/STM32F4xx_HAL_Driver/Src/stm32f4xx_hal_i2c.c.obj
 *fill*         0x08007d8a        0x2 
 .text.HAL_I2S_Init
                0x08007d8c      0x280 CMakeFiles/derbi_teller.dir/Drivers/STM32F4xx_HAL_Driver/Src/stm32f4xx_hal_i2s.c.obj
                0x08007d8c                HAL_I2S_Init
 .text.HAL_I2S_TxCpltCallback
                0x0800800c       0x14 CMakeFiles/derbi_teller.dir/Drivers/STM32F4xx_HAL_Driver/Src/stm32f4xx_hal_i2s.c.obj
                0x0800800c                HAL_I2S_TxCpltCallback
 .text.HAL_I2S_RxCpltCallback
                0x08008020       0x14 CMakeFiles/derbi_teller.dir/Drivers/STM32F4xx_HAL_Driver/Src/stm32f4xx_hal_i2s.c.obj
                0x08008020                HAL_I2S_RxCpltCallback
 .text.HAL_I2S_ErrorCallback
                0x08008034       0x14 CMakeFiles/derbi_teller.dir/Drivers/STM32F4xx_HAL_Driver/Src/stm32f4xx_hal_i2s.c.obj
                0x08008034                HAL_I2S_ErrorCallback
 .text.I2S_Transmit_IT
                0x08008048       0x5c CMakeFiles/derbi_teller.dir/Drivers/STM32F4xx_HAL_Driver/Src/stm32f4xx_hal_i2s.c.obj
 .text.I2S_Receive_IT
                0x080080a4       0x5e CMakeFiles/derbi_teller.dir/Drivers/STM32F4xx_HAL_Driver/Src/stm32f4xx_hal_i2s.c.obj
 .text.I2S_IRQHandler
                0x08008102      0x114 CMakeFiles/derbi_teller.dir/Drivers/STM32F4xx_HAL_Driver/Src/stm32f4xx_hal_i2s.c.obj
 *fill*         0x08008216        0x2 
 .text.HAL_I2SEx_FullDuplex_IRQHandler
                0x08008218      0x2a8 CMakeFiles/derbi_teller.dir/Drivers/STM32F4xx_HAL_Driver/Src/stm32f4xx_hal_i2s_ex.c.obj
                0x08008218                HAL_I2SEx_FullDuplex_IRQHandler
 .text.HAL_I2SEx_TxRxCpltCallback
                0x080084c0       0x14 CMakeFiles/derbi_teller.dir/Drivers/STM32F4xx_HAL_Driver/Src/stm32f4xx_hal_i2s_ex.c.obj
                0x080084c0                HAL_I2SEx_TxRxCpltCallback
 .text.I2SEx_TxISR_I2S
                0x080084d4       0x62 CMakeFiles/derbi_teller.dir/Drivers/STM32F4xx_HAL_Driver/Src/stm32f4xx_hal_i2s_ex.c.obj
 *fill*         0x08008536        0x2 
 .text.I2SEx_TxISR_I2SExt
                0x08008538       0x98 CMakeFiles/derbi_teller.dir/Drivers/STM32F4xx_HAL_Driver/Src/stm32f4xx_hal_i2s_ex.c.obj
 .text.I2SEx_RxISR_I2S
                0x080085d0       0x64 CMakeFiles/derbi_teller.dir/Drivers/STM32F4xx_HAL_Driver/Src/stm32f4xx_hal_i2s_ex.c.obj
 .text.I2SEx_RxISR_I2SExt
                0x08008634       0x98 CMakeFiles/derbi_teller.dir/Drivers/STM32F4xx_HAL_Driver/Src/stm32f4xx_hal_i2s_ex.c.obj
 .text.HAL_SPI_Init
                0x080086cc      0x112 CMakeFiles/derbi_teller.dir/Drivers/STM32F4xx_HAL_Driver/Src/stm32f4xx_hal_spi.c.obj
                0x080086cc                HAL_SPI_Init
 *fill*         0x080087de        0x2 
 .text.SystemInit
                0x080087e0       0x24 CMakeFiles/derbi_teller.dir/Core/Src/system_stm32f4xx.c.obj
                0x080087e0                SystemInit
 .text.USBH_Init
                0x08008804       0x74 CMakeFiles/derbi_teller.dir/Middlewares/ST/STM32_USB_Host_Library/Core/Src/usbh_core.c.obj
                0x08008804                USBH_Init
 .text.DeInitStateMachine
                0x08008878       0xe6 CMakeFiles/derbi_teller.dir/Middlewares/ST/STM32_USB_Host_Library/Core/Src/usbh_core.c.obj
 .text.USBH_RegisterClass
                0x0800895e       0x54 CMakeFiles/derbi_teller.dir/Middlewares/ST/STM32_USB_Host_Library/Core/Src/usbh_core.c.obj
                0x0800895e                USBH_RegisterClass
 .text.USBH_SelectInterface
                0x080089b2       0x38 CMakeFiles/derbi_teller.dir/Middlewares/ST/STM32_USB_Host_Library/Core/Src/usbh_core.c.obj
                0x080089b2                USBH_SelectInterface
 .text.USBH_FindInterface
                0x080089ea       0x8c CMakeFiles/derbi_teller.dir/Middlewares/ST/STM32_USB_Host_Library/Core/Src/usbh_core.c.obj
                0x080089ea                USBH_FindInterface
 .text.USBH_Start
                0x08008a76       0x20 CMakeFiles/derbi_teller.dir/Middlewares/ST/STM32_USB_Host_Library/Core/Src/usbh_core.c.obj
                0x08008a76                USBH_Start
 *fill*         0x08008a96        0x2 
 .text.USBH_Process
                0x08008a98      0x3d0 CMakeFiles/derbi_teller.dir/Middlewares/ST/STM32_USB_Host_Library/Core/Src/usbh_core.c.obj
                0x08008a98                USBH_Process
 .text.USBH_HandleEnum
                0x08008e68      0x3c0 CMakeFiles/derbi_teller.dir/Middlewares/ST/STM32_USB_Host_Library/Core/Src/usbh_core.c.obj
 .text.USBH_LL_SetTimer
                0x08009228       0x1e CMakeFiles/derbi_teller.dir/Middlewares/ST/STM32_USB_Host_Library/Core/Src/usbh_core.c.obj
                0x08009228                USBH_LL_SetTimer
 .text.USBH_LL_IncTimer
                0x08009246       0x24 CMakeFiles/derbi_teller.dir/Middlewares/ST/STM32_USB_Host_Library/Core/Src/usbh_core.c.obj
                0x08009246                USBH_LL_IncTimer
 .text.USBH_HandleSof
                0x0800926a       0x30 CMakeFiles/derbi_teller.dir/Middlewares/ST/STM32_USB_Host_Library/Core/Src/usbh_core.c.obj
 .text.USBH_LL_PortEnabled
                0x0800929a       0x1c CMakeFiles/derbi_teller.dir/Middlewares/ST/STM32_USB_Host_Library/Core/Src/usbh_core.c.obj
                0x0800929a                USBH_LL_PortEnabled
 .text.USBH_LL_PortDisabled
                0x080092b6       0x1c CMakeFiles/derbi_teller.dir/Middlewares/ST/STM32_USB_Host_Library/Core/Src/usbh_core.c.obj
                0x080092b6                USBH_LL_PortDisabled
 .text.USBH_LL_Connect
                0x080092d2       0x2e CMakeFiles/derbi_teller.dir/Middlewares/ST/STM32_USB_Host_Library/Core/Src/usbh_core.c.obj
                0x080092d2                USBH_LL_Connect
 .text.USBH_LL_Disconnect
                0x08009300       0x48 CMakeFiles/derbi_teller.dir/Middlewares/ST/STM32_USB_Host_Library/Core/Src/usbh_core.c.obj
                0x08009300                USBH_LL_Disconnect
 .text.USBH_Get_DevDesc
                0x08009348       0x58 CMakeFiles/derbi_teller.dir/Middlewares/ST/STM32_USB_Host_Library/Core/Src/usbh_ctlreq.c.obj
                0x08009348                USBH_Get_DevDesc
 .text.USBH_Get_CfgDesc
                0x080093a0       0x54 CMakeFiles/derbi_teller.dir/Middlewares/ST/STM32_USB_Host_Library/Core/Src/usbh_ctlreq.c.obj
                0x080093a0                USBH_Get_CfgDesc
 .text.USBH_Get_StringDesc
                0x080093f4       0x68 CMakeFiles/derbi_teller.dir/Middlewares/ST/STM32_USB_Host_Library/Core/Src/usbh_ctlreq.c.obj
                0x080093f4                USBH_Get_StringDesc
 .text.USBH_GetDescriptor
                0x0800945c       0x6a CMakeFiles/derbi_teller.dir/Middlewares/ST/STM32_USB_Host_Library/Core/Src/usbh_ctlreq.c.obj
                0x0800945c                USBH_GetDescriptor
 .text.USBH_SetAddress
                0x080094c6       0x48 CMakeFiles/derbi_teller.dir/Middlewares/ST/STM32_USB_Host_Library/Core/Src/usbh_ctlreq.c.obj
                0x080094c6                USBH_SetAddress
 .text.USBH_SetCfg
                0x0800950e       0x46 CMakeFiles/derbi_teller.dir/Middlewares/ST/STM32_USB_Host_Library/Core/Src/usbh_ctlreq.c.obj
                0x0800950e                USBH_SetCfg
 .text.USBH_SetFeature
                0x08009554       0x48 CMakeFiles/derbi_teller.dir/Middlewares/ST/STM32_USB_Host_Library/Core/Src/usbh_ctlreq.c.obj
                0x08009554                USBH_SetFeature
 .text.USBH_ClrFeature
                0x0800959c       0x48 CMakeFiles/derbi_teller.dir/Middlewares/ST/STM32_USB_Host_Library/Core/Src/usbh_ctlreq.c.obj
                0x0800959c                USBH_ClrFeature
 .text.USBH_ParseDevDesc
                0x080095e4      0x160 CMakeFiles/derbi_teller.dir/Middlewares/ST/STM32_USB_Host_Library/Core/Src/usbh_ctlreq.c.obj
 .text.USBH_ParseCfgDesc
                0x08009744      0x1f0 CMakeFiles/derbi_teller.dir/Middlewares/ST/STM32_USB_Host_Library/Core/Src/usbh_ctlreq.c.obj
 .text.USBH_ParseInterfaceDesc
                0x08009934       0x68 CMakeFiles/derbi_teller.dir/Middlewares/ST/STM32_USB_Host_Library/Core/Src/usbh_ctlreq.c.obj
 .text.USBH_ParseEPDesc
                0x0800999c      0x1d0 CMakeFiles/derbi_teller.dir/Middlewares/ST/STM32_USB_Host_Library/Core/Src/usbh_ctlreq.c.obj
 .text.USBH_ParseStringDesc
                0x08009b6c       0x66 CMakeFiles/derbi_teller.dir/Middlewares/ST/STM32_USB_Host_Library/Core/Src/usbh_ctlreq.c.obj
 .text.USBH_GetNextDesc
                0x08009bd2       0x34 CMakeFiles/derbi_teller.dir/Middlewares/ST/STM32_USB_Host_Library/Core/Src/usbh_ctlreq.c.obj
                0x08009bd2                USBH_GetNextDesc
 .text.USBH_CtlReq
                0x08009c06       0x7a CMakeFiles/derbi_teller.dir/Middlewares/ST/STM32_USB_Host_Library/Core/Src/usbh_ctlreq.c.obj
                0x08009c06                USBH_CtlReq
 .text.USBH_HandleControl
                0x08009c80      0x2e8 CMakeFiles/derbi_teller.dir/Middlewares/ST/STM32_USB_Host_Library/Core/Src/usbh_ctlreq.c.obj
 .text.USBH_CtlSendSetup
                0x08009f68       0x34 CMakeFiles/derbi_teller.dir/Middlewares/ST/STM32_USB_Host_Library/Core/Src/usbh_ioreq.c.obj
                0x08009f68                USBH_CtlSendSetup
 .text.USBH_CtlSendData
                0x08009f9c       0x4a CMakeFiles/derbi_teller.dir/Middlewares/ST/STM32_USB_Host_Library/Core/Src/usbh_ioreq.c.obj
                0x08009f9c                USBH_CtlSendData
 .text.USBH_CtlReceiveData
                0x08009fe6       0x3c CMakeFiles/derbi_teller.dir/Middlewares/ST/STM32_USB_Host_Library/Core/Src/usbh_ioreq.c.obj
                0x08009fe6                USBH_CtlReceiveData
 .text.USBH_BulkSendData
                0x0800a022       0x4a CMakeFiles/derbi_teller.dir/Middlewares/ST/STM32_USB_Host_Library/Core/Src/usbh_ioreq.c.obj
                0x0800a022                USBH_BulkSendData
 .text.USBH_BulkReceiveData
                0x0800a06c       0x3c CMakeFiles/derbi_teller.dir/Middlewares/ST/STM32_USB_Host_Library/Core/Src/usbh_ioreq.c.obj
                0x0800a06c                USBH_BulkReceiveData
 .text.USBH_OpenPipe
                0x0800a0a8       0x3e CMakeFiles/derbi_teller.dir/Middlewares/ST/STM32_USB_Host_Library/Core/Src/usbh_pipes.c.obj
                0x0800a0a8                USBH_OpenPipe
 .text.USBH_ClosePipe
                0x0800a0e6       0x20 CMakeFiles/derbi_teller.dir/Middlewares/ST/STM32_USB_Host_Library/Core/Src/usbh_pipes.c.obj
                0x0800a0e6                USBH_ClosePipe
 .text.USBH_AllocPipe
                0x0800a106       0x42 CMakeFiles/derbi_teller.dir/Middlewares/ST/STM32_USB_Host_Library/Core/Src/usbh_pipes.c.obj
                0x0800a106                USBH_AllocPipe
 .text.USBH_FreePipe
                0x0800a148       0x3c CMakeFiles/derbi_teller.dir/Middlewares/ST/STM32_USB_Host_Library/Core/Src/usbh_pipes.c.obj
                0x0800a148                USBH_FreePipe
 .text.USBH_GetFreePipe
                0x0800a184       0x48 CMakeFiles/derbi_teller.dir/Middlewares/ST/STM32_USB_Host_Library/Core/Src/usbh_pipes.c.obj
 .text.USBH_CDC_InterfaceInit
                0x0800a1cc      0x2ac CMakeFiles/derbi_teller.dir/Middlewares/ST/STM32_USB_Host_Library/Class/CDC/Src/usbh_cdc.c.obj
 .text.USBH_CDC_InterfaceDeInit
                0x0800a478       0xb2 CMakeFiles/derbi_teller.dir/Middlewares/ST/STM32_USB_Host_Library/Class/CDC/Src/usbh_cdc.c.obj
 .text.USBH_CDC_ClassRequest
                0x0800a52a       0x3e CMakeFiles/derbi_teller.dir/Middlewares/ST/STM32_USB_Host_Library/Class/CDC/Src/usbh_cdc.c.obj
 .text.USBH_CDC_Process
                0x0800a568      0x12c CMakeFiles/derbi_teller.dir/Middlewares/ST/STM32_USB_Host_Library/Class/CDC/Src/usbh_cdc.c.obj
 .text.USBH_CDC_SOFProcess
                0x0800a694       0x16 CMakeFiles/derbi_teller.dir/Middlewares/ST/STM32_USB_Host_Library/Class/CDC/Src/usbh_cdc.c.obj
 .text.GetLineCoding
                0x0800a6aa       0x3e CMakeFiles/derbi_teller.dir/Middlewares/ST/STM32_USB_Host_Library/Class/CDC/Src/usbh_cdc.c.obj
 .text.SetLineCoding
                0x0800a6e8       0x3e CMakeFiles/derbi_teller.dir/Middlewares/ST/STM32_USB_Host_Library/Class/CDC/Src/usbh_cdc.c.obj
 .text.CDC_ProcessTransmission
                0x0800a726       0xec CMakeFiles/derbi_teller.dir/Middlewares/ST/STM32_USB_Host_Library/Class/CDC/Src/usbh_cdc.c.obj
 .text.CDC_ProcessReception
                0x0800a812       0xb6 CMakeFiles/derbi_teller.dir/Middlewares/ST/STM32_USB_Host_Library/Class/CDC/Src/usbh_cdc.c.obj
 .text.USBH_CDC_TransmitCallback
                0x0800a8c8       0x14 CMakeFiles/derbi_teller.dir/Middlewares/ST/STM32_USB_Host_Library/Class/CDC/Src/usbh_cdc.c.obj
                0x0800a8c8                USBH_CDC_TransmitCallback
 .text.USBH_CDC_ReceiveCallback
                0x0800a8dc       0x14 CMakeFiles/derbi_teller.dir/Middlewares/ST/STM32_USB_Host_Library/Class/CDC/Src/usbh_cdc.c.obj
                0x0800a8dc                USBH_CDC_ReceiveCallback
 .text.USBH_CDC_LineCodingChanged
                0x0800a8f0       0x14 CMakeFiles/derbi_teller.dir/Middlewares/ST/STM32_USB_Host_Library/Class/CDC/Src/usbh_cdc.c.obj
                0x0800a8f0                USBH_CDC_LineCodingChanged
 .text._sbrk    0x0800a904       0x6c CMakeFiles/derbi_teller.dir/Core/Src/sysmem.c.obj
                0x0800a904                _sbrk
 .text.Reset_Handler
                0x0800a970       0x50 CMakeFiles/derbi_teller.dir/startup_stm32f407xx.s.obj
                0x0800a970                Reset_Handler
 .text.Default_Handler
                0x0800a9c0        0x2 CMakeFiles/derbi_teller.dir/startup_stm32f407xx.s.obj
                0x0800a9c0                RTC_Alarm_IRQHandler
                0x0800a9c0                HASH_RNG_IRQHandler
                0x0800a9c0                EXTI2_IRQHandler
                0x0800a9c0                TIM8_CC_IRQHandler
                0x0800a9c0                TIM1_CC_IRQHandler
                0x0800a9c0                DMA2_Stream5_IRQHandler
                0x0800a9c0                DMA1_Stream5_IRQHandler
                0x0800a9c0                PVD_IRQHandler
                0x0800a9c0                SDIO_IRQHandler
                0x0800a9c0                TAMP_STAMP_IRQHandler
                0x0800a9c0                CAN2_RX1_IRQHandler
                0x0800a9c0                EXTI3_IRQHandler
                0x0800a9c0                TIM8_TRG_COM_TIM14_IRQHandler
                0x0800a9c0                TIM1_UP_TIM10_IRQHandler
                0x0800a9c0                TIM8_UP_TIM13_IRQHandler
                0x0800a9c0                I2C3_ER_IRQHandler
                0x0800a9c0                EXTI0_IRQHandler
                0x0800a9c0                I2C2_EV_IRQHandler
                0x0800a9c0                DMA1_Stream2_IRQHandler
                0x0800a9c0                CAN1_RX0_IRQHandler
                0x0800a9c0                FPU_IRQHandler
                0x0800a9c0                OTG_HS_WKUP_IRQHandler
                0x0800a9c0                CAN2_SCE_IRQHandler
                0x0800a9c0                DMA2_Stream2_IRQHandler
                0x0800a9c0                SPI1_IRQHandler
                0x0800a9c0                TIM6_DAC_IRQHandler
                0x0800a9c0                TIM1_BRK_TIM9_IRQHandler
                0x0800a9c0                DCMI_IRQHandler
                0x0800a9c0                CAN2_RX0_IRQHandler
                0x0800a9c0                DMA2_Stream3_IRQHandler
                0x0800a9c0                USART6_IRQHandler
                0x0800a9c0                USART3_IRQHandler
                0x0800a9c0                CAN1_RX1_IRQHandler
                0x0800a9c0                UART5_IRQHandler
                0x0800a9c0                DMA2_Stream0_IRQHandler
                0x0800a9c0                TIM4_IRQHandler
                0x0800a9c0                I2C1_EV_IRQHandler
                0x0800a9c0                DMA1_Stream6_IRQHandler
                0x0800a9c0                DMA1_Stream1_IRQHandler
                0x0800a9c0                UART4_IRQHandler
                0x0800a9c0                TIM3_IRQHandler
                0x0800a9c0                RCC_IRQHandler
                0x0800a9c0                TIM8_BRK_TIM12_IRQHandler
                0x0800a9c0                Default_Handler
                0x0800a9c0                EXTI15_10_IRQHandler
                0x0800a9c0                ADC_IRQHandler
                0x0800a9c0                DMA1_Stream7_IRQHandler
                0x0800a9c0                TIM7_IRQHandler
                0x0800a9c0                CAN2_TX_IRQHandler
                0x0800a9c0                TIM5_IRQHandler
                0x0800a9c0                DMA2_Stream7_IRQHandler
                0x0800a9c0                I2C3_EV_IRQHandler
                0x0800a9c0                EXTI9_5_IRQHandler
                0x0800a9c0                RTC_WKUP_IRQHandler
                0x0800a9c0                ETH_WKUP_IRQHandler
                0x0800a9c0                SPI2_IRQHandler
                0x0800a9c0                OTG_HS_EP1_IN_IRQHandler
                0x0800a9c0                DMA1_Stream0_IRQHandler
                0x0800a9c0                CAN1_TX_IRQHandler
                0x0800a9c0                EXTI4_IRQHandler
                0x0800a9c0                FSMC_IRQHandler
                0x0800a9c0                ETH_IRQHandler
                0x0800a9c0                OTG_HS_EP1_OUT_IRQHandler
                0x0800a9c0                WWDG_IRQHandler
                0x0800a9c0                TIM2_IRQHandler
                0x0800a9c0                OTG_FS_WKUP_IRQHandler
                0x0800a9c0                TIM1_TRG_COM_TIM11_IRQHandler
                0x0800a9c0                OTG_HS_IRQHandler
                0x0800a9c0                EXTI1_IRQHandler
                0x0800a9c0                USART2_IRQHandler
                0x0800a9c0                I2C2_ER_IRQHandler
                0x0800a9c0                DMA2_Stream1_IRQHandler
                0x0800a9c0                CAN1_SCE_IRQHandler
                0x0800a9c0                FLASH_IRQHandler
                0x0800a9c0                DMA2_Stream4_IRQHandler
                0x0800a9c0                USART1_IRQHandler
                0x0800a9c0                SPI3_IRQHandler
                0x0800a9c0                DMA1_Stream4_IRQHandler
                0x0800a9c0                I2C1_ER_IRQHandler
                0x0800a9c0                DMA2_Stream6_IRQHandler
                0x0800a9c0                DMA1_Stream3_IRQHandler
 *fill*         0x0800a9c2        0x2 
 .text.malloc   0x0800a9c4       0x10 C:/ST/STM32CubeCLT_1.15.0/GNU-tools-for-STM32/bin/../lib/gcc/arm-none-eabi/12.3.1/../../../../arm-none-eabi/lib/thumb/v7e-m+fp/hard\libg_nano.a(libc_a-malloc.o)
                0x0800a9c4                malloc
 .text.free     0x0800a9d4       0x10 C:/ST/STM32CubeCLT_1.15.0/GNU-tools-for-STM32/bin/../lib/gcc/arm-none-eabi/12.3.1/../../../../arm-none-eabi/lib/thumb/v7e-m+fp/hard\libg_nano.a(libc_a-malloc.o)
                0x0800a9d4                free
 .text.sprintf  0x0800a9e4       0x40 C:/ST/STM32CubeCLT_1.15.0/GNU-tools-for-STM32/bin/../lib/gcc/arm-none-eabi/12.3.1/../../../../arm-none-eabi/lib/thumb/v7e-m+fp/hard\libg_nano.a(libc_a-sprintf.o)
                0x0800a9e4                siprintf
                0x0800a9e4                sprintf
 .text.__errno  0x0800aa24        0xc C:/ST/STM32CubeCLT_1.15.0/GNU-tools-for-STM32/bin/../lib/gcc/arm-none-eabi/12.3.1/../../../../arm-none-eabi/lib/thumb/v7e-m+fp/hard\libg_nano.a(libc_a-errno.o)
                0x0800aa24                __errno
 .text.__ssputs_r
                0x0800aa30       0xb6 C:/ST/STM32CubeCLT_1.15.0/GNU-tools-for-STM32/bin/../lib/gcc/arm-none-eabi/12.3.1/../../../../arm-none-eabi/lib/thumb/v7e-m+fp/hard\libg_nano.a(libc_a-nano-svfprintf.o)
                0x0800aa30                __ssputs_r
 *fill*         0x0800aae6        0x2 
 .text._svfprintf_r
                0x0800aae8      0x1f8 C:/ST/STM32CubeCLT_1.15.0/GNU-tools-for-STM32/bin/../lib/gcc/arm-none-eabi/12.3.1/../../../../arm-none-eabi/lib/thumb/v7e-m+fp/hard\libg_nano.a(libc_a-nano-svfprintf.o)
                0x0800aae8                _svfiprintf_r
                0x0800aae8                _svfprintf_r
 .text._printf_common
                0x0800ace0       0xda C:/ST/STM32CubeCLT_1.15.0/GNU-tools-for-STM32/bin/../lib/gcc/arm-none-eabi/12.3.1/../../../../arm-none-eabi/lib/thumb/v7e-m+fp/hard\libg_nano.a(libc_a-nano-vfprintf_i.o)
                0x0800ace0                _printf_common
 *fill*         0x0800adba        0x2 
 .text._printf_i
                0x0800adbc      0x240 C:/ST/STM32CubeCLT_1.15.0/GNU-tools-for-STM32/bin/../lib/gcc/arm-none-eabi/12.3.1/../../../../arm-none-eabi/lib/thumb/v7e-m+fp/hard\libg_nano.a(libc_a-nano-vfprintf_i.o)
                0x0800adbc                _printf_i
 .text.memmove  0x0800affc       0x34 C:/ST/STM32CubeCLT_1.15.0/GNU-tools-for-STM32/bin/../lib/gcc/arm-none-eabi/12.3.1/../../../../arm-none-eabi/lib/thumb/v7e-m+fp/hard\libg_nano.a(libc_a-memmove.o)
                0x0800affc                memmove
 .text.memcpy   0x0800b030       0x1c C:/ST/STM32CubeCLT_1.15.0/GNU-tools-for-STM32/bin/../lib/gcc/arm-none-eabi/12.3.1/../../../../arm-none-eabi/lib/thumb/v7e-m+fp/hard\libg_nano.a(libc_a-memcpy-stub.o)
                0x0800b030                memcpy
 .text._realloc_r
                0x0800b04c       0x5c C:/ST/STM32CubeCLT_1.15.0/GNU-tools-for-STM32/bin/../lib/gcc/arm-none-eabi/12.3.1/../../../../arm-none-eabi/lib/thumb/v7e-m+fp/hard\libg_nano.a(libc_a-reallocr.o)
                0x0800b04c                _realloc_r
 .text._malloc_usable_size_r
                0x0800b0a8       0x10 C:/ST/STM32CubeCLT_1.15.0/GNU-tools-for-STM32/bin/../lib/gcc/arm-none-eabi/12.3.1/../../../../arm-none-eabi/lib/thumb/v7e-m+fp/hard\libg_nano.a(libc_a-msizer.o)
                0x0800b0a8                _malloc_usable_size_r
 *(.glue_7)
 .glue_7        0x0800b0b8        0x0 linker stubs
 *(.glue_7t)
 .glue_7t       0x0800b0b8        0x0 linker stubs
 *(.eh_frame)
 .eh_frame      0x0800b0b8        0x0 C:/ST/STM32CubeCLT_1.15.0/GNU-tools-for-STM32/bin/../lib/gcc/arm-none-eabi/12.3.1/thumb/v7e-m+fp/hard/crtbegin.o
 *(.init)
 .init          0x0800b0b8        0x4 C:/ST/STM32CubeCLT_1.15.0/GNU-tools-for-STM32/bin/../lib/gcc/arm-none-eabi/12.3.1/thumb/v7e-m+fp/hard/crti.o
                0x0800b0b8                _init
 .init          0x0800b0bc        0x8 C:/ST/STM32CubeCLT_1.15.0/GNU-tools-for-STM32/bin/../lib/gcc/arm-none-eabi/12.3.1/thumb/v7e-m+fp/hard/crtn.o
 *(.fini)
 .fini          0x0800b0c4        0x4 C:/ST/STM32CubeCLT_1.15.0/GNU-tools-for-STM32/bin/../lib/gcc/arm-none-eabi/12.3.1/thumb/v7e-m+fp/hard/crti.o
                0x0800b0c4                _fini
 .fini          0x0800b0c8        0x8 C:/ST/STM32CubeCLT_1.15.0/GNU-tools-for-STM32/bin/../lib/gcc/arm-none-eabi/12.3.1/thumb/v7e-m+fp/hard/crtn.o
                0x0800b0d0                        . = ALIGN (0x4)
                0x0800b0d0                        _etext = .

.vfp11_veneer   0x0800b0d0        0x0
 .vfp11_veneer  0x0800b0d0        0x0 linker stubs

.v4_bx          0x0800b0d0        0x0
 .v4_bx         0x0800b0d0        0x0 linker stubs

.iplt           0x0800b0d0        0x0
 .iplt          0x0800b0d0        0x0 C:/ST/STM32CubeCLT_1.15.0/GNU-tools-for-STM32/bin/../lib/gcc/arm-none-eabi/12.3.1/thumb/v7e-m+fp/hard/crtbegin.o

.rodata         0x0800b0d0      0xe34
                0x0800b0d0                        . = ALIGN (0x4)
 *(.rodata)
 .rodata        0x0800b0d0       0x18 CMakeFiles/derbi_teller.dir/Core/Src/main.c.obj
 .rodata        0x0800b0e8       0x35 CMakeFiles/derbi_teller.dir/Core/Src/buttons.c.obj
 *fill*         0x0800b11d        0x3 
 .rodata        0x0800b120       0x35 CMakeFiles/derbi_teller.dir/Core/Src/speed.c.obj
 *fill*         0x0800b155        0x3 
 .rodata        0x0800b158        0x4 CMakeFiles/derbi_teller.dir/Middlewares/ST/STM32_USB_Host_Library/Class/CDC/Src/usbh_cdc.c.obj
 *(.rodata*)
 .rodata.Font11x18
                0x0800b15c      0xd5c CMakeFiles/derbi_teller.dir/Core/Src/fonts.c.obj
                0x0800b15c                Font11x18
 .rodata.AHBPrescTable
                0x0800beb8       0x10 CMakeFiles/derbi_teller.dir/Core/Src/system_stm32f4xx.c.obj
                0x0800beb8                AHBPrescTable
 .rodata.APBPrescTable
                0x0800bec8        0x8 CMakeFiles/derbi_teller.dir/Core/Src/system_stm32f4xx.c.obj
                0x0800bec8                APBPrescTable
 .rodata._svfprintf_r.str1.1
                0x0800bed0       0x11 C:/ST/STM32CubeCLT_1.15.0/GNU-tools-for-STM32/bin/../lib/gcc/arm-none-eabi/12.3.1/../../../../arm-none-eabi/lib/thumb/v7e-m+fp/hard\libg_nano.a(libc_a-nano-svfprintf.o)
 .rodata._printf_i.str1.1
                0x0800bee1       0x22 C:/ST/STM32CubeCLT_1.15.0/GNU-tools-for-STM32/bin/../lib/gcc/arm-none-eabi/12.3.1/../../../../arm-none-eabi/lib/thumb/v7e-m+fp/hard\libg_nano.a(libc_a-nano-vfprintf_i.o)
                0x0800bf04                        . = ALIGN (0x4)
 *fill*         0x0800bf03        0x1 

.ARM.extab
 *(.ARM.extab* .gnu.linkonce.armextab.*)

.ARM            0x0800bf04        0x8
                0x0800bf04                        __exidx_start = .
 *(.ARM.exidx*)
 .ARM.exidx     0x0800bf04        0x8 C:/ST/STM32CubeCLT_1.15.0/GNU-tools-for-STM32/bin/../lib/gcc/arm-none-eabi/12.3.1/thumb/v7e-m+fp/hard\libgcc.a(_udivmoddi4.o)
 .ARM.exidx     0x0800bf0c        0x0 C:/ST/STM32CubeCLT_1.15.0/GNU-tools-for-STM32/bin/../lib/gcc/arm-none-eabi/12.3.1/../../../../arm-none-eabi/lib/thumb/v7e-m+fp/hard\libg_nano.a(libc_a-memchr.o)
                                  0x8 (size before relaxing)
                0x0800bf0c                        __exidx_end = .

.rel.dyn        0x0800bf0c        0x0
 .rel.iplt      0x0800bf0c        0x0 C:/ST/STM32CubeCLT_1.15.0/GNU-tools-for-STM32/bin/../lib/gcc/arm-none-eabi/12.3.1/thumb/v7e-m+fp/hard/crtbegin.o

.preinit_array  0x0800bf0c        0x0
                0x0800bf0c                        PROVIDE (__preinit_array_start = .)
 *(.preinit_array*)
                0x0800bf0c                        PROVIDE (__preinit_array_end = .)

.init_array     0x0800bf0c        0x4
                0x0800bf0c                        PROVIDE (__init_array_start = .)
 *(SORT_BY_NAME(.init_array.*))
 *(.init_array*)
 .init_array    0x0800bf0c        0x4 C:/ST/STM32CubeCLT_1.15.0/GNU-tools-for-STM32/bin/../lib/gcc/arm-none-eabi/12.3.1/thumb/v7e-m+fp/hard/crtbegin.o
                0x0800bf10                        PROVIDE (__init_array_end = .)

.fini_array     0x0800bf10        0x4
                [!provide]                        PROVIDE (__fini_array_start = .)
 *(SORT_BY_NAME(.fini_array.*))
 *(.fini_array*)
 .fini_array    0x0800bf10        0x4 C:/ST/STM32CubeCLT_1.15.0/GNU-tools-for-STM32/bin/../lib/gcc/arm-none-eabi/12.3.1/thumb/v7e-m+fp/hard/crtbegin.o
                [!provide]                        PROVIDE (__fini_array_end = .)
                0x0800bf14                        _sidata = LOADADDR (.data)

.data           0x20000000       0x84 load address 0x0800bf14
                0x20000000                        . = ALIGN (0x4)
                0x20000000                        _sdata = .
 *(.data)
 *(.data*)
 .data._impure_ptr
                0x20000000        0x4 C:/ST/STM32CubeCLT_1.15.0/GNU-tools-for-STM32/bin/../lib/gcc/arm-none-eabi/12.3.1/../../../../arm-none-eabi/lib/thumb/v7e-m+fp/hard\libc_nano.a(libc_a-impure.o)
                0x20000000                _impure_ptr
 .data._impure_data
                0x20000004       0x4c C:/ST/STM32CubeCLT_1.15.0/GNU-tools-for-STM32/bin/../lib/gcc/arm-none-eabi/12.3.1/../../../../arm-none-eabi/lib/thumb/v7e-m+fp/hard\libc_nano.a(libc_a-impure.o)
                0x20000004                _impure_data
 .data.Font_11x18
                0x20000050        0x8 CMakeFiles/derbi_teller.dir/Core/Src/fonts.c.obj
                0x20000050                Font_11x18
 .data.uwTickPrio
                0x20000058        0x4 CMakeFiles/derbi_teller.dir/Drivers/STM32F4xx_HAL_Driver/Src/stm32f4xx_hal.c.obj
                0x20000058                uwTickPrio
 .data.uwTickFreq
                0x2000005c        0x1 CMakeFiles/derbi_teller.dir/Drivers/STM32F4xx_HAL_Driver/Src/stm32f4xx_hal.c.obj
                0x2000005c                uwTickFreq
 *fill*         0x2000005d        0x3 
 .data.SystemCoreClock
                0x20000060        0x4 CMakeFiles/derbi_teller.dir/Core/Src/system_stm32f4xx.c.obj
                0x20000060                SystemCoreClock
 .data.CDC_Class
                0x20000064       0x20 CMakeFiles/derbi_teller.dir/Middlewares/ST/STM32_USB_Host_Library/Class/CDC/Src/usbh_cdc.c.obj
                0x20000064                CDC_Class
                0x20000084                        . = ALIGN (0x4)
                0x20000084                        _edata = .
                0x0800bf98                        _siccmram = LOADADDR (.ccmram)

.igot.plt       0x20000084        0x0 load address 0x0800bf98
 .igot.plt      0x20000084        0x0 C:/ST/STM32CubeCLT_1.15.0/GNU-tools-for-STM32/bin/../lib/gcc/arm-none-eabi/12.3.1/thumb/v7e-m+fp/hard/crtbegin.o

.ccmram         0x10000000        0x0 load address 0x0800bf98
                0x10000000                        . = ALIGN (0x4)
                0x10000000                        _sccmram = .
 *(.ccmram)
 *(.ccmram*)
                0x10000000                        . = ALIGN (0x4)
                0x10000000                        _eccmram = .
                0x10000000                        . = ALIGN (0x4)

.bss            0x20000084      0xf24
                0x20000084                        _sbss = .
                0x20000084                        __bss_start__ = _sbss
 *(.bss)
 .bss           0x20000084       0x1c C:/ST/STM32CubeCLT_1.15.0/GNU-tools-for-STM32/bin/../lib/gcc/arm-none-eabi/12.3.1/thumb/v7e-m+fp/hard/crtbegin.o
 *(.bss*)
 .bss.__sf      0x200000a0      0x138 C:/ST/STM32CubeCLT_1.15.0/GNU-tools-for-STM32/bin/../lib/gcc/arm-none-eabi/12.3.1/../../../../arm-none-eabi/lib/thumb/v7e-m+fp/hard\libc_nano.a(libc_a-findfp.o)
                0x200000a0                __sf
 .bss.errno     0x200001d8        0x4 C:/ST/STM32CubeCLT_1.15.0/GNU-tools-for-STM32/bin/../lib/gcc/arm-none-eabi/12.3.1/../../../../arm-none-eabi/lib/thumb/v7e-m+fp/hard\libc_nano.a(libc_a-reent.o)
                0x200001d8                errno
 .bss.__lock___malloc_recursive_mutex
                0x200001dc        0x1 C:/ST/STM32CubeCLT_1.15.0/GNU-tools-for-STM32/bin/../lib/gcc/arm-none-eabi/12.3.1/../../../../arm-none-eabi/lib/thumb/v7e-m+fp/hard\libc_nano.a(libc_a-lock.o)
                0x200001dc                __lock___malloc_recursive_mutex
 *fill*         0x200001dd        0x3 
 .bss.__malloc_sbrk_start
                0x200001e0        0x4 C:/ST/STM32CubeCLT_1.15.0/GNU-tools-for-STM32/bin/../lib/gcc/arm-none-eabi/12.3.1/../../../../arm-none-eabi/lib/thumb/v7e-m+fp/hard\libc_nano.a(libc_a-mallocr.o)
                0x200001e0                __malloc_sbrk_start
 .bss.__malloc_free_list
                0x200001e4        0x4 C:/ST/STM32CubeCLT_1.15.0/GNU-tools-for-STM32/bin/../lib/gcc/arm-none-eabi/12.3.1/../../../../arm-none-eabi/lib/thumb/v7e-m+fp/hard\libc_nano.a(libc_a-mallocr.o)
                0x200001e4                __malloc_free_list
 .bss.hadc1     0x200001e8       0x48 CMakeFiles/derbi_teller.dir/Core/Src/main.c.obj
                0x200001e8                hadc1
 .bss.hadc2     0x20000230       0x48 CMakeFiles/derbi_teller.dir/Core/Src/main.c.obj
                0x20000230                hadc2
 .bss.hi2c1     0x20000278       0x54 CMakeFiles/derbi_teller.dir/Core/Src/main.c.obj
                0x20000278                hi2c1
 .bss.hi2c3     0x200002cc       0x54 CMakeFiles/derbi_teller.dir/Core/Src/main.c.obj
                0x200002cc                hi2c3
 .bss.hi2s3     0x20000320       0x48 CMakeFiles/derbi_teller.dir/Core/Src/main.c.obj
                0x20000320                hi2s3
 .bss.hspi1     0x20000368       0x58 CMakeFiles/derbi_teller.dir/Core/Src/main.c.obj
                0x20000368                hspi1
 .bss.hUsbHostFS
                0x200003c0      0x3d8 CMakeFiles/derbi_teller.dir/USB_HOST/App/usb_host.c.obj
                0x200003c0                hUsbHostFS
 .bss.Appli_state
                0x20000798        0x1 CMakeFiles/derbi_teller.dir/USB_HOST/App/usb_host.c.obj
                0x20000798                Appli_state
 *fill*         0x20000799        0x3 
 .bss.hhcd_USB_OTG_FS
                0x2000079c      0x3e0 CMakeFiles/derbi_teller.dir/USB_HOST/Target/usbh_conf.c.obj
                0x2000079c                hhcd_USB_OTG_FS
 .bss.SSD1306_Buffer
                0x20000b7c      0x400 CMakeFiles/derbi_teller.dir/Core/Src/ssd1306.c.obj
 .bss.SSD1306   0x20000f7c        0x6 CMakeFiles/derbi_teller.dir/Core/Src/ssd1306.c.obj
 *fill*         0x20000f82        0x2 
 .bss.buttonvalueString
                0x20000f84        0xa CMakeFiles/derbi_teller.dir/Core/Src/buttons.c.obj
                0x20000f84                buttonvalueString
 .bss.buttonvalue
                0x20000f8e        0x2 CMakeFiles/derbi_teller.dir/Core/Src/buttons.c.obj
                0x20000f8e                buttonvalue
 .bss.speedString
                0x20000f90        0xa CMakeFiles/derbi_teller.dir/Core/Src/speed.c.obj
                0x20000f90                speedString
 .bss.speedvalue
                0x20000f9a        0x2 CMakeFiles/derbi_teller.dir/Core/Src/speed.c.obj
                0x20000f9a                speedvalue
 .bss.buttonvalue1
                0x20000f9c        0x2 CMakeFiles/derbi_teller.dir/Core/Src/speed.c.obj
                0x20000f9c                buttonvalue1
 *fill*         0x20000f9e        0x2 
 .bss.uwTick    0x20000fa0        0x4 CMakeFiles/derbi_teller.dir/Drivers/STM32F4xx_HAL_Driver/Src/stm32f4xx_hal.c.obj
                0x20000fa0                uwTick
 .bss.__sbrk_heap_end
                0x20000fa4        0x4 CMakeFiles/derbi_teller.dir/Core/Src/sysmem.c.obj
 *(COMMON)
                0x20000fa8                        . = ALIGN (0x4)
                0x20000fa8                        _ebss = .
                0x20000fa8                        __bss_end__ = _ebss

._user_heap_stack
                0x20000fa8      0x600
                0x20000fa8                        . = ALIGN (0x8)
                [!provide]                        PROVIDE (end = .)
                0x20000fa8                        PROVIDE (_end = .)
                0x200011a8                        . = (. + _Min_Heap_Size)
 *fill*         0x20000fa8      0x200 
                0x200015a8                        . = (. + _Min_Stack_Size)
 *fill*         0x200011a8      0x400 
                0x200015a8                        . = ALIGN (0x8)

/DISCARD/
 libc.a(*)
 libm.a(*)
 libgcc.a(*)

.ARM.attributes
                0x00000000       0x30
 *(.ARM.attributes)
 .ARM.attributes
                0x00000000       0x22 C:/ST/STM32CubeCLT_1.15.0/GNU-tools-for-STM32/bin/../lib/gcc/arm-none-eabi/12.3.1/thumb/v7e-m+fp/hard/crti.o
 .ARM.attributes
                0x00000022       0x34 C:/ST/STM32CubeCLT_1.15.0/GNU-tools-for-STM32/bin/../lib/gcc/arm-none-eabi/12.3.1/thumb/v7e-m+fp/hard/crtbegin.o
 .ARM.attributes
                0x00000056       0x34 C:/ST/STM32CubeCLT_1.15.0/GNU-tools-for-STM32/bin/../lib/gcc/arm-none-eabi/12.3.1/../../../../arm-none-eabi/lib/thumb/v7e-m+fp/hard\libc_nano.a(libc_a-findfp.o)
 .ARM.attributes
                0x0000008a       0x34 C:/ST/STM32CubeCLT_1.15.0/GNU-tools-for-STM32/bin/../lib/gcc/arm-none-eabi/12.3.1/../../../../arm-none-eabi/lib/thumb/v7e-m+fp/hard\libc_nano.a(libc_a-memset.o)
 .ARM.attributes
                0x000000be       0x34 C:/ST/STM32CubeCLT_1.15.0/GNU-tools-for-STM32/bin/../lib/gcc/arm-none-eabi/12.3.1/../../../../arm-none-eabi/lib/thumb/v7e-m+fp/hard\libc_nano.a(libc_a-reent.o)
 .ARM.attributes
                0x000000f2       0x34 C:/ST/STM32CubeCLT_1.15.0/GNU-tools-for-STM32/bin/../lib/gcc/arm-none-eabi/12.3.1/../../../../arm-none-eabi/lib/thumb/v7e-m+fp/hard\libc_nano.a(libc_a-impure.o)
 .ARM.attributes
                0x00000126       0x34 C:/ST/STM32CubeCLT_1.15.0/GNU-tools-for-STM32/bin/../lib/gcc/arm-none-eabi/12.3.1/../../../../arm-none-eabi/lib/thumb/v7e-m+fp/hard\libc_nano.a(libc_a-init.o)
 .ARM.attributes
                0x0000015a       0x34 C:/ST/STM32CubeCLT_1.15.0/GNU-tools-for-STM32/bin/../lib/gcc/arm-none-eabi/12.3.1/../../../../arm-none-eabi/lib/thumb/v7e-m+fp/hard\libc_nano.a(libc_a-lock.o)
 .ARM.attributes
                0x0000018e       0x34 C:/ST/STM32CubeCLT_1.15.0/GNU-tools-for-STM32/bin/../lib/gcc/arm-none-eabi/12.3.1/../../../../arm-none-eabi/lib/thumb/v7e-m+fp/hard\libc_nano.a(libc_a-freer.o)
 .ARM.attributes
                0x000001c2       0x34 C:/ST/STM32CubeCLT_1.15.0/GNU-tools-for-STM32/bin/../lib/gcc/arm-none-eabi/12.3.1/../../../../arm-none-eabi/lib/thumb/v7e-m+fp/hard\libc_nano.a(libc_a-mallocr.o)
 .ARM.attributes
                0x000001f6       0x34 C:/ST/STM32CubeCLT_1.15.0/GNU-tools-for-STM32/bin/../lib/gcc/arm-none-eabi/12.3.1/../../../../arm-none-eabi/lib/thumb/v7e-m+fp/hard\libc_nano.a(libc_a-mlock.o)
 .ARM.attributes
                0x0000022a       0x34 C:/ST/STM32CubeCLT_1.15.0/GNU-tools-for-STM32/bin/../lib/gcc/arm-none-eabi/12.3.1/../../../../arm-none-eabi/lib/thumb/v7e-m+fp/hard\libc_nano.a(libc_a-sbrkr.o)
 .ARM.attributes
                0x0000025e       0x34 CMakeFiles/derbi_teller.dir/Core/Src/main.c.obj
 .ARM.attributes
                0x00000292       0x34 CMakeFiles/derbi_teller.dir/Core/Src/stm32f4xx_it.c.obj
 .ARM.attributes
                0x000002c6       0x34 CMakeFiles/derbi_teller.dir/Core/Src/stm32f4xx_hal_msp.c.obj
 .ARM.attributes
                0x000002fa       0x34 CMakeFiles/derbi_teller.dir/USB_HOST/App/usb_host.c.obj
 .ARM.attributes
                0x0000032e       0x34 CMakeFiles/derbi_teller.dir/USB_HOST/Target/usbh_conf.c.obj
 .ARM.attributes
                0x00000362       0x34 CMakeFiles/derbi_teller.dir/USB_HOST/Target/usbh_platform.c.obj
 .ARM.attributes
                0x00000396       0x34 CMakeFiles/derbi_teller.dir/Core/Src/fonts.c.obj
 .ARM.attributes
                0x000003ca       0x34 CMakeFiles/derbi_teller.dir/Core/Src/ssd1306.c.obj
 .ARM.attributes
                0x000003fe       0x34 CMakeFiles/derbi_teller.dir/Core/Src/buttons.c.obj
 .ARM.attributes
                0x00000432       0x34 CMakeFiles/derbi_teller.dir/Core/Src/speed.c.obj
 .ARM.attributes
                0x00000466       0x34 CMakeFiles/derbi_teller.dir/Drivers/STM32F4xx_HAL_Driver/Src/stm32f4xx_hal_hcd.c.obj
 .ARM.attributes
                0x0000049a       0x34 CMakeFiles/derbi_teller.dir/Drivers/STM32F4xx_HAL_Driver/Src/stm32f4xx_ll_usb.c.obj
 .ARM.attributes
                0x000004ce       0x34 CMakeFiles/derbi_teller.dir/Drivers/STM32F4xx_HAL_Driver/Src/stm32f4xx_hal_rcc.c.obj
 .ARM.attributes
                0x00000502       0x34 CMakeFiles/derbi_teller.dir/Drivers/STM32F4xx_HAL_Driver/Src/stm32f4xx_hal_rcc_ex.c.obj
 .ARM.attributes
                0x00000536       0x34 CMakeFiles/derbi_teller.dir/Drivers/STM32F4xx_HAL_Driver/Src/stm32f4xx_hal_gpio.c.obj
 .ARM.attributes
                0x0000056a       0x34 CMakeFiles/derbi_teller.dir/Drivers/STM32F4xx_HAL_Driver/Src/stm32f4xx_hal_cortex.c.obj
 .ARM.attributes
                0x0000059e       0x34 CMakeFiles/derbi_teller.dir/Drivers/STM32F4xx_HAL_Driver/Src/stm32f4xx_hal.c.obj
 .ARM.attributes
                0x000005d2       0x34 CMakeFiles/derbi_teller.dir/Drivers/STM32F4xx_HAL_Driver/Src/stm32f4xx_hal_adc.c.obj
 .ARM.attributes
                0x00000606       0x34 CMakeFiles/derbi_teller.dir/Drivers/STM32F4xx_HAL_Driver/Src/stm32f4xx_hal_i2c.c.obj
 .ARM.attributes
                0x0000063a       0x34 CMakeFiles/derbi_teller.dir/Drivers/STM32F4xx_HAL_Driver/Src/stm32f4xx_hal_i2s.c.obj
 .ARM.attributes
                0x0000066e       0x34 CMakeFiles/derbi_teller.dir/Drivers/STM32F4xx_HAL_Driver/Src/stm32f4xx_hal_i2s_ex.c.obj
 .ARM.attributes
                0x000006a2       0x34 CMakeFiles/derbi_teller.dir/Drivers/STM32F4xx_HAL_Driver/Src/stm32f4xx_hal_spi.c.obj
 .ARM.attributes
                0x000006d6       0x34 CMakeFiles/derbi_teller.dir/Core/Src/system_stm32f4xx.c.obj
 .ARM.attributes
                0x0000070a       0x34 CMakeFiles/derbi_teller.dir/Middlewares/ST/STM32_USB_Host_Library/Core/Src/usbh_core.c.obj
 .ARM.attributes
                0x0000073e       0x34 CMakeFiles/derbi_teller.dir/Middlewares/ST/STM32_USB_Host_Library/Core/Src/usbh_ctlreq.c.obj
 .ARM.attributes
                0x00000772       0x34 CMakeFiles/derbi_teller.dir/Middlewares/ST/STM32_USB_Host_Library/Core/Src/usbh_ioreq.c.obj
 .ARM.attributes
                0x000007a6       0x34 CMakeFiles/derbi_teller.dir/Middlewares/ST/STM32_USB_Host_Library/Core/Src/usbh_pipes.c.obj
 .ARM.attributes
                0x000007da       0x34 CMakeFiles/derbi_teller.dir/Middlewares/ST/STM32_USB_Host_Library/Class/CDC/Src/usbh_cdc.c.obj
 .ARM.attributes
                0x0000080e       0x34 CMakeFiles/derbi_teller.dir/Core/Src/sysmem.c.obj
 .ARM.attributes
                0x00000842       0x21 CMakeFiles/derbi_teller.dir/startup_stm32f407xx.s.obj
 .ARM.attributes
                0x00000863       0x22 C:/ST/STM32CubeCLT_1.15.0/GNU-tools-for-STM32/bin/../lib/gcc/arm-none-eabi/12.3.1/thumb/v7e-m+fp/hard\libgcc.a(_aeabi_uldivmod.o)
 .ARM.attributes
                0x00000885       0x34 C:/ST/STM32CubeCLT_1.15.0/GNU-tools-for-STM32/bin/../lib/gcc/arm-none-eabi/12.3.1/thumb/v7e-m+fp/hard\libgcc.a(_udivmoddi4.o)
 .ARM.attributes
                0x000008b9       0x22 C:/ST/STM32CubeCLT_1.15.0/GNU-tools-for-STM32/bin/../lib/gcc/arm-none-eabi/12.3.1/thumb/v7e-m+fp/hard\libgcc.a(_dvmd_tls.o)
 .ARM.attributes
                0x000008db       0x34 C:/ST/STM32CubeCLT_1.15.0/GNU-tools-for-STM32/bin/../lib/gcc/arm-none-eabi/12.3.1/../../../../arm-none-eabi/lib/thumb/v7e-m+fp/hard\libg_nano.a(libc_a-malloc.o)
 .ARM.attributes
                0x0000090f       0x34 C:/ST/STM32CubeCLT_1.15.0/GNU-tools-for-STM32/bin/../lib/gcc/arm-none-eabi/12.3.1/../../../../arm-none-eabi/lib/thumb/v7e-m+fp/hard\libg_nano.a(libc_a-sprintf.o)
 .ARM.attributes
                0x00000943       0x34 C:/ST/STM32CubeCLT_1.15.0/GNU-tools-for-STM32/bin/../lib/gcc/arm-none-eabi/12.3.1/../../../../arm-none-eabi/lib/thumb/v7e-m+fp/hard\libg_nano.a(libc_a-errno.o)
 .ARM.attributes
                0x00000977       0x34 C:/ST/STM32CubeCLT_1.15.0/GNU-tools-for-STM32/bin/../lib/gcc/arm-none-eabi/12.3.1/../../../../arm-none-eabi/lib/thumb/v7e-m+fp/hard\libg_nano.a(libc_a-nano-svfprintf.o)
 .ARM.attributes
                0x000009ab       0x34 C:/ST/STM32CubeCLT_1.15.0/GNU-tools-for-STM32/bin/../lib/gcc/arm-none-eabi/12.3.1/../../../../arm-none-eabi/lib/thumb/v7e-m+fp/hard\libg_nano.a(libc_a-nano-vfprintf_i.o)
 .ARM.attributes
                0x000009df       0x34 C:/ST/STM32CubeCLT_1.15.0/GNU-tools-for-STM32/bin/../lib/gcc/arm-none-eabi/12.3.1/../../../../arm-none-eabi/lib/thumb/v7e-m+fp/hard\libg_nano.a(libc_a-memmove.o)
 .ARM.attributes
                0x00000a13       0x1c C:/ST/STM32CubeCLT_1.15.0/GNU-tools-for-STM32/bin/../lib/gcc/arm-none-eabi/12.3.1/../../../../arm-none-eabi/lib/thumb/v7e-m+fp/hard\libg_nano.a(libc_a-memchr.o)
 .ARM.attributes
                0x00000a2f       0x34 C:/ST/STM32CubeCLT_1.15.0/GNU-tools-for-STM32/bin/../lib/gcc/arm-none-eabi/12.3.1/../../../../arm-none-eabi/lib/thumb/v7e-m+fp/hard\libg_nano.a(libc_a-memcpy-stub.o)
 .ARM.attributes
                0x00000a63       0x34 C:/ST/STM32CubeCLT_1.15.0/GNU-tools-for-STM32/bin/../lib/gcc/arm-none-eabi/12.3.1/../../../../arm-none-eabi/lib/thumb/v7e-m+fp/hard\libg_nano.a(libc_a-reallocr.o)
 .ARM.attributes
                0x00000a97       0x34 C:/ST/STM32CubeCLT_1.15.0/GNU-tools-for-STM32/bin/../lib/gcc/arm-none-eabi/12.3.1/../../../../arm-none-eabi/lib/thumb/v7e-m+fp/hard\libg_nano.a(libc_a-msizer.o)
 .ARM.attributes
                0x00000acb       0x22 C:/ST/STM32CubeCLT_1.15.0/GNU-tools-for-STM32/bin/../lib/gcc/arm-none-eabi/12.3.1/thumb/v7e-m+fp/hard/crtn.o
OUTPUT(derbi_teller.elf elf32-littlearm)
LOAD linker stubs
LOAD C:/ST/STM32CubeCLT_1.15.0/GNU-tools-for-STM32/bin/../lib/gcc/arm-none-eabi/12.3.1/../../../../arm-none-eabi/lib/thumb/v7e-m+fp/hard\libc.a
LOAD C:/ST/STM32CubeCLT_1.15.0/GNU-tools-for-STM32/bin/../lib/gcc/arm-none-eabi/12.3.1/../../../../arm-none-eabi/lib/thumb/v7e-m+fp/hard\libm.a
LOAD C:/ST/STM32CubeCLT_1.15.0/GNU-tools-for-STM32/bin/../lib/gcc/arm-none-eabi/12.3.1/thumb/v7e-m+fp/hard\libgcc.a

.debug_frame    0x00000000     0x56ec
 .debug_frame   0x00000000      0x144 C:/ST/STM32CubeCLT_1.15.0/GNU-tools-for-STM32/bin/../lib/gcc/arm-none-eabi/12.3.1/../../../../arm-none-eabi/lib/thumb/v7e-m+fp/hard\libc_nano.a(libc_a-findfp.o)
 .debug_frame   0x00000144       0x20 C:/ST/STM32CubeCLT_1.15.0/GNU-tools-for-STM32/bin/../lib/gcc/arm-none-eabi/12.3.1/../../../../arm-none-eabi/lib/thumb/v7e-m+fp/hard\libc_nano.a(libc_a-memset.o)
 .debug_frame   0x00000164       0x38 C:/ST/STM32CubeCLT_1.15.0/GNU-tools-for-STM32/bin/../lib/gcc/arm-none-eabi/12.3.1/../../../../arm-none-eabi/lib/thumb/v7e-m+fp/hard\libc_nano.a(libc_a-reent.o)
 .debug_frame   0x0000019c       0x2c C:/ST/STM32CubeCLT_1.15.0/GNU-tools-for-STM32/bin/../lib/gcc/arm-none-eabi/12.3.1/../../../../arm-none-eabi/lib/thumb/v7e-m+fp/hard\libc_nano.a(libc_a-init.o)
 .debug_frame   0x000001c8       0xb0 C:/ST/STM32CubeCLT_1.15.0/GNU-tools-for-STM32/bin/../lib/gcc/arm-none-eabi/12.3.1/../../../../arm-none-eabi/lib/thumb/v7e-m+fp/hard\libc_nano.a(libc_a-lock.o)
 .debug_frame   0x00000278       0x38 C:/ST/STM32CubeCLT_1.15.0/GNU-tools-for-STM32/bin/../lib/gcc/arm-none-eabi/12.3.1/../../../../arm-none-eabi/lib/thumb/v7e-m+fp/hard\libc_nano.a(libc_a-freer.o)
 .debug_frame   0x000002b0       0x50 C:/ST/STM32CubeCLT_1.15.0/GNU-tools-for-STM32/bin/../lib/gcc/arm-none-eabi/12.3.1/../../../../arm-none-eabi/lib/thumb/v7e-m+fp/hard\libc_nano.a(libc_a-mallocr.o)
 .debug_frame   0x00000300       0x30 C:/ST/STM32CubeCLT_1.15.0/GNU-tools-for-STM32/bin/../lib/gcc/arm-none-eabi/12.3.1/../../../../arm-none-eabi/lib/thumb/v7e-m+fp/hard\libc_nano.a(libc_a-mlock.o)
 .debug_frame   0x00000330       0x2c C:/ST/STM32CubeCLT_1.15.0/GNU-tools-for-STM32/bin/../lib/gcc/arm-none-eabi/12.3.1/../../../../arm-none-eabi/lib/thumb/v7e-m+fp/hard\libc_nano.a(libc_a-sbrkr.o)
 .debug_frame   0x0000035c      0x148 CMakeFiles/derbi_teller.dir/Core/Src/main.c.obj
 .debug_frame   0x000004a4      0x120 CMakeFiles/derbi_teller.dir/Core/Src/stm32f4xx_it.c.obj
 .debug_frame   0x000005c4      0x154 CMakeFiles/derbi_teller.dir/Core/Src/stm32f4xx_hal_msp.c.obj
 .debug_frame   0x00000718       0x70 CMakeFiles/derbi_teller.dir/USB_HOST/App/usb_host.c.obj
 .debug_frame   0x00000788      0x388 CMakeFiles/derbi_teller.dir/USB_HOST/Target/usbh_conf.c.obj
 .debug_frame   0x00000b10       0x34 CMakeFiles/derbi_teller.dir/USB_HOST/Target/usbh_platform.c.obj
 .debug_frame   0x00000b44       0x38 CMakeFiles/derbi_teller.dir/Core/Src/fonts.c.obj
 .debug_frame   0x00000b7c      0x4e4 CMakeFiles/derbi_teller.dir/Core/Src/ssd1306.c.obj
 .debug_frame   0x00001060       0x2c CMakeFiles/derbi_teller.dir/Core/Src/buttons.c.obj
 .debug_frame   0x0000108c       0x2c CMakeFiles/derbi_teller.dir/Core/Src/speed.c.obj
 .debug_frame   0x000010b8      0x498 CMakeFiles/derbi_teller.dir/Drivers/STM32F4xx_HAL_Driver/Src/stm32f4xx_hal_hcd.c.obj
 .debug_frame   0x00001550      0x7c0 CMakeFiles/derbi_teller.dir/Drivers/STM32F4xx_HAL_Driver/Src/stm32f4xx_ll_usb.c.obj
 .debug_frame   0x00001d10      0x1f4 CMakeFiles/derbi_teller.dir/Drivers/STM32F4xx_HAL_Driver/Src/stm32f4xx_hal_rcc.c.obj
 .debug_frame   0x00001f04       0xf0 CMakeFiles/derbi_teller.dir/Drivers/STM32F4xx_HAL_Driver/Src/stm32f4xx_hal_rcc_ex.c.obj
 .debug_frame   0x00001ff4      0x14c CMakeFiles/derbi_teller.dir/Drivers/STM32F4xx_HAL_Driver/Src/stm32f4xx_hal_gpio.c.obj
 .debug_frame   0x00002140      0x508 CMakeFiles/derbi_teller.dir/Drivers/STM32F4xx_HAL_Driver/Src/stm32f4xx_hal_cortex.c.obj
 .debug_frame   0x00002648      0x374 CMakeFiles/derbi_teller.dir/Drivers/STM32F4xx_HAL_Driver/Src/stm32f4xx_hal.c.obj
 .debug_frame   0x000029bc      0x3fc CMakeFiles/derbi_teller.dir/Drivers/STM32F4xx_HAL_Driver/Src/stm32f4xx_hal_adc.c.obj
 .debug_frame   0x00002db8      0xc84 CMakeFiles/derbi_teller.dir/Drivers/STM32F4xx_HAL_Driver/Src/stm32f4xx_hal_i2c.c.obj
 .debug_frame   0x00003a3c      0x484 CMakeFiles/derbi_teller.dir/Drivers/STM32F4xx_HAL_Driver/Src/stm32f4xx_hal_i2s.c.obj
 .debug_frame   0x00003ec0      0x220 CMakeFiles/derbi_teller.dir/Drivers/STM32F4xx_HAL_Driver/Src/stm32f4xx_hal_i2s_ex.c.obj
 .debug_frame   0x000040e0      0x828 CMakeFiles/derbi_teller.dir/Drivers/STM32F4xx_HAL_Driver/Src/stm32f4xx_hal_spi.c.obj
 .debug_frame   0x00004908       0x58 CMakeFiles/derbi_teller.dir/Core/Src/system_stm32f4xx.c.obj
 .debug_frame   0x00004960      0x334 CMakeFiles/derbi_teller.dir/Middlewares/ST/STM32_USB_Host_Library/Core/Src/usbh_core.c.obj
 .debug_frame   0x00004c94      0x28c CMakeFiles/derbi_teller.dir/Middlewares/ST/STM32_USB_Host_Library/Core/Src/usbh_ctlreq.c.obj
 .debug_frame   0x00004f20      0x154 CMakeFiles/derbi_teller.dir/Middlewares/ST/STM32_USB_Host_Library/Core/Src/usbh_ioreq.c.obj
 .debug_frame   0x00005074       0xcc CMakeFiles/derbi_teller.dir/Middlewares/ST/STM32_USB_Host_Library/Core/Src/usbh_pipes.c.obj
 .debug_frame   0x00005140      0x2c0 CMakeFiles/derbi_teller.dir/Middlewares/ST/STM32_USB_Host_Library/Class/CDC/Src/usbh_cdc.c.obj
 .debug_frame   0x00005400       0x34 CMakeFiles/derbi_teller.dir/Core/Src/sysmem.c.obj
 .debug_frame   0x00005434       0x2c C:/ST/STM32CubeCLT_1.15.0/GNU-tools-for-STM32/bin/../lib/gcc/arm-none-eabi/12.3.1/thumb/v7e-m+fp/hard\libgcc.a(_aeabi_uldivmod.o)
 .debug_frame   0x00005460       0x34 C:/ST/STM32CubeCLT_1.15.0/GNU-tools-for-STM32/bin/../lib/gcc/arm-none-eabi/12.3.1/thumb/v7e-m+fp/hard\libgcc.a(_udivmoddi4.o)
 .debug_frame   0x00005494       0x30 C:/ST/STM32CubeCLT_1.15.0/GNU-tools-for-STM32/bin/../lib/gcc/arm-none-eabi/12.3.1/../../../../arm-none-eabi/lib/thumb/v7e-m+fp/hard\libg_nano.a(libc_a-malloc.o)
 .debug_frame   0x000054c4       0x6c C:/ST/STM32CubeCLT_1.15.0/GNU-tools-for-STM32/bin/../lib/gcc/arm-none-eabi/12.3.1/../../../../arm-none-eabi/lib/thumb/v7e-m+fp/hard\libg_nano.a(libc_a-sprintf.o)
 .debug_frame   0x00005530       0x20 C:/ST/STM32CubeCLT_1.15.0/GNU-tools-for-STM32/bin/../lib/gcc/arm-none-eabi/12.3.1/../../../../arm-none-eabi/lib/thumb/v7e-m+fp/hard\libg_nano.a(libc_a-errno.o)
 .debug_frame   0x00005550       0x90 C:/ST/STM32CubeCLT_1.15.0/GNU-tools-for-STM32/bin/../lib/gcc/arm-none-eabi/12.3.1/../../../../arm-none-eabi/lib/thumb/v7e-m+fp/hard\libg_nano.a(libc_a-nano-svfprintf.o)
 .debug_frame   0x000055e0       0x60 C:/ST/STM32CubeCLT_1.15.0/GNU-tools-for-STM32/bin/../lib/gcc/arm-none-eabi/12.3.1/../../../../arm-none-eabi/lib/thumb/v7e-m+fp/hard\libg_nano.a(libc_a-nano-vfprintf_i.o)
 .debug_frame   0x00005640       0x28 C:/ST/STM32CubeCLT_1.15.0/GNU-tools-for-STM32/bin/../lib/gcc/arm-none-eabi/12.3.1/../../../../arm-none-eabi/lib/thumb/v7e-m+fp/hard\libg_nano.a(libc_a-memmove.o)
 .debug_frame   0x00005668       0x28 C:/ST/STM32CubeCLT_1.15.0/GNU-tools-for-STM32/bin/../lib/gcc/arm-none-eabi/12.3.1/../../../../arm-none-eabi/lib/thumb/v7e-m+fp/hard\libg_nano.a(libc_a-memcpy-stub.o)
 .debug_frame   0x00005690       0x3c C:/ST/STM32CubeCLT_1.15.0/GNU-tools-for-STM32/bin/../lib/gcc/arm-none-eabi/12.3.1/../../../../arm-none-eabi/lib/thumb/v7e-m+fp/hard\libg_nano.a(libc_a-reallocr.o)
 .debug_frame   0x000056cc       0x20 C:/ST/STM32CubeCLT_1.15.0/GNU-tools-for-STM32/bin/../lib/gcc/arm-none-eabi/12.3.1/../../../../arm-none-eabi/lib/thumb/v7e-m+fp/hard\libg_nano.a(libc_a-msizer.o)

.debug_info     0x00000000    0x1d057
 .debug_info    0x00000000     0x159e CMakeFiles/derbi_teller.dir/Core/Src/main.c.obj
 .debug_info    0x0000159e      0x6ac CMakeFiles/derbi_teller.dir/Core/Src/stm32f4xx_it.c.obj
 .debug_info    0x00001c4a     0x136a CMakeFiles/derbi_teller.dir/Core/Src/stm32f4xx_hal_msp.c.obj
 .debug_info    0x00002fb4      0xa10 CMakeFiles/derbi_teller.dir/USB_HOST/App/usb_host.c.obj
 .debug_info    0x000039c4     0x1ce6 CMakeFiles/derbi_teller.dir/USB_HOST/Target/usbh_conf.c.obj
 .debug_info    0x000056aa      0x1d8 CMakeFiles/derbi_teller.dir/USB_HOST/Target/usbh_platform.c.obj
 .debug_info    0x00005882      0x255 CMakeFiles/derbi_teller.dir/Core/Src/fonts.c.obj
 .debug_info    0x00005ad7     0x1325 CMakeFiles/derbi_teller.dir/Core/Src/ssd1306.c.obj
 .debug_info    0x00006dfc      0x9d8 CMakeFiles/derbi_teller.dir/Core/Src/buttons.c.obj
 .debug_info    0x000077d4      0x9f5 CMakeFiles/derbi_teller.dir/Core/Src/speed.c.obj
 .debug_info    0x000081c9     0x114c CMakeFiles/derbi_teller.dir/Drivers/STM32F4xx_HAL_Driver/Src/stm32f4xx_hal_hcd.c.obj
 .debug_info    0x00009315     0x1993 CMakeFiles/derbi_teller.dir/Drivers/STM32F4xx_HAL_Driver/Src/stm32f4xx_ll_usb.c.obj
 .debug_info    0x0000aca8      0x8af CMakeFiles/derbi_teller.dir/Drivers/STM32F4xx_HAL_Driver/Src/stm32f4xx_hal_rcc.c.obj
 .debug_info    0x0000b557      0x536 CMakeFiles/derbi_teller.dir/Drivers/STM32F4xx_HAL_Driver/Src/stm32f4xx_hal_rcc_ex.c.obj
 .debug_info    0x0000ba8d      0x6c3 CMakeFiles/derbi_teller.dir/Drivers/STM32F4xx_HAL_Driver/Src/stm32f4xx_hal_gpio.c.obj
 .debug_info    0x0000c150      0xd8c CMakeFiles/derbi_teller.dir/Drivers/STM32F4xx_HAL_Driver/Src/stm32f4xx_hal_cortex.c.obj
 .debug_info    0x0000cedc      0x944 CMakeFiles/derbi_teller.dir/Drivers/STM32F4xx_HAL_Driver/Src/stm32f4xx_hal.c.obj
 .debug_info    0x0000d820      0xcd4 CMakeFiles/derbi_teller.dir/Drivers/STM32F4xx_HAL_Driver/Src/stm32f4xx_hal_adc.c.obj
 .debug_info    0x0000e4f4     0x2415 CMakeFiles/derbi_teller.dir/Drivers/STM32F4xx_HAL_Driver/Src/stm32f4xx_hal_i2c.c.obj
 .debug_info    0x00010909      0xdf8 CMakeFiles/derbi_teller.dir/Drivers/STM32F4xx_HAL_Driver/Src/stm32f4xx_hal_i2s.c.obj
 .debug_info    0x00011701      0xa9f CMakeFiles/derbi_teller.dir/Drivers/STM32F4xx_HAL_Driver/Src/stm32f4xx_hal_i2s_ex.c.obj
 .debug_info    0x000121a0     0x1525 CMakeFiles/derbi_teller.dir/Drivers/STM32F4xx_HAL_Driver/Src/stm32f4xx_hal_spi.c.obj
 .debug_info    0x000136c5      0x512 CMakeFiles/derbi_teller.dir/Core/Src/system_stm32f4xx.c.obj
 .debug_info    0x00013bd7      0xfb2 CMakeFiles/derbi_teller.dir/Middlewares/ST/STM32_USB_Host_Library/Core/Src/usbh_core.c.obj
 .debug_info    0x00014b89      0xfa6 CMakeFiles/derbi_teller.dir/Middlewares/ST/STM32_USB_Host_Library/Core/Src/usbh_ctlreq.c.obj
 .debug_info    0x00015b2f      0xc2b CMakeFiles/derbi_teller.dir/Middlewares/ST/STM32_USB_Host_Library/Core/Src/usbh_ioreq.c.obj
 .debug_info    0x0001675a      0xa8e CMakeFiles/derbi_teller.dir/Middlewares/ST/STM32_USB_Host_Library/Core/Src/usbh_pipes.c.obj
 .debug_info    0x000171e8     0x1470 CMakeFiles/derbi_teller.dir/Middlewares/ST/STM32_USB_Host_Library/Class/CDC/Src/usbh_cdc.c.obj
 .debug_info    0x00018658      0x168 CMakeFiles/derbi_teller.dir/Core/Src/sysmem.c.obj
 .debug_info    0x000187c0       0x30 CMakeFiles/derbi_teller.dir/startup_stm32f407xx.s.obj
 .debug_info    0x000187f0      0x794 C:/ST/STM32CubeCLT_1.15.0/GNU-tools-for-STM32/bin/../lib/gcc/arm-none-eabi/12.3.1/../../../../arm-none-eabi/lib/thumb/v7e-m+fp/hard\libg_nano.a(libc_a-malloc.o)
 .debug_info    0x00018f84      0x87f C:/ST/STM32CubeCLT_1.15.0/GNU-tools-for-STM32/bin/../lib/gcc/arm-none-eabi/12.3.1/../../../../arm-none-eabi/lib/thumb/v7e-m+fp/hard\libg_nano.a(libc_a-sprintf.o)
 .debug_info    0x00019803      0x6fb C:/ST/STM32CubeCLT_1.15.0/GNU-tools-for-STM32/bin/../lib/gcc/arm-none-eabi/12.3.1/../../../../arm-none-eabi/lib/thumb/v7e-m+fp/hard\libg_nano.a(libc_a-errno.o)
 .debug_info    0x00019efe     0x10c7 C:/ST/STM32CubeCLT_1.15.0/GNU-tools-for-STM32/bin/../lib/gcc/arm-none-eabi/12.3.1/../../../../arm-none-eabi/lib/thumb/v7e-m+fp/hard\libg_nano.a(libc_a-nano-svfprintf.o)
 .debug_info    0x0001afc5      0xde2 C:/ST/STM32CubeCLT_1.15.0/GNU-tools-for-STM32/bin/../lib/gcc/arm-none-eabi/12.3.1/../../../../arm-none-eabi/lib/thumb/v7e-m+fp/hard\libg_nano.a(libc_a-nano-vfprintf_i.o)
 .debug_info    0x0001bda7      0x10f C:/ST/STM32CubeCLT_1.15.0/GNU-tools-for-STM32/bin/../lib/gcc/arm-none-eabi/12.3.1/../../../../arm-none-eabi/lib/thumb/v7e-m+fp/hard\libg_nano.a(libc_a-memmove.o)
 .debug_info    0x0001beb6       0x25 C:/ST/STM32CubeCLT_1.15.0/GNU-tools-for-STM32/bin/../lib/gcc/arm-none-eabi/12.3.1/../../../../arm-none-eabi/lib/thumb/v7e-m+fp/hard\libg_nano.a(libc_a-memchr.o)
 .debug_info    0x0001bedb      0x121 C:/ST/STM32CubeCLT_1.15.0/GNU-tools-for-STM32/bin/../lib/gcc/arm-none-eabi/12.3.1/../../../../arm-none-eabi/lib/thumb/v7e-m+fp/hard\libg_nano.a(libc_a-memcpy-stub.o)
 .debug_info    0x0001bffc      0x8c7 C:/ST/STM32CubeCLT_1.15.0/GNU-tools-for-STM32/bin/../lib/gcc/arm-none-eabi/12.3.1/../../../../arm-none-eabi/lib/thumb/v7e-m+fp/hard\libg_nano.a(libc_a-reallocr.o)
 .debug_info    0x0001c8c3      0x794 C:/ST/STM32CubeCLT_1.15.0/GNU-tools-for-STM32/bin/../lib/gcc/arm-none-eabi/12.3.1/../../../../arm-none-eabi/lib/thumb/v7e-m+fp/hard\libg_nano.a(libc_a-msizer.o)

.debug_abbrev   0x00000000     0x52d1
 .debug_abbrev  0x00000000      0x2f5 CMakeFiles/derbi_teller.dir/Core/Src/main.c.obj
 .debug_abbrev  0x000002f5      0x1a4 CMakeFiles/derbi_teller.dir/Core/Src/stm32f4xx_it.c.obj
 .debug_abbrev  0x00000499      0x229 CMakeFiles/derbi_teller.dir/Core/Src/stm32f4xx_hal_msp.c.obj
 .debug_abbrev  0x000006c2      0x26e CMakeFiles/derbi_teller.dir/USB_HOST/App/usb_host.c.obj
 .debug_abbrev  0x00000930      0x3c2 CMakeFiles/derbi_teller.dir/USB_HOST/Target/usbh_conf.c.obj
 .debug_abbrev  0x00000cf2      0x114 CMakeFiles/derbi_teller.dir/USB_HOST/Target/usbh_platform.c.obj
 .debug_abbrev  0x00000e06      0x11c CMakeFiles/derbi_teller.dir/Core/Src/fonts.c.obj
 .debug_abbrev  0x00000f22      0x30b CMakeFiles/derbi_teller.dir/Core/Src/ssd1306.c.obj
 .debug_abbrev  0x0000122d      0x1b2 CMakeFiles/derbi_teller.dir/Core/Src/buttons.c.obj