Archive member included to satisfy reference by file (symbol)

C:/ST/STM32CubeCLT_1.15.0/GNU-tools-for-STM32/bin/../lib/gcc/arm-none-eabi/12.3.1/../../../../arm-none-eabi/lib/thumb/v7e-m+fp/hard\libc_nano.a(libc_a-exit.o)
                              C:/ST/STM32CubeCLT_1.15.0/GNU-tools-for-STM32/bin/../lib/gcc/arm-none-eabi/12.3.1/../../../../arm-none-eabi/lib/thumb/v7e-m+fp/hard/crt0.o (exit)
C:/ST/STM32CubeCLT_1.15.0/GNU-tools-for-STM32/bin/../lib/gcc/arm-none-eabi/12.3.1/../../../../arm-none-eabi/lib/thumb/v7e-m+fp/hard\libc_nano.a(libc_a-findfp.o)
                              C:/ST/STM32CubeCLT_1.15.0/GNU-tools-for-STM32/bin/../lib/gcc/arm-none-eabi/12.3.1/../../../../arm-none-eabi/lib/thumb/v7e-m+fp/hard\libc_nano.a(libc_a-exit.o) (__stdio_exit_handler)
C:/ST/STM32CubeCLT_1.15.0/GNU-tools-for-STM32/bin/../lib/gcc/arm-none-eabi/12.3.1/../../../../arm-none-eabi/lib/thumb/v7e-m+fp/hard\libc_nano.a(libc_a-fwalk.o)
                              C:/ST/STM32CubeCLT_1.15.0/GNU-tools-for-STM32/bin/../lib/gcc/arm-none-eabi/12.3.1/../../../../arm-none-eabi/lib/thumb/v7e-m+fp/hard\libc_nano.a(libc_a-findfp.o) (_fwalk_sglue)
C:/ST/STM32CubeCLT_1.15.0/GNU-tools-for-STM32/bin/../lib/gcc/arm-none-eabi/12.3.1/../../../../arm-none-eabi/lib/thumb/v7e-m+fp/hard\libc_nano.a(libc_a-stdio.o)
                              C:/ST/STM32CubeCLT_1.15.0/GNU-tools-for-STM32/bin/../lib/gcc/arm-none-eabi/12.3.1/../../../../arm-none-eabi/lib/thumb/v7e-m+fp/hard\libc_nano.a(libc_a-findfp.o) (__sread)
C:/ST/STM32CubeCLT_1.15.0/GNU-tools-for-STM32/bin/../lib/gcc/arm-none-eabi/12.3.1/../../../../arm-none-eabi/lib/thumb/v7e-m+fp/hard\libc_nano.a(libc_a-memset.o)
                              C:/ST/STM32CubeCLT_1.15.0/GNU-tools-for-STM32/bin/../lib/gcc/arm-none-eabi/12.3.1/../../../../arm-none-eabi/lib/thumb/v7e-m+fp/hard/crt0.o (memset)
C:/ST/STM32CubeCLT_1.15.0/GNU-tools-for-STM32/bin/../lib/gcc/arm-none-eabi/12.3.1/../../../../arm-none-eabi/lib/thumb/v7e-m+fp/hard\libc_nano.a(libc_a-closer.o)
                              C:/ST/STM32CubeCLT_1.15.0/GNU-tools-for-STM32/bin/../lib/gcc/arm-none-eabi/12.3.1/../../../../arm-none-eabi/lib/thumb/v7e-m+fp/hard\libc_nano.a(libc_a-stdio.o) (_close_r)
C:/ST/STM32CubeCLT_1.15.0/GNU-tools-for-STM32/bin/../lib/gcc/arm-none-eabi/12.3.1/../../../../arm-none-eabi/lib/thumb/v7e-m+fp/hard\libc_nano.a(libc_a-reent.o)
                              C:/ST/STM32CubeCLT_1.15.0/GNU-tools-for-STM32/bin/../lib/gcc/arm-none-eabi/12.3.1/../../../../arm-none-eabi/lib/thumb/v7e-m+fp/hard\libc_nano.a(libc_a-closer.o) (errno)
C:/ST/STM32CubeCLT_1.15.0/GNU-tools-for-STM32/bin/../lib/gcc/arm-none-eabi/12.3.1/../../../../arm-none-eabi/lib/thumb/v7e-m+fp/hard\libc_nano.a(libc_a-impure.o)
                              C:/ST/STM32CubeCLT_1.15.0/GNU-tools-for-STM32/bin/../lib/gcc/arm-none-eabi/12.3.1/../../../../arm-none-eabi/lib/thumb/v7e-m+fp/hard\libc_nano.a(libc_a-reent.o) (_impure_ptr)
C:/ST/STM32CubeCLT_1.15.0/GNU-tools-for-STM32/bin/../lib/gcc/arm-none-eabi/12.3.1/../../../../arm-none-eabi/lib/thumb/v7e-m+fp/hard\libc_nano.a(libc_a-lseekr.o)
                              C:/ST/STM32CubeCLT_1.15.0/GNU-tools-for-STM32/bin/../lib/gcc/arm-none-eabi/12.3.1/../../../../arm-none-eabi/lib/thumb/v7e-m+fp/hard\libc_nano.a(libc_a-stdio.o) (_lseek_r)
C:/ST/STM32CubeCLT_1.15.0/GNU-tools-for-STM32/bin/../lib/gcc/arm-none-eabi/12.3.1/../../../../arm-none-eabi/lib/thumb/v7e-m+fp/hard\libc_nano.a(libc_a-readr.o)
                              C:/ST/STM32CubeCLT_1.15.0/GNU-tools-for-STM32/bin/../lib/gcc/arm-none-eabi/12.3.1/../../../../arm-none-eabi/lib/thumb/v7e-m+fp/hard\libc_nano.a(libc_a-stdio.o) (_read_r)
C:/ST/STM32CubeCLT_1.15.0/GNU-tools-for-STM32/bin/../lib/gcc/arm-none-eabi/12.3.1/../../../../arm-none-eabi/lib/thumb/v7e-m+fp/hard\libc_nano.a(libc_a-writer.o)
                              C:/ST/STM32CubeCLT_1.15.0/GNU-tools-for-STM32/bin/../lib/gcc/arm-none-eabi/12.3.1/../../../../arm-none-eabi/lib/thumb/v7e-m+fp/hard\libc_nano.a(libc_a-stdio.o) (_write_r)
C:/ST/STM32CubeCLT_1.15.0/GNU-tools-for-STM32/bin/../lib/gcc/arm-none-eabi/12.3.1/../../../../arm-none-eabi/lib/thumb/v7e-m+fp/hard\libc_nano.a(libc_a-init.o)
                              C:/ST/STM32CubeCLT_1.15.0/GNU-tools-for-STM32/bin/../lib/gcc/arm-none-eabi/12.3.1/../../../../arm-none-eabi/lib/thumb/v7e-m+fp/hard/crt0.o (__libc_init_array)
C:/ST/STM32CubeCLT_1.15.0/GNU-tools-for-STM32/bin/../lib/gcc/arm-none-eabi/12.3.1/../../../../arm-none-eabi/lib/thumb/v7e-m+fp/hard\libc_nano.a(libc_a-lock.o)
                              C:/ST/STM32CubeCLT_1.15.0/GNU-tools-for-STM32/bin/../lib/gcc/arm-none-eabi/12.3.1/../../../../arm-none-eabi/lib/thumb/v7e-m+fp/hard\libc_nano.a(libc_a-findfp.o) (__retarget_lock_init_recursive)
C:/ST/STM32CubeCLT_1.15.0/GNU-tools-for-STM32/bin/../lib/gcc/arm-none-eabi/12.3.1/../../../../arm-none-eabi/lib/thumb/v7e-m+fp/hard\libc_nano.a(libc_a-freer.o)
[...]
Memory Configuration

Name             Origin             Length             Attributes
RAM              0x20000000         0x00020000         xrw
CCMRAM           0x10000000         0x00010000         xrw
FLASH            0x08000000         0x00100000         xr
*default*        0x00000000         0xffffffff

Linker script and memory map

LOAD C:/ST/STM32CubeCLT_1.15.0/GNU-tools-for-STM32/bin/../lib/gcc/arm-none-eabi/12.3.1/thumb/v7e-m+fp/hard/crti.o
LOAD C:/ST/STM32CubeCLT_1.15.0/GNU-tools-for-STM32/bin/../lib/gcc/arm-none-eabi/12.3.1/thumb/v7e-m+fp/hard/crtbegin.o
LOAD C:/ST/STM32CubeCLT_1.15.0/GNU-tools-for-STM32/bin/../lib/gcc/arm-none-eabi/12.3.1/../../../../arm-none-eabi/lib/thumb/v7e-m+fp/hard/crt0.o
START GROUP
LOAD C:/ST/STM32CubeCLT_1.15.0/GNU-tools-for-STM32/bin/../lib/gcc/arm-none-eabi/12.3.1/../../../../arm-none-eabi/lib/thumb/v7e-m+fp/hard\libc_nano.a
LOAD C:/ST/STM32CubeCLT_1.15.0/GNU-tools-for-STM32/bin/../lib/gcc/arm-none-eabi/12.3.1/../../../../arm-none-eabi/lib/thumb/v7e-m+fp/hard\libm.a
END GROUP
LOAD CMakeFiles/derbi_teller.dir/Core/Src/main.c.obj
LOAD CMakeFiles/derbi_teller.dir/Core/Src/stm32f4xx_it.c.obj
LOAD CMakeFiles/derbi_teller.dir/Core/Src/stm32f4xx_hal_msp.c.obj
LOAD CMakeFiles/derbi_teller.dir/USB_HOST/App/usb_host.c.obj
LOAD CMakeFiles/derbi_teller.dir/USB_HOST/Target/usbh_conf.c.obj
LOAD CMakeFiles/derbi_teller.dir/USB_HOST/Target/usbh_platform.c.obj
LOAD CMakeFiles/derbi_teller.dir/Core/Src/fonts.c.obj
LOAD CMakeFiles/derbi_teller.dir/Core/Src/ssd1306.c.obj
LOAD CMakeFiles/derbi_teller.dir/Core/Src/display.c.obj
LOAD CMakeFiles/derbi_teller.dir/Core/Src/buttons.c.obj
LOAD CMakeFiles/derbi_teller.dir/Core/Src/speed.c.obj
LOAD CMakeFiles/derbi_teller.dir/Core/Src/toerental.c.obj
LOAD CMakeFiles/derbi_teller.dir/Drivers/STM32F4xx_HAL_Driver/Src/stm32f4xx_hal_hcd.c.obj
LOAD CMakeFiles/derbi_teller.dir/Drivers/STM32F4xx_HAL_Driver/Src/stm32f4xx_ll_usb.c.obj
LOAD CMakeFiles/derbi_teller.dir/Drivers/STM32F4xx_HAL_Driver/Src/stm32f4xx_hal_rcc.c.obj
LOAD CMakeFiles/derbi_teller.dir/Drivers/STM32F4xx_HAL_Driver/Src/stm32f4xx_hal_rcc_ex.c.obj
LOAD CMakeFiles/derbi_teller.dir/Drivers/STM32F4xx_HAL_Driver/Src/stm32f4xx_hal_flash.c.obj
LOAD CMakeFiles/derbi_teller.dir/Drivers/STM32F4xx_HAL_Driver/Src/stm32f4xx_hal_flash_ex.c.obj
LOAD CMakeFiles/derbi_teller.dir/Drivers/STM32F4xx_HAL_Driver/Src/stm32f4xx_hal_flash_ramfunc.c.obj
LOAD CMakeFiles/derbi_teller.dir/Drivers/STM32F4xx_HAL_Driver/Src/stm32f4xx_hal_gpio.c.obj
LOAD CMakeFiles/derbi_teller.dir/Drivers/STM32F4xx_HAL_Driver/Src/stm32f4xx_hal_dma_ex.c.obj
LOAD CMakeFiles/derbi_teller.dir/Drivers/STM32F4xx_HAL_Driver/Src/stm32f4xx_hal_dma.c.obj
LOAD CMakeFiles/derbi_teller.dir/Drivers/STM32F4xx_HAL_Driver/Src/stm32f4xx_hal_pwr.c.obj
LOAD CMakeFiles/derbi_teller.dir/Drivers/STM32F4xx_HAL_Driver/Src/stm32f4xx_hal_pwr_ex.c.obj
LOAD CMakeFiles/derbi_teller.dir/Drivers/STM32F4xx_HAL_Driver/Src/stm32f4xx_hal_cortex.c.obj
LOAD CMakeFiles/derbi_teller.dir/Drivers/STM32F4xx_HAL_Driver/Src/stm32f4xx_hal.c.obj
LOAD CMakeFiles/derbi_teller.dir/Drivers/STM32F4xx_HAL_Driver/Src/stm32f4xx_hal_exti.c.obj
LOAD CMakeFiles/derbi_teller.dir/Drivers/STM32F4xx_HAL_Driver/Src/stm32f4xx_hal_adc.c.obj
LOAD CMakeFiles/derbi_teller.dir/Drivers/STM32F4xx_HAL_Driver/Src/stm32f4xx_hal_adc_ex.c.obj
LOAD CMakeFiles/derbi_teller.dir/Drivers/STM32F4xx_HAL_Driver/Src/stm32f4xx_ll_adc.c.obj
LOAD CMakeFiles/derbi_teller.dir/Drivers/STM32F4xx_HAL_Driver/Src/stm32f4xx_hal_i2c.c.obj
LOAD CMakeFiles/derbi_teller.dir/Drivers/STM32F4xx_HAL_Driver/Src/stm32f4xx_hal_i2c_ex.c.obj
LOAD CMakeFiles/derbi_teller.dir/Drivers/STM32F4xx_HAL_Driver/Src/stm32f4xx_hal_i2s.c.obj
LOAD CMakeFiles/derbi_teller.dir/Drivers/STM32F4xx_HAL_Driver/Src/stm32f4xx_hal_i2s_ex.c.obj
LOAD CMakeFiles/derbi_teller.dir/Drivers/STM32F4xx_HAL_Driver/Src/stm32f4xx_hal_spi.c.obj
LOAD CMakeFiles/derbi_teller.dir/Drivers/STM32F4xx_HAL_Driver/Src/stm32f4xx_hal_tim.c.obj
LOAD CMakeFiles/derbi_teller.dir/Drivers/STM32F4xx_HAL_Driver/Src/stm32f4xx_hal_tim_ex.c.obj
LOAD CMakeFiles/derbi_teller.dir/Core/Src/system_stm32f4xx.c.obj
LOAD CMakeFiles/derbi_teller.dir/Middlewares/ST/STM32_USB_Host_Library/Core/Src/usbh_core.c.obj
LOAD CMakeFiles/derbi_teller.dir/Middlewares/ST/STM32_USB_Host_Library/Core/Src/usbh_ctlreq.c.obj
LOAD CMakeFiles/derbi_teller.dir/Middlewares/ST/STM32_USB_Host_Library/Core/Src/usbh_ioreq.c.obj
LOAD CMakeFiles/derbi_teller.dir/Middlewares/ST/STM32_USB_Host_Library/Core/Src/usbh_pipes.c.obj
LOAD CMakeFiles/derbi_teller.dir/Middlewares/ST/STM32_USB_Host_Library/Class/CDC/Src/usbh_cdc.c.obj
LOAD CMakeFiles/derbi_teller.dir/Core/Src/sysmem.c.obj
LOAD CMakeFiles/derbi_teller.dir/Core/Src/syscalls.c.obj
LOAD CMakeFiles/derbi_teller.dir/startup_stm32f407xx.s.obj
LOAD C:/Users/olivi/Documents/GitHub/derbi-teller/derbi_teller/cmake/stm32cubemx/../../Middlewares/ST/ARM/DSP/Lib/libarm_cortexM4lf_math.a
START GROUP
LOAD C:/ST/STM32CubeCLT_1.15.0/GNU-tools-for-STM32/bin/../lib/gcc/arm-none-eabi/12.3.1/thumb/v7e-m+fp/hard\libgcc.a
LOAD C:/ST/STM32CubeCLT_1.15.0/GNU-tools-for-STM32/bin/../lib/gcc/arm-none-eabi/12.3.1/../../../../arm-none-eabi/lib/thumb/v7e-m+fp/hard\libg_nano.a
LOAD C:/ST/STM32CubeCLT_1.15.0/GNU-tools-for-STM32/bin/../lib/gcc/arm-none-eabi/12.3.1/../../../../arm-none-eabi/lib/thumb/v7e-m+fp/hard\libc_nano.a
END GROUP
START GROUP
LOAD C:/ST/STM32CubeCLT_1.15.0/GNU-tools-for-STM32/bin/../lib/gcc/arm-none-eabi/12.3.1/thumb/v7e-m+fp/hard\libgcc.a
LOAD C:/ST/STM32CubeCLT_1.15.0/GNU-tools-for-STM32/bin/../lib/gcc/arm-none-eabi/12.3.1/../../../../arm-none-eabi/lib/thumb/v7e-m+fp/hard\libc_nano.a
END GROUP
LOAD C:/ST/STM32CubeCLT_1.15.0/GNU-tools-for-STM32/bin/../lib/gcc/arm-none-eabi/12.3.1/thumb/v7e-m+fp/hard/crtend.o
LOAD C:/ST/STM32CubeCLT_1.15.0/GNU-tools-for-STM32/bin/../lib/gcc/arm-none-eabi/12.3.1/thumb/v7e-m+fp/hard/crtn.o
                0x20020000                        _estack = (ORIGIN (RAM) + LENGTH (RAM))
                0x00000200                        _Min_Heap_Size = 0x200
                0x00000400                        _Min_Stack_Size = 0x400

.isr_vector     0x08000000      0x188
                0x08000000                        . = ALIGN (0x4)
 *(.isr_vector)
 .isr_vector    0x08000000      0x188 CMakeFiles/derbi_teller.dir/startup_stm32f407xx.s.obj
                0x08000000                g_pfnVectors
                0x08000188                        . = ALIGN (0x4)

.text           0x08000190     0xd018
                0x08000190                        . = ALIGN (0x4)
 *(.text)
 .text          0x08000190       0x40 C:/ST/STM32CubeCLT_1.15.0/GNU-tools-for-STM32/bin/../lib/gcc/arm-none-eabi/12.3.1/thumb/v7e-m+fp/hard/crtbegin.o
 .text          0x080001d0       0x30 C:/ST/STM32CubeCLT_1.15.0/GNU-tools-for-STM32/bin/../lib/gcc/arm-none-eabi/12.3.1/thumb/v7e-m+fp/hard\libgcc.a(_aeabi_uldivmod.o)
                0x080001d0                __aeabi_uldivmod
 .text          0x08000200      0x2bc C:/ST/STM32CubeCLT_1.15.0/GNU-tools-for-STM32/bin/../lib/gcc/arm-none-eabi/12.3.1/thumb/v7e-m+fp/hard\libgcc.a(_udivmoddi4.o)
                0x08000200                __udivmoddi4
 .text          0x080004bc        0x4 C:/ST/STM32CubeCLT_1.15.0/GNU-tools-for-STM32/bin/../lib/gcc/arm-none-eabi/12.3.1/thumb/v7e-m+fp/hard\libgcc.a(_dvmd_tls.o)
                0x080004bc                __aeabi_idiv0
                0x080004bc                __aeabi_ldiv0
 .text          0x080004c0       0xa0 C:/ST/STM32CubeCLT_1.15.0/GNU-tools-for-STM32/bin/../lib/gcc/arm-none-eabi/12.3.1/../../../../arm-none-eabi/lib/thumb/v7e-m+fp/hard\libg_nano.a(libc_a-memchr.o)
                0x080004c0                memchr
 *(.text*)
 .text.memset   0x08000560       0x10 C:/ST/STM32CubeCLT_1.15.0/GNU-tools-for-STM32/bin/../lib/gcc/arm-none-eabi/12.3.1/../../../../arm-none-eabi/lib/thumb/v7e-m+fp/hard\libc_nano.a(libc_a-memset.o)
                0x08000560                memset
 .text.__libc_init_array
                0x08000570       0x48 C:/ST/STM32CubeCLT_1.15.0/GNU-tools-for-STM32/bin/../lib/gcc/arm-none-eabi/12.3.1/../../../../arm-none-eabi/lib/thumb/v7e-m+fp/hard\libc_nano.a(libc_a-init.o)
                0x08000570                __libc_init_array
 .text.__retarget_lock_acquire_recursive
                0x080005b8        0x2 C:/ST/STM32CubeCLT_1.15.0/GNU-tools-for-STM32/bin/../lib/gcc/arm-none-eabi/12.3.1/../../../../arm-none-eabi/lib/thumb/v7e-m+fp/hard\libc_nano.a(libc_a-lock.o)
                0x080005b8                __retarget_lock_acquire_recursive
 .text.__retarget_lock_release_recursive
                0x080005ba        0x2 C:/ST/STM32CubeCLT_1.15.0/GNU-tools-for-STM32/bin/../lib/gcc/arm-none-eabi/12.3.1/../../../../arm-none-eabi/lib/thumb/v7e-m+fp/hard\libc_nano.a(libc_a-lock.o)
                0x080005ba                __retarget_lock_release_recursive
 .text._free_r  0x080005bc       0x94 C:/ST/STM32CubeCLT_1.15.0/GNU-tools-for-STM32/bin/../lib/gcc/arm-none-eabi/12.3.1/../../../../arm-none-eabi/lib/thumb/v7e-m+fp/hard\libc_nano.a(libc_a-freer.o)
                0x080005bc                _free_r
 .text.sbrk_aligned
                0x08000650       0x44 C:/ST/STM32CubeCLT_1.15.0/GNU-tools-for-STM32/bin/../lib/gcc/arm-none-eabi/12.3.1/../../../../arm-none-eabi/lib/thumb/v7e-m+fp/hard\libc_nano.a(libc_a-mallocr.o)
 .text._malloc_r
                0x08000694      0x100 C:/ST/STM32CubeCLT_1.15.0/GNU-tools-for-STM32/bin/../lib/gcc/arm-none-eabi/12.3.1/../../../../arm-none-eabi/lib/thumb/v7e-m+fp/hard\libc_nano.a(libc_a-mallocr.o)
                0x08000694                _malloc_r
 .text.__malloc_lock
                0x08000794        0xc C:/ST/STM32CubeCLT_1.15.0/GNU-tools-for-STM32/bin/../lib/gcc/arm-none-eabi/12.3.1/../../../../arm-none-eabi/lib/thumb/v7e-m+fp/hard\libc_nano.a(libc_a-mlock.o)
                0x08000794                __malloc_lock
 .text.__malloc_unlock
                0x080007a0        0xc C:/ST/STM32CubeCLT_1.15.0/GNU-tools-for-STM32/bin/../lib/gcc/arm-none-eabi/12.3.1/../../../../arm-none-eabi/lib/thumb/v7e-m+fp/hard\libc_nano.a(libc_a-mlock.o)
                0x080007a0                __malloc_unlock
 .text._sbrk_r  0x080007ac       0x20 C:/ST/STM32CubeCLT_1.15.0/GNU-tools-for-STM32/bin/../lib/gcc/arm-none-eabi/12.3.1/../../../../arm-none-eabi/lib/thumb/v7e-m+fp/hard\libc_nano.a(libc_a-sbrkr.o)
                0x080007ac                _sbrk_r
 .text.main     0x080007cc       0x84 CMakeFiles/derbi_teller.dir/Core/Src/main.c.obj
                0x080007cc                main
 .text.SystemClock_Config
                0x08000850       0xd4 CMakeFiles/derbi_teller.dir/Core/Src/main.c.obj
                0x08000850                SystemClock_Config
 .text.MX_ADC1_Init
                0x08000924       0xa4 CMakeFiles/derbi_teller.dir/Core/Src/main.c.obj
 .text.MX_ADC2_Init
                0x080009c8       0xa4 CMakeFiles/derbi_teller.dir/Core/Src/main.c.obj
 .text.MX_ADC3_Init
                0x08000a6c       0xa4 CMakeFiles/derbi_teller.dir/Core/Src/main.c.obj
 .text.MX_I2C1_Init
                0x08000b10       0x5c CMakeFiles/derbi_teller.dir/Core/Src/main.c.obj
 .text.MX_I2C3_Init
                0x08000b6c       0x5c CMakeFiles/derbi_teller.dir/Core/Src/main.c.obj
 .text.MX_I2S3_Init
                0x08000bc8       0x60 CMakeFiles/derbi_teller.dir/Core/Src/main.c.obj
 .text.MX_SPI1_Init
                0x08000c28       0x6c CMakeFiles/derbi_teller.dir/Core/Src/main.c.obj
 .text.MX_DMA_Init
                0x08000c94       0x40 CMakeFiles/derbi_teller.dir/Core/Src/main.c.obj
 .text.MX_GPIO_Init
                0x08000cd4      0x1fc CMakeFiles/derbi_teller.dir/Core/Src/main.c.obj
 .text.HAL_ADC_ConvCpltCallback
                0x08000ed0       0x14 CMakeFiles/derbi_teller.dir/Core/Src/main.c.obj
                0x08000ed0                HAL_ADC_ConvCpltCallback
 .text.Error_Handler
                0x08000ee4        0xc CMakeFiles/derbi_teller.dir/Core/Src/main.c.obj
                0x08000ee4                Error_Handler
 .text.NMI_Handler
                0x08000ef0        0x8 CMakeFiles/derbi_teller.dir/Core/Src/stm32f4xx_it.c.obj
                0x08000ef0                NMI_Handler
 .text.HardFault_Handler
                0x08000ef8        0x8 CMakeFiles/derbi_teller.dir/Core/Src/stm32f4xx_it.c.obj
                0x08000ef8                HardFault_Handler
 .text.MemManage_Handler
                0x08000f00        0x8 CMakeFiles/derbi_teller.dir/Core/Src/stm32f4xx_it.c.obj
                0x08000f00                MemManage_Handler
 .text.BusFault_Handler
                0x08000f08        0x8 CMakeFiles/derbi_teller.dir/Core/Src/stm32f4xx_it.c.obj
                0x08000f08                BusFault_Handler
 .text.UsageFault_Handler
                0x08000f10        0x8 CMakeFiles/derbi_teller.dir/Core/Src/stm32f4xx_it.c.obj
                0x08000f10                UsageFault_Handler
 .text.SVC_Handler
                0x08000f18        0xe CMakeFiles/derbi_teller.dir/Core/Src/stm32f4xx_it.c.obj
                0x08000f18                SVC_Handler
 .text.DebugMon_Handler
                0x08000f26        0xe CMakeFiles/derbi_teller.dir/Core/Src/stm32f4xx_it.c.obj
                0x08000f26                DebugMon_Handler
 .text.PendSV_Handler
                0x08000f34        0xe CMakeFiles/derbi_teller.dir/Core/Src/stm32f4xx_it.c.obj
                0x08000f34                PendSV_Handler
 .text.SysTick_Handler
                0x08000f42        0xc CMakeFiles/derbi_teller.dir/Core/Src/stm32f4xx_it.c.obj
                0x08000f42                SysTick_Handler
 *fill*         0x08000f4e        0x2 
 .text.ADC_IRQHandler
                0x08000f50       0x28 CMakeFiles/derbi_teller.dir/Core/Src/stm32f4xx_it.c.obj
                0x08000f50                ADC_IRQHandler
 .text.DMA2_Stream0_IRQHandler
                0x08000f78       0x14 CMakeFiles/derbi_teller.dir/Core/Src/stm32f4xx_it.c.obj
                0x08000f78                DMA2_Stream0_IRQHandler
 .text.OTG_FS_IRQHandler
                0x08000f8c       0x14 CMakeFiles/derbi_teller.dir/Core/Src/stm32f4xx_it.c.obj
                0x08000f8c                OTG_FS_IRQHandler
 .text.HAL_MspInit
                0x08000fa0       0x50 CMakeFiles/derbi_teller.dir/Core/Src/stm32f4xx_hal_msp.c.obj
                0x08000fa0                HAL_MspInit
 .text.HAL_ADC_MspInit
                0x08000ff0      0x1e4 CMakeFiles/derbi_teller.dir/Core/Src/stm32f4xx_hal_msp.c.obj
                0x08000ff0                HAL_ADC_MspInit
 .text.HAL_I2C_MspInit
                0x080011d4      0x140 CMakeFiles/derbi_teller.dir/Core/Src/stm32f4xx_hal_msp.c.obj
                0x080011d4                HAL_I2C_MspInit
 .text.HAL_I2S_MspInit
                0x08001314      0x100 CMakeFiles/derbi_teller.dir/Core/Src/stm32f4xx_hal_msp.c.obj
                0x08001314                HAL_I2S_MspInit
 .text.HAL_SPI_MspInit
                0x08001414       0x90 CMakeFiles/derbi_teller.dir/Core/Src/stm32f4xx_hal_msp.c.obj
                0x08001414                HAL_SPI_MspInit
 .text.MX_USB_HOST_Init
                0x080014a4       0x4c CMakeFiles/derbi_teller.dir/USB_HOST/App/usb_host.c.obj
                0x080014a4                MX_USB_HOST_Init
 .text.MX_USB_HOST_Process
                0x080014f0       0x14 CMakeFiles/derbi_teller.dir/USB_HOST/App/usb_host.c.obj
                0x080014f0                MX_USB_HOST_Process
 .text.USBH_UserProcess
                0x08001504       0x5c CMakeFiles/derbi_teller.dir/USB_HOST/App/usb_host.c.obj
 .text.HAL_HCD_MspInit
                0x08001560       0xc4 CMakeFiles/derbi_teller.dir/USB_HOST/Target/usbh_conf.c.obj
                0x08001560                HAL_HCD_MspInit
 .text.HAL_HCD_SOF_Callback
                0x08001624       0x1c CMakeFiles/derbi_teller.dir/USB_HOST/Target/usbh_conf.c.obj
                0x08001624                HAL_HCD_SOF_Callback
 .text.HAL_HCD_Connect_Callback
                0x08001640       0x1c CMakeFiles/derbi_teller.dir/USB_HOST/Target/usbh_conf.c.obj
                0x08001640                HAL_HCD_Connect_Callback
 .text.HAL_HCD_Disconnect_Callback
                0x0800165c       0x1c CMakeFiles/derbi_teller.dir/USB_HOST/Target/usbh_conf.c.obj
                0x0800165c                HAL_HCD_Disconnect_Callback
 .text.HAL_HCD_HC_NotifyURBChange_Callback
                0x08001678       0x1c CMakeFiles/derbi_teller.dir/USB_HOST/Target/usbh_conf.c.obj
                0x08001678                HAL_HCD_HC_NotifyURBChange_Callback
 .text.HAL_HCD_PortEnabled_Callback
                0x08001694       0x1c CMakeFiles/derbi_teller.dir/USB_HOST/Target/usbh_conf.c.obj
                0x08001694                HAL_HCD_PortEnabled_Callback
 .text.HAL_HCD_PortDisabled_Callback
                0x080016b0       0x1c CMakeFiles/derbi_teller.dir/USB_HOST/Target/usbh_conf.c.obj
                0x080016b0                HAL_HCD_PortDisabled_Callback
 .text.USBH_LL_Init
                0x080016cc       0x78 CMakeFiles/derbi_teller.dir/USB_HOST/Target/usbh_conf.c.obj
                0x080016cc                USBH_LL_Init
 .text.USBH_LL_Start
                0x08001744       0x36 CMakeFiles/derbi_teller.dir/USB_HOST/Target/usbh_conf.c.obj
                0x08001744                USBH_LL_Start
 .text.USBH_LL_Stop
                0x0800177a       0x36 CMakeFiles/derbi_teller.dir/USB_HOST/Target/usbh_conf.c.obj
                0x0800177a                USBH_LL_Stop
 .text.USBH_LL_GetSpeed
                0x080017b0       0x4e CMakeFiles/derbi_teller.dir/USB_HOST/Target/usbh_conf.c.obj
                0x080017b0                USBH_LL_GetSpeed
 .text.USBH_LL_ResetPort
                0x080017fe       0x36 CMakeFiles/derbi_teller.dir/USB_HOST/Target/usbh_conf.c.obj
                0x080017fe                USBH_LL_ResetPort
 .text.USBH_LL_GetLastXferSize
                0x08001834       0x26 CMakeFiles/derbi_teller.dir/USB_HOST/Target/usbh_conf.c.obj
                0x08001834                USBH_LL_GetLastXferSize
 .text.USBH_LL_OpenPipe
                0x0800185a       0x5e CMakeFiles/derbi_teller.dir/USB_HOST/Target/usbh_conf.c.obj
                0x0800185a                USBH_LL_OpenPipe
 .text.USBH_LL_ClosePipe
                0x080018b8       0x3e CMakeFiles/derbi_teller.dir/USB_HOST/Target/usbh_conf.c.obj
                0x080018b8                USBH_LL_ClosePipe
 .text.USBH_LL_SubmitURB
                0x080018f6       0x62 CMakeFiles/derbi_teller.dir/USB_HOST/Target/usbh_conf.c.obj
                0x080018f6                USBH_LL_SubmitURB
 .text.USBH_LL_GetURBState
                0x08001958       0x26 CMakeFiles/derbi_teller.dir/USB_HOST/Target/usbh_conf.c.obj
                0x08001958                USBH_LL_GetURBState
 .text.USBH_LL_DriverVBUS
                0x0800197e       0x2e CMakeFiles/derbi_teller.dir/USB_HOST/Target/usbh_conf.c.obj
                0x0800197e                USBH_LL_DriverVBUS
 .text.USBH_LL_SetToggle
                0x080019ac       0x66 CMakeFiles/derbi_teller.dir/USB_HOST/Target/usbh_conf.c.obj
                0x080019ac                USBH_LL_SetToggle
 .text.USBH_Delay
                0x08001a12       0x16 CMakeFiles/derbi_teller.dir/USB_HOST/Target/usbh_conf.c.obj
                0x08001a12                USBH_Delay
 .text.USBH_Get_USB_Status
                0x08001a28       0x58 CMakeFiles/derbi_teller.dir/USB_HOST/Target/usbh_conf.c.obj
                0x08001a28                USBH_Get_USB_Status
 .text.MX_DriverVbusFS
                0x08001a80       0x38 CMakeFiles/derbi_teller.dir/USB_HOST/Target/usbh_platform.c.obj
                0x08001a80                MX_DriverVbusFS
 .text.SSD1306_Init
                0x08001ab8      0x1c0 CMakeFiles/derbi_teller.dir/Core/Src/ssd1306.c.obj
                0x08001ab8                SSD1306_Init
 .text.SSD1306_UpdateScreen
                0x08001c78       0x68 CMakeFiles/derbi_teller.dir/Core/Src/ssd1306.c.obj
                0x08001c78                SSD1306_UpdateScreen
 .text.SSD1306_Fill
                0x08001ce0       0x30 CMakeFiles/derbi_teller.dir/Core/Src/ssd1306.c.obj
                0x08001ce0                SSD1306_Fill
 .text.SSD1306_DrawPixel
                0x08001d10       0xc0 CMakeFiles/derbi_teller.dir/Core/Src/ssd1306.c.obj
                0x08001d10                SSD1306_DrawPixel
 .text.SSD1306_GotoXY
                0x08001dd0       0x2c CMakeFiles/derbi_teller.dir/Core/Src/ssd1306.c.obj
                0x08001dd0                SSD1306_GotoXY
 .text.SSD1306_Putc
                0x08001dfc       0xfc CMakeFiles/derbi_teller.dir/Core/Src/ssd1306.c.obj
                0x08001dfc                SSD1306_Putc
 .text.SSD1306_Puts
                0x08001ef8       0x4a CMakeFiles/derbi_teller.dir/Core/Src/ssd1306.c.obj
                0x08001ef8                SSD1306_Puts
 *fill*         0x08001f42        0x2 
 .text.ssd1306_I2C_Init
                0x08001f44       0x2c CMakeFiles/derbi_teller.dir/Core/Src/ssd1306.c.obj
                0x08001f44                ssd1306_I2C_Init
 .text.ssd1306_I2C_WriteMulti
                0x08001f70       0xc0 CMakeFiles/derbi_teller.dir/Core/Src/ssd1306.c.obj
                0x08001f70                ssd1306_I2C_WriteMulti
 .text.ssd1306_I2C_Write
                0x08002030       0x3e CMakeFiles/derbi_teller.dir/Core/Src/ssd1306.c.obj
                0x08002030                ssd1306_I2C_Write
 *fill*         0x0800206e        0x2 
 .text.buttons  0x08002070      0x140 CMakeFiles/derbi_teller.dir/Core/Src/buttons.c.obj
                0x08002070                buttons
 .text.speed    0x080021b0       0x58 CMakeFiles/derbi_teller.dir/Core/Src/speed.c.obj
                0x080021b0                speed
 .text.samplefreq
                0x08002208      0x114 CMakeFiles/derbi_teller.dir/Core/Src/speed.c.obj
                0x08002208                samplefreq
 .text.process_halfbuf
                0x0800231c       0x4c CMakeFiles/derbi_teller.dir/Core/Src/toerental.c.obj
                0x0800231c                process_halfbuf
 .text.fft      0x08002368       0x48 CMakeFiles/derbi_teller.dir/Core/Src/toerental.c.obj
                0x08002368                fft
 .text.HAL_HCD_Init
                0x080023b0       0xce CMakeFiles/derbi_teller.dir/Drivers/STM32F4xx_HAL_Driver/Src/stm32f4xx_hal_hcd.c.obj
                0x080023b0                HAL_HCD_Init
 .text.HAL_HCD_HC_Init
                0x0800247e      0x170 CMakeFiles/derbi_teller.dir/Drivers/STM32F4xx_HAL_Driver/Src/stm32f4xx_hal_hcd.c.obj
                0x0800247e                HAL_HCD_HC_Init
 .text.HAL_HCD_HC_Halt
                0x080025ee       0x46 CMakeFiles/derbi_teller.dir/Drivers/STM32F4xx_HAL_Driver/Src/stm32f4xx_hal_hcd.c.obj
                0x080025ee                HAL_HCD_HC_Halt
 .text.HAL_HCD_HC_SubmitRequest
                0x08002634      0x33c CMakeFiles/derbi_teller.dir/Drivers/STM32F4xx_HAL_Driver/Src/stm32f4xx_hal_hcd.c.obj
                0x08002634                HAL_HCD_HC_SubmitRequest
 .text.HAL_HCD_IRQHandler
                0x08002970      0x220 CMakeFiles/derbi_teller.dir/Drivers/STM32F4xx_HAL_Driver/Src/stm32f4xx_hal_hcd.c.obj
                0x08002970                HAL_HCD_IRQHandler
 .text.HAL_HCD_Start
                0x08002b90       0x46 CMakeFiles/derbi_teller.dir/Drivers/STM32F4xx_HAL_Driver/Src/stm32f4xx_hal_hcd.c.obj
                0x08002b90                HAL_HCD_Start
 .text.HAL_HCD_Stop
                0x08002bd6       0x3a CMakeFiles/derbi_teller.dir/Drivers/STM32F4xx_HAL_Driver/Src/stm32f4xx_hal_hcd.c.obj
                0x08002bd6                HAL_HCD_Stop
 .text.HAL_HCD_ResetPort
                0x08002c10       0x1c CMakeFiles/derbi_teller.dir/Drivers/STM32F4xx_HAL_Driver/Src/stm32f4xx_hal_hcd.c.obj
                0x08002c10                HAL_HCD_ResetPort
 .text.HAL_HCD_HC_GetURBState
                0x08002c2c       0x2a CMakeFiles/derbi_teller.dir/Drivers/STM32F4xx_HAL_Driver/Src/stm32f4xx_hal_hcd.c.obj
                0x08002c2c                HAL_HCD_HC_GetURBState
 .text.HAL_HCD_HC_GetXferCount
                0x08002c56       0x2a CMakeFiles/derbi_teller.dir/Drivers/STM32F4xx_HAL_Driver/Src/stm32f4xx_hal_hcd.c.obj
                0x08002c56                HAL_HCD_HC_GetXferCount
 .text.HAL_HCD_GetCurrentFrame
                0x08002c80       0x1c CMakeFiles/derbi_teller.dir/Drivers/STM32F4xx_HAL_Driver/Src/stm32f4xx_hal_hcd.c.obj
                0x08002c80                HAL_HCD_GetCurrentFrame
 .text.HAL_HCD_GetCurrentSpeed
                0x08002c9c       0x1c CMakeFiles/derbi_teller.dir/Drivers/STM32F4xx_HAL_Driver/Src/stm32f4xx_hal_hcd.c.obj
                0x08002c9c                HAL_HCD_GetCurrentSpeed
 .text.HAL_HCD_HC_ClearHubInfo
                0x08002cb8       0x6a CMakeFiles/derbi_teller.dir/Drivers/STM32F4xx_HAL_Driver/Src/stm32f4xx_hal_hcd.c.obj
                0x08002cb8                HAL_HCD_HC_ClearHubInfo
 .text.HCD_HC_IN_IRQHandler
                0x08002d22      0xcd2 CMakeFiles/derbi_teller.dir/Drivers/STM32F4xx_HAL_Driver/Src/stm32f4xx_hal_hcd.c.obj
 .text.HCD_HC_OUT_IRQHandler
                0x080039f4      0x97e CMakeFiles/derbi_teller.dir/Drivers/STM32F4xx_HAL_Driver/Src/stm32f4xx_hal_hcd.c.obj
 .text.HCD_RXQLVL_IRQHandler
                0x08004372      0x1be CMakeFiles/derbi_teller.dir/Drivers/STM32F4xx_HAL_Driver/Src/stm32f4xx_hal_hcd.c.obj
 .text.HCD_Port_IRQHandler
                0x08004530       0xe6 CMakeFiles/derbi_teller.dir/Drivers/STM32F4xx_HAL_Driver/Src/stm32f4xx_hal_hcd.c.obj
 .text.USB_CoreInit
                0x08004616       0xc8 CMakeFiles/derbi_teller.dir/Drivers/STM32F4xx_HAL_Driver/Src/stm32f4xx_ll_usb.c.obj
                0x08004616                USB_CoreInit
 .text.USB_EnableGlobalInt
                0x080046de       0x22 CMakeFiles/derbi_teller.dir/Drivers/STM32F4xx_HAL_Driver/Src/stm32f4xx_ll_usb.c.obj
                0x080046de                USB_EnableGlobalInt
 .text.USB_DisableGlobalInt
                0x08004700       0x22 CMakeFiles/derbi_teller.dir/Drivers/STM32F4xx_HAL_Driver/Src/stm32f4xx_ll_usb.c.obj
                0x08004700                USB_DisableGlobalInt
 .text.USB_SetCurrentMode
                0x08004722       0x98 CMakeFiles/derbi_teller.dir/Drivers/STM32F4xx_HAL_Driver/Src/stm32f4xx_ll_usb.c.obj
                0x08004722                USB_SetCurrentMode
 .text.USB_FlushTxFifo
                0x080047ba       0x64 CMakeFiles/derbi_teller.dir/Drivers/STM32F4xx_HAL_Driver/Src/stm32f4xx_ll_usb.c.obj
                0x080047ba                USB_FlushTxFifo
 .text.USB_FlushRxFifo
                0x0800481e       0x5c CMakeFiles/derbi_teller.dir/Drivers/STM32F4xx_HAL_Driver/Src/stm32f4xx_ll_usb.c.obj
                0x0800481e                USB_FlushRxFifo
 .text.USB_WritePacket
                0x0800487a       0x7c CMakeFiles/derbi_teller.dir/Drivers/STM32F4xx_HAL_Driver/Src/stm32f4xx_ll_usb.c.obj
                0x0800487a                USB_WritePacket
 .text.USB_ReadPacket
                0x080048f6       0xb0 CMakeFiles/derbi_teller.dir/Drivers/STM32F4xx_HAL_Driver/Src/stm32f4xx_ll_usb.c.obj
                0x080048f6                USB_ReadPacket
 .text.USB_ReadInterrupts
                0x080049a6       0x26 CMakeFiles/derbi_teller.dir/Drivers/STM32F4xx_HAL_Driver/Src/stm32f4xx_ll_usb.c.obj
                0x080049a6                USB_ReadInterrupts
 .text.USB_ReadChInterrupts
                0x080049cc       0x42 CMakeFiles/derbi_teller.dir/Drivers/STM32F4xx_HAL_Driver/Src/stm32f4xx_ll_usb.c.obj
                0x080049cc                USB_ReadChInterrupts
 .text.USB_GetMode
                0x08004a0e       0x1c CMakeFiles/derbi_teller.dir/Drivers/STM32F4xx_HAL_Driver/Src/stm32f4xx_ll_usb.c.obj
                0x08004a0e                USB_GetMode
 .text.USB_CoreReset
                0x08004a2a       0x62 CMakeFiles/derbi_teller.dir/Drivers/STM32F4xx_HAL_Driver/Src/stm32f4xx_ll_usb.c.obj
 .text.USB_HostInit
                0x08004a8c      0x188 CMakeFiles/derbi_teller.dir/Drivers/STM32F4xx_HAL_Driver/Src/stm32f4xx_ll_usb.c.obj
                0x08004a8c                USB_HostInit
 .text.USB_InitFSLSPClkSel
                0x08004c14       0x7a CMakeFiles/derbi_teller.dir/Drivers/STM32F4xx_HAL_Driver/Src/stm32f4xx_ll_usb.c.obj
                0x08004c14                USB_InitFSLSPClkSel
 .text.USB_ResetPort
                0x08004c8e       0x54 CMakeFiles/derbi_teller.dir/Drivers/STM32F4xx_HAL_Driver/Src/stm32f4xx_ll_usb.c.obj
                0x08004c8e                USB_ResetPort
 .text.USB_DriveVbus
                0x08004ce2       0x72 CMakeFiles/derbi_teller.dir/Drivers/STM32F4xx_HAL_Driver/Src/stm32f4xx_ll_usb.c.obj
                0x08004ce2                USB_DriveVbus
 .text.USB_GetHostSpeed
                0x08004d54       0x2e CMakeFiles/derbi_teller.dir/Drivers/STM32F4xx_HAL_Driver/Src/stm32f4xx_ll_usb.c.obj
                0x08004d54                USB_GetHostSpeed
 .text.USB_GetCurrentFrame
                0x08004d82       0x22 CMakeFiles/derbi_teller.dir/Drivers/STM32F4xx_HAL_Driver/Src/stm32f4xx_ll_usb.c.obj
                0x08004d82                USB_GetCurrentFrame
 .text.USB_HC_Init
                0x08004da4      0x258 CMakeFiles/derbi_teller.dir/Drivers/STM32F4xx_HAL_Driver/Src/stm32f4xx_ll_usb.c.obj
                0x08004da4                USB_HC_Init
 .text.USB_HC_StartXfer
                0x08004ffc      0x4f4 CMakeFiles/derbi_teller.dir/Drivers/STM32F4xx_HAL_Driver/Src/stm32f4xx_ll_usb.c.obj
                0x08004ffc                USB_HC_StartXfer
 .text.USB_HC_ReadInterrupt
                0x080054f0       0x22 CMakeFiles/derbi_teller.dir/Drivers/STM32F4xx_HAL_Driver/Src/stm32f4xx_ll_usb.c.obj
                0x080054f0                USB_HC_ReadInterrupt
 .text.USB_HC_Halt
                0x08005512      0x240 CMakeFiles/derbi_teller.dir/Drivers/STM32F4xx_HAL_Driver/Src/stm32f4xx_ll_usb.c.obj
                0x08005512                USB_HC_Halt
 *fill*         0x08005752        0x2 
 .text.USB_DoPing
                0x08005754       0x78 CMakeFiles/derbi_teller.dir/Drivers/STM32F4xx_HAL_Driver/Src/stm32f4xx_ll_usb.c.obj
                0x08005754                USB_DoPing
 .text.USB_StopHost
                0x080057cc      0x124 CMakeFiles/derbi_teller.dir/Drivers/STM32F4xx_HAL_Driver/Src/stm32f4xx_ll_usb.c.obj
                0x080057cc                USB_StopHost
 .text.HAL_RCC_OscConfig
                0x080058f0      0x4f0 CMakeFiles/derbi_teller.dir/Drivers/STM32F4xx_HAL_Driver/Src/stm32f4xx_hal_rcc.c.obj
                0x080058f0                HAL_RCC_OscConfig
 .text.HAL_RCC_ClockConfig
                0x08005de0      0x1cc CMakeFiles/derbi_teller.dir/Drivers/STM32F4xx_HAL_Driver/Src/stm32f4xx_hal_rcc.c.obj
                0x08005de0                HAL_RCC_ClockConfig
 .text.HAL_RCC_GetSysClockFreq
                0x08005fac      0x20c CMakeFiles/derbi_teller.dir/Drivers/STM32F4xx_HAL_Driver/Src/stm32f4xx_hal_rcc.c.obj
                0x08005fac                HAL_RCC_GetSysClockFreq
 .text.HAL_RCC_GetHCLKFreq
                0x080061b8       0x18 CMakeFiles/derbi_teller.dir/Drivers/STM32F4xx_HAL_Driver/Src/stm32f4xx_hal_rcc.c.obj
                0x080061b8                HAL_RCC_GetHCLKFreq
 .text.HAL_RCC_GetPCLK1Freq
                0x080061d0       0x28 CMakeFiles/derbi_teller.dir/Drivers/STM32F4xx_HAL_Driver/Src/stm32f4xx_hal_rcc.c.obj
                0x080061d0                HAL_RCC_GetPCLK1Freq
 .text.HAL_RCCEx_PeriphCLKConfig
                0x080061f8      0x1c4 CMakeFiles/derbi_teller.dir/Drivers/STM32F4xx_HAL_Driver/Src/stm32f4xx_hal_rcc_ex.c.obj
                0x080061f8                HAL_RCCEx_PeriphCLKConfig
 .text.HAL_RCCEx_GetPeriphCLKFreq
                0x080063bc       0xc0 CMakeFiles/derbi_teller.dir/Drivers/STM32F4xx_HAL_Driver/Src/stm32f4xx_hal_rcc_ex.c.obj
                0x080063bc                HAL_RCCEx_GetPeriphCLKFreq
 .text.HAL_GPIO_Init
                0x0800647c      0x338 CMakeFiles/derbi_teller.dir/Drivers/STM32F4xx_HAL_Driver/Src/stm32f4xx_hal_gpio.c.obj
                0x0800647c                HAL_GPIO_Init
 .text.HAL_GPIO_WritePin
                0x080067b4       0x32 CMakeFiles/derbi_teller.dir/Drivers/STM32F4xx_HAL_Driver/Src/stm32f4xx_hal_gpio.c.obj
                0x080067b4                HAL_GPIO_WritePin
 *fill*         0x080067e6        0x2 
 .text.HAL_DMA_Init
                0x080067e8      0x15c CMakeFiles/derbi_teller.dir/Drivers/STM32F4xx_HAL_Driver/Src/stm32f4xx_hal_dma.c.obj
                0x080067e8                HAL_DMA_Init
 .text.HAL_DMA_Start_IT
                0x08006944       0xb0 CMakeFiles/derbi_teller.dir/Drivers/STM32F4xx_HAL_Driver/Src/stm32f4xx_hal_dma.c.obj
                0x08006944                HAL_DMA_Start_IT
 .text.HAL_DMA_IRQHandler
                0x080069f4      0x314 CMakeFiles/derbi_teller.dir/Drivers/STM32F4xx_HAL_Driver/Src/stm32f4xx_hal_dma.c.obj
                0x080069f4                HAL_DMA_IRQHandler
 .text.DMA_SetConfig
                0x08006d08       0x5c CMakeFiles/derbi_teller.dir/Drivers/STM32F4xx_HAL_Driver/Src/stm32f4xx_hal_dma.c.obj
 .text.DMA_CalcBaseAndBitshift
                0x08006d64       0x6c CMakeFiles/derbi_teller.dir/Drivers/STM32F4xx_HAL_Driver/Src/stm32f4xx_hal_dma.c.obj
 .text.DMA_CheckFifoParam
                0x08006dd0       0xf8 CMakeFiles/derbi_teller.dir/Drivers/STM32F4xx_HAL_Driver/Src/stm32f4xx_hal_dma.c.obj
 .text.__NVIC_SetPriorityGrouping
                0x08006ec8       0x48 CMakeFiles/derbi_teller.dir/Drivers/STM32F4xx_HAL_Driver/Src/stm32f4xx_hal_cortex.c.obj
 .text.__NVIC_GetPriorityGrouping
                0x08006f10       0x1c CMakeFiles/derbi_teller.dir/Drivers/STM32F4xx_HAL_Driver/Src/stm32f4xx_hal_cortex.c.obj
 .text.__NVIC_EnableIRQ
                0x08006f2c       0x3c CMakeFiles/derbi_teller.dir/Drivers/STM32F4xx_HAL_Driver/Src/stm32f4xx_hal_cortex.c.obj
 .text.__NVIC_SetPriority
                0x08006f68       0x54 CMakeFiles/derbi_teller.dir/Drivers/STM32F4xx_HAL_Driver/Src/stm32f4xx_hal_cortex.c.obj
 .text.NVIC_EncodePriority
                0x08006fbc       0x66 CMakeFiles/derbi_teller.dir/Drivers/STM32F4xx_HAL_Driver/Src/stm32f4xx_hal_cortex.c.obj
 *fill*         0x08007022        0x2 
 .text.SysTick_Config
                0x08007024       0x44 CMakeFiles/derbi_teller.dir/Drivers/STM32F4xx_HAL_Driver/Src/stm32f4xx_hal_cortex.c.obj
 .text.HAL_NVIC_SetPriorityGrouping
                0x08007068       0x16 CMakeFiles/derbi_teller.dir/Drivers/STM32F4xx_HAL_Driver/Src/stm32f4xx_hal_cortex.c.obj
                0x08007068                HAL_NVIC_SetPriorityGrouping
 .text.HAL_NVIC_SetPriority
                0x0800707e       0x38 CMakeFiles/derbi_teller.dir/Drivers/STM32F4xx_HAL_Driver/Src/stm32f4xx_hal_cortex.c.obj
                0x0800707e                HAL_NVIC_SetPriority
 .text.HAL_NVIC_EnableIRQ
                0x080070b6       0x1c CMakeFiles/derbi_teller.dir/Drivers/STM32F4xx_HAL_Driver/Src/stm32f4xx_hal_cortex.c.obj
                0x080070b6                HAL_NVIC_EnableIRQ
 .text.HAL_SYSTICK_Config
                0x080070d2       0x18 CMakeFiles/derbi_teller.dir/Drivers/STM32F4xx_HAL_Driver/Src/stm32f4xx_hal_cortex.c.obj
                0x080070d2                HAL_SYSTICK_Config
 *fill*         0x080070ea        0x2 
 .text.HAL_Init
                0x080070ec       0x44 CMakeFiles/derbi_teller.dir/Drivers/STM32F4xx_HAL_Driver/Src/stm32f4xx_hal.c.obj
                0x080070ec                HAL_Init
 .text.HAL_InitTick
                0x08007130       0x60 CMakeFiles/derbi_teller.dir/Drivers/STM32F4xx_HAL_Driver/Src/stm32f4xx_hal.c.obj
                0x08007130                HAL_InitTick
 .text.HAL_IncTick
                0x08007190       0x28 CMakeFiles/derbi_teller.dir/Drivers/STM32F4xx_HAL_Driver/Src/stm32f4xx_hal.c.obj
                0x08007190                HAL_IncTick
 .text.HAL_GetTick
                0x080071b8       0x18 CMakeFiles/derbi_teller.dir/Drivers/STM32F4xx_HAL_Driver/Src/stm32f4xx_hal.c.obj
                0x080071b8                HAL_GetTick
 .text.HAL_Delay
                0x080071d0       0x48 CMakeFiles/derbi_teller.dir/Drivers/STM32F4xx_HAL_Driver/Src/stm32f4xx_hal.c.obj
                0x080071d0                HAL_Delay
 .text.HAL_ADC_Init
                0x08007218       0x86 CMakeFiles/derbi_teller.dir/Drivers/STM32F4xx_HAL_Driver/Src/stm32f4xx_hal_adc.c.obj
                0x08007218                HAL_ADC_Init
 *fill*         0x0800729e        0x2 
 .text.HAL_ADC_Start
                0x080072a0      0x1a4 CMakeFiles/derbi_teller.dir/Drivers/STM32F4xx_HAL_Driver/Src/stm32f4xx_hal_adc.c.obj
                0x080072a0                HAL_ADC_Start
 .text.HAL_ADC_PollForConversion
                0x08007444      0x116 CMakeFiles/derbi_teller.dir/Drivers/STM32F4xx_HAL_Driver/Src/stm32f4xx_hal_adc.c.obj
                0x08007444                HAL_ADC_PollForConversion
 .text.HAL_ADC_IRQHandler
                0x0800755a      0x220 CMakeFiles/derbi_teller.dir/Drivers/STM32F4xx_HAL_Driver/Src/stm32f4xx_hal_adc.c.obj
                0x0800755a                HAL_ADC_IRQHandler
 *fill*         0x0800777a        0x2 
 .text.HAL_ADC_Start_DMA
                0x0800777c      0x220 CMakeFiles/derbi_teller.dir/Drivers/STM32F4xx_HAL_Driver/Src/stm32f4xx_hal_adc.c.obj
                0x0800777c                HAL_ADC_Start_DMA
 .text.HAL_ADC_GetValue
                0x0800799c       0x1a CMakeFiles/derbi_teller.dir/Drivers/STM32F4xx_HAL_Driver/Src/stm32f4xx_hal_adc.c.obj
                0x0800799c                HAL_ADC_GetValue
 .text.HAL_ADC_ConvHalfCpltCallback
                0x080079b6       0x14 CMakeFiles/derbi_teller.dir/Drivers/STM32F4xx_HAL_Driver/Src/stm32f4xx_hal_adc.c.obj
                0x080079b6                HAL_ADC_ConvHalfCpltCallback
 .text.HAL_ADC_LevelOutOfWindowCallback
                0x080079ca       0x14 CMakeFiles/derbi_teller.dir/Drivers/STM32F4xx_HAL_Driver/Src/stm32f4xx_hal_adc.c.obj
                0x080079ca                HAL_ADC_LevelOutOfWindowCallback
 .text.HAL_ADC_ErrorCallback
                0x080079de       0x14 CMakeFiles/derbi_teller.dir/Drivers/STM32F4xx_HAL_Driver/Src/stm32f4xx_hal_adc.c.obj
                0x080079de                HAL_ADC_ErrorCallback
 *fill*         0x080079f2        0x2 
 .text.HAL_ADC_ConfigChannel
                0x080079f4      0x244 CMakeFiles/derbi_teller.dir/Drivers/STM32F4xx_HAL_Driver/Src/stm32f4xx_hal_adc.c.obj
                0x080079f4                HAL_ADC_ConfigChannel
 .text.ADC_Init
                0x08007c38      0x1f8 CMakeFiles/derbi_teller.dir/Drivers/STM32F4xx_HAL_Driver/Src/stm32f4xx_hal_adc.c.obj
 .text.ADC_DMAConvCplt
                0x08007e30       0xba CMakeFiles/derbi_teller.dir/Drivers/STM32F4xx_HAL_Driver/Src/stm32f4xx_hal_adc.c.obj
 .text.ADC_DMAHalfConvCplt
                0x08007eea       0x1c CMakeFiles/derbi_teller.dir/Drivers/STM32F4xx_HAL_Driver/Src/stm32f4xx_hal_adc.c.obj
 .text.ADC_DMAError
                0x08007f06       0x2e CMakeFiles/derbi_teller.dir/Drivers/STM32F4xx_HAL_Driver/Src/stm32f4xx_hal_adc.c.obj
 .text.HAL_ADCEx_InjectedConvCpltCallback
                0x08007f34       0x14 CMakeFiles/derbi_teller.dir/Drivers/STM32F4xx_HAL_Driver/Src/stm32f4xx_hal_adc_ex.c.obj
                0x08007f34                HAL_ADCEx_InjectedConvCpltCallback
 .text.HAL_I2C_Init
                0x08007f48      0x288 CMakeFiles/derbi_teller.dir/Drivers/STM32F4xx_HAL_Driver/Src/stm32f4xx_hal_i2c.c.obj
                0x08007f48                HAL_I2C_Init
 .text.HAL_I2C_Master_Transmit
                0x080081d0      0x1fc CMakeFiles/derbi_teller.dir/Drivers/STM32F4xx_HAL_Driver/Src/stm32f4xx_hal_i2c.c.obj
                0x080081d0                HAL_I2C_Master_Transmit
 .text.HAL_I2C_IsDeviceReady
                0x080083cc      0x25c CMakeFiles/derbi_teller.dir/Drivers/STM32F4xx_HAL_Driver/Src/stm32f4xx_hal_i2c.c.obj
                0x080083cc                HAL_I2C_IsDeviceReady
 .text.I2C_MasterRequestWrite
                0x08008628      0x104 CMakeFiles/derbi_teller.dir/Drivers/STM32F4xx_HAL_Driver/Src/stm32f4xx_hal_i2c.c.obj
 .text.I2C_WaitOnFlagUntilTimeout
                0x0800872c       0xf4 CMakeFiles/derbi_teller.dir/Drivers/STM32F4xx_HAL_Driver/Src/stm32f4xx_hal_i2c.c.obj
 .text.I2C_WaitOnMasterAddressFlagUntilTimeout
                0x08008820      0x140 CMakeFiles/derbi_teller.dir/Drivers/STM32F4xx_HAL_Driver/Src/stm32f4xx_hal_i2c.c.obj
 .text.I2C_WaitOnTXEFlagUntilTimeout
                0x08008960       0x90 CMakeFiles/derbi_teller.dir/Drivers/STM32F4xx_HAL_Driver/Src/stm32f4xx_hal_i2c.c.obj
 .text.I2C_WaitOnBTFFlagUntilTimeout
                0x080089f0       0x90 CMakeFiles/derbi_teller.dir/Drivers/STM32F4xx_HAL_Driver/Src/stm32f4xx_hal_i2c.c.obj
 .text.I2C_IsAcknowledgeFailed
                0x08008a80       0x5e CMakeFiles/derbi_teller.dir/Drivers/STM32F4xx_HAL_Driver/Src/stm32f4xx_hal_i2c.c.obj
 *fill*         0x08008ade        0x2 
 .text.HAL_I2S_Init
                0x08008ae0      0x280 CMakeFiles/derbi_teller.dir/Drivers/STM32F4xx_HAL_Driver/Src/stm32f4xx_hal_i2s.c.obj
                0x08008ae0                HAL_I2S_Init
 .text.HAL_I2S_TxCpltCallback
                0x08008d60       0x14 CMakeFiles/derbi_teller.dir/Drivers/STM32F4xx_HAL_Driver/Src/stm32f4xx_hal_i2s.c.obj
                0x08008d60                HAL_I2S_TxCpltCallback
 .text.HAL_I2S_RxCpltCallback
                0x08008d74       0x14 CMakeFiles/derbi_teller.dir/Drivers/STM32F4xx_HAL_Driver/Src/stm32f4xx_hal_i2s.c.obj
                0x08008d74                HAL_I2S_RxCpltCallback
 .text.HAL_I2S_ErrorCallback
                0x08008d88       0x14 CMakeFiles/derbi_teller.dir/Drivers/STM32F4xx_HAL_Driver/Src/stm32f4xx_hal_i2s.c.obj
                0x08008d88                HAL_I2S_ErrorCallback
 .text.I2S_Transmit_IT
                0x08008d9c       0x5c CMakeFiles/derbi_teller.dir/Drivers/STM32F4xx_HAL_Driver/Src/stm32f4xx_hal_i2s.c.obj
 .text.I2S_Receive_IT
                0x08008df8       0x5e CMakeFiles/derbi_teller.dir/Drivers/STM32F4xx_HAL_Driver/Src/stm32f4xx_hal_i2s.c.obj
 .text.I2S_IRQHandler
                0x08008e56      0x114 CMakeFiles/derbi_teller.dir/Drivers/STM32F4xx_HAL_Driver/Src/stm32f4xx_hal_i2s.c.obj
 *fill*         0x08008f6a        0x2 
 .text.HAL_I2SEx_FullDuplex_IRQHandler
                0x08008f6c      0x2a8 CMakeFiles/derbi_teller.dir/Drivers/STM32F4xx_HAL_Driver/Src/stm32f4xx_hal_i2s_ex.c.obj
                0x08008f6c                HAL_I2SEx_FullDuplex_IRQHandler
 .text.HAL_I2SEx_TxRxCpltCallback
                0x08009214       0x14 CMakeFiles/derbi_teller.dir/Drivers/STM32F4xx_HAL_Driver/Src/stm32f4xx_hal_i2s_ex.c.obj
                0x08009214                HAL_I2SEx_TxRxCpltCallback
 .text.I2SEx_TxISR_I2S
                0x08009228       0x62 CMakeFiles/derbi_teller.dir/Drivers/STM32F4xx_HAL_Driver/Src/stm32f4xx_hal_i2s_ex.c.obj
 *fill*         0x0800928a        0x2 
 .text.I2SEx_TxISR_I2SExt
                0x0800928c       0x98 CMakeFiles/derbi_teller.dir/Drivers/STM32F4xx_HAL_Driver/Src/stm32f4xx_hal_i2s_ex.c.obj
 .text.I2SEx_RxISR_I2S
                0x08009324       0x64 CMakeFiles/derbi_teller.dir/Drivers/STM32F4xx_HAL_Driver/Src/stm32f4xx_hal_i2s_ex.c.obj
 .text.I2SEx_RxISR_I2SExt
                0x08009388       0x98 CMakeFiles/derbi_teller.dir/Drivers/STM32F4xx_HAL_Driver/Src/stm32f4xx_hal_i2s_ex.c.obj
 .text.HAL_SPI_Init
                0x08009420      0x112 CMakeFiles/derbi_teller.dir/Drivers/STM32F4xx_HAL_Driver/Src/stm32f4xx_hal_spi.c.obj
                0x08009420                HAL_SPI_Init
 *fill*         0x08009532        0x2 
 .text.SystemInit
                0x08009534       0x24 CMakeFiles/derbi_teller.dir/Core/Src/system_stm32f4xx.c.obj
                0x08009534                SystemInit
 .text.USBH_Init
                0x08009558       0x74 CMakeFiles/derbi_teller.dir/Middlewares/ST/STM32_USB_Host_Library/Core/Src/usbh_core.c.obj
                0x08009558                USBH_Init
 .text.DeInitStateMachine
                0x080095cc       0xe6 CMakeFiles/derbi_teller.dir/Middlewares/ST/STM32_USB_Host_Library/Core/Src/usbh_core.c.obj
 .text.USBH_RegisterClass
                0x080096b2       0x54 CMakeFiles/derbi_teller.dir/Middlewares/ST/STM32_USB_Host_Library/Core/Src/usbh_core.c.obj
                0x080096b2                USBH_RegisterClass
 .text.USBH_SelectInterface
                0x08009706       0x38 CMakeFiles/derbi_teller.dir/Middlewares/ST/STM32_USB_Host_Library/Core/Src/usbh_core.c.obj
                0x08009706                USBH_SelectInterface
 .text.USBH_FindInterface
                0x0800973e       0x8c CMakeFiles/derbi_teller.dir/Middlewares/ST/STM32_USB_Host_Library/Core/Src/usbh_core.c.obj
                0x0800973e                USBH_FindInterface
 .text.USBH_Start
                0x080097ca       0x20 CMakeFiles/derbi_teller.dir/Middlewares/ST/STM32_USB_Host_Library/Core/Src/usbh_core.c.obj
                0x080097ca                USBH_Start
 *fill*         0x080097ea        0x2 
 .text.USBH_Process
                0x080097ec      0x3d0 CMakeFiles/derbi_teller.dir/Middlewares/ST/STM32_USB_Host_Library/Core/Src/usbh_core.c.obj
                0x080097ec                USBH_Process
 .text.USBH_HandleEnum
                0x08009bbc      0x3c0 CMakeFiles/derbi_teller.dir/Middlewares/ST/STM32_USB_Host_Library/Core/Src/usbh_core.c.obj
 .text.USBH_LL_SetTimer
                0x08009f7c       0x1e CMakeFiles/derbi_teller.dir/Middlewares/ST/STM32_USB_Host_Library/Core/Src/usbh_core.c.obj
                0x08009f7c                USBH_LL_SetTimer
 .text.USBH_LL_IncTimer
                0x08009f9a       0x24 CMakeFiles/derbi_teller.dir/Middlewares/ST/STM32_USB_Host_Library/Core/Src/usbh_core.c.obj
                0x08009f9a                USBH_LL_IncTimer
 .text.USBH_HandleSof
                0x08009fbe       0x30 CMakeFiles/derbi_teller.dir/Middlewares/ST/STM32_USB_Host_Library/Core/Src/usbh_core.c.obj
 .text.USBH_LL_PortEnabled
                0x08009fee       0x1c CMakeFiles/derbi_teller.dir/Middlewares/ST/STM32_USB_Host_Library/Core/Src/usbh_core.c.obj
                0x08009fee                USBH_LL_PortEnabled
 .text.USBH_LL_PortDisabled
                0x0800a00a       0x1c CMakeFiles/derbi_teller.dir/Middlewares/ST/STM32_USB_Host_Library/Core/Src/usbh_core.c.obj
                0x0800a00a                USBH_LL_PortDisabled
 .text.USBH_LL_Connect
                0x0800a026       0x2e CMakeFiles/derbi_teller.dir/Middlewares/ST/STM32_USB_Host_Library/Core/Src/usbh_core.c.obj
                0x0800a026                USBH_LL_Connect
 .text.USBH_LL_Disconnect
                0x0800a054       0x48 CMakeFiles/derbi_teller.dir/Middlewares/ST/STM32_USB_Host_Library/Core/Src/usbh_core.c.obj
                0x0800a054                USBH_LL_Disconnect
 .text.USBH_Get_DevDesc
                0x0800a09c       0x58 CMakeFiles/derbi_teller.dir/Middlewares/ST/STM32_USB_Host_Library/Core/Src/usbh_ctlreq.c.obj
                0x0800a09c                USBH_Get_DevDesc
 .text.USBH_Get_CfgDesc
                0x0800a0f4       0x54 CMakeFiles/derbi_teller.dir/Middlewares/ST/STM32_USB_Host_Library/Core/Src/usbh_ctlreq.c.obj
                0x0800a0f4                USBH_Get_CfgDesc
 .text.USBH_Get_StringDesc
                0x0800a148       0x68 CMakeFiles/derbi_teller.dir/Middlewares/ST/STM32_USB_Host_Library/Core/Src/usbh_ctlreq.c.obj
                0x0800a148                USBH_Get_StringDesc
 .text.USBH_GetDescriptor
                0x0800a1b0       0x6a CMakeFiles/derbi_teller.dir/Middlewares/ST/STM32_USB_Host_Library/Core/Src/usbh_ctlreq.c.obj
                0x0800a1b0                USBH_GetDescriptor
 .text.USBH_SetAddress
                0x0800a21a       0x48 CMakeFiles/derbi_teller.dir/Middlewares/ST/STM32_USB_Host_Library/Core/Src/usbh_ctlreq.c.obj
                0x0800a21a                USBH_SetAddress
 .text.USBH_SetCfg
                0x0800a262       0x46 CMakeFiles/derbi_teller.dir/Middlewares/ST/STM32_USB_Host_Library/Core/Src/usbh_ctlreq.c.obj
                0x0800a262                USBH_SetCfg
 .text.USBH_SetFeature
                0x0800a2a8       0x48 CMakeFiles/derbi_teller.dir/Middlewares/ST/STM32_USB_Host_Library/Core/Src/usbh_ctlreq.c.obj
                0x0800a2a8                USBH_SetFeature
 .text.USBH_ClrFeature
                0x0800a2f0       0x48 CMakeFiles/derbi_teller.dir/Middlewares/ST/STM32_USB_Host_Library/Core/Src/usbh_ctlreq.c.obj
                0x0800a2f0                USBH_ClrFeature
 .text.USBH_ParseDevDesc
                0x0800a338      0x160 CMakeFiles/derbi_teller.dir/Middlewares/ST/STM32_USB_Host_Library/Core/Src/usbh_ctlreq.c.obj
 .text.USBH_ParseCfgDesc
                0x0800a498      0x1f0 CMakeFiles/derbi_teller.dir/Middlewares/ST/STM32_USB_Host_Library/Core/Src/usbh_ctlreq.c.obj
 .text.USBH_ParseInterfaceDesc
                0x0800a688       0x68 CMakeFiles/derbi_teller.dir/Middlewares/ST/STM32_USB_Host_Library/Core/Src/usbh_ctlreq.c.obj
 .text.USBH_ParseEPDesc
                0x0800a6f0      0x1d0 CMakeFiles/derbi_teller.dir/Middlewares/ST/STM32_USB_Host_Library/Core/Src/usbh_ctlreq.c.obj
 .text.USBH_ParseStringDesc
                0x0800a8c0       0x66 CMakeFiles/derbi_teller.dir/Middlewares/ST/STM32_USB_Host_Library/Core/Src/usbh_ctlreq.c.obj
 .text.USBH_GetNextDesc
                0x0800a926       0x34 CMakeFiles/derbi_teller.dir/Middlewares/ST/STM32_USB_Host_Library/Core/Src/usbh_ctlreq.c.obj
                0x0800a926                USBH_GetNextDesc
 .text.USBH_CtlReq
                0x0800a95a       0x7a CMakeFiles/derbi_teller.dir/Middlewares/ST/STM32_USB_Host_Library/Core/Src/usbh_ctlreq.c.obj
                0x0800a95a                USBH_CtlReq
 .text.USBH_HandleControl
                0x0800a9d4      0x2e8 CMakeFiles/derbi_teller.dir/Middlewares/ST/STM32_USB_Host_Library/Core/Src/usbh_ctlreq.c.obj
 .text.USBH_CtlSendSetup
                0x0800acbc       0x34 CMakeFiles/derbi_teller.dir/Middlewares/ST/STM32_USB_Host_Library/Core/Src/usbh_ioreq.c.obj
                0x0800acbc                USBH_CtlSendSetup
 .text.USBH_CtlSendData
                0x0800acf0       0x4a CMakeFiles/derbi_teller.dir/Middlewares/ST/STM32_USB_Host_Library/Core/Src/usbh_ioreq.c.obj
                0x0800acf0                USBH_CtlSendData
 .text.USBH_CtlReceiveData
                0x0800ad3a       0x3c CMakeFiles/derbi_teller.dir/Middlewares/ST/STM32_USB_Host_Library/Core/Src/usbh_ioreq.c.obj
                0x0800ad3a                USBH_CtlReceiveData
 .text.USBH_BulkSendData
                0x0800ad76       0x4a CMakeFiles/derbi_teller.dir/Middlewares/ST/STM32_USB_Host_Library/Core/Src/usbh_ioreq.c.obj
                0x0800ad76                USBH_BulkSendData
 .text.USBH_BulkReceiveData
                0x0800adc0       0x3c CMakeFiles/derbi_teller.dir/Middlewares/ST/STM32_USB_Host_Library/Core/Src/usbh_ioreq.c.obj
                0x0800adc0                USBH_BulkReceiveData
 .text.USBH_OpenPipe
                0x0800adfc       0x3e CMakeFiles/derbi_teller.dir/Middlewares/ST/STM32_USB_Host_Library/Core/Src/usbh_pipes.c.obj
                0x0800adfc                USBH_OpenPipe
 .text.USBH_ClosePipe
                0x0800ae3a       0x20 CMakeFiles/derbi_teller.dir/Middlewares/ST/STM32_USB_Host_Library/Core/Src/usbh_pipes.c.obj
                0x0800ae3a                USBH_ClosePipe
 .text.USBH_AllocPipe
                0x0800ae5a       0x42 CMakeFiles/derbi_teller.dir/Middlewares/ST/STM32_USB_Host_Library/Core/Src/usbh_pipes.c.obj
                0x0800ae5a                USBH_AllocPipe
 .text.USBH_FreePipe
                0x0800ae9c       0x3c CMakeFiles/derbi_teller.dir/Middlewares/ST/STM32_USB_Host_Library/Core/Src/usbh_pipes.c.obj
                0x0800ae9c                USBH_FreePipe
 .text.USBH_GetFreePipe
                0x0800aed8       0x48 CMakeFiles/derbi_teller.dir/Middlewares/ST/STM32_USB_Host_Library/Core/Src/usbh_pipes.c.obj
 .text.USBH_CDC_InterfaceInit
                0x0800af20      0x2ac CMakeFiles/derbi_teller.dir/Middlewares/ST/STM32_USB_Host_Library/Class/CDC/Src/usbh_cdc.c.obj
 .text.USBH_CDC_InterfaceDeInit
                0x0800b1cc       0xb2 CMakeFiles/derbi_teller.dir/Middlewares/ST/STM32_USB_Host_Library/Class/CDC/Src/usbh_cdc.c.obj
 .text.USBH_CDC_ClassRequest
                0x0800b27e       0x3e CMakeFiles/derbi_teller.dir/Middlewares/ST/STM32_USB_Host_Library/Class/CDC/Src/usbh_cdc.c.obj
 .text.USBH_CDC_Process
                0x0800b2bc      0x12c CMakeFiles/derbi_teller.dir/Middlewares/ST/STM32_USB_Host_Library/Class/CDC/Src/usbh_cdc.c.obj
 .text.USBH_CDC_SOFProcess
                0x0800b3e8       0x16 CMakeFiles/derbi_teller.dir/Middlewares/ST/STM32_USB_Host_Library/Class/CDC/Src/usbh_cdc.c.obj
 .text.GetLineCoding
                0x0800b3fe       0x3e CMakeFiles/derbi_teller.dir/Middlewares/ST/STM32_USB_Host_Library/Class/CDC/Src/usbh_cdc.c.obj
 .text.SetLineCoding
                0x0800b43c       0x3e CMakeFiles/derbi_teller.dir/Middlewares/ST/STM32_USB_Host_Library/Class/CDC/Src/usbh_cdc.c.obj
 .text.CDC_ProcessTransmission
                0x0800b47a       0xec CMakeFiles/derbi_teller.dir/Middlewares/ST/STM32_USB_Host_Library/Class/CDC/Src/usbh_cdc.c.obj
 .text.CDC_ProcessReception
                0x0800b566       0xb6 CMakeFiles/derbi_teller.dir/Middlewares/ST/STM32_USB_Host_Library/Class/CDC/Src/usbh_cdc.c.obj
 .text.USBH_CDC_TransmitCallback
                0x0800b61c       0x14 CMakeFiles/derbi_teller.dir/Middlewares/ST/STM32_USB_Host_Library/Class/CDC/Src/usbh_cdc.c.obj
                0x0800b61c                USBH_CDC_TransmitCallback
 .text.USBH_CDC_ReceiveCallback
                0x0800b630       0x14 CMakeFiles/derbi_teller.dir/Middlewares/ST/STM32_USB_Host_Library/Class/CDC/Src/usbh_cdc.c.obj
                0x0800b630                USBH_CDC_ReceiveCallback
 .text.USBH_CDC_LineCodingChanged
                0x0800b644       0x14 CMakeFiles/derbi_teller.dir/Middlewares/ST/STM32_USB_Host_Library/Class/CDC/Src/usbh_cdc.c.obj
                0x0800b644                USBH_CDC_LineCodingChanged
 .text._sbrk    0x0800b658       0x6c CMakeFiles/derbi_teller.dir/Core/Src/sysmem.c.obj
                0x0800b658                _sbrk
 .text.Reset_Handler
                0x0800b6c4       0x50 CMakeFiles/derbi_teller.dir/startup_stm32f407xx.s.obj
                0x0800b6c4                Reset_Handler
 .text.Default_Handler
                0x0800b714        0x2 CMakeFiles/derbi_teller.dir/startup_stm32f407xx.s.obj
                0x0800b714                RTC_Alarm_IRQHandler
                0x0800b714                HASH_RNG_IRQHandler
                0x0800b714                EXTI2_IRQHandler
                0x0800b714                TIM8_CC_IRQHandler
                0x0800b714                TIM1_CC_IRQHandler
                0x0800b714                DMA2_Stream5_IRQHandler
                0x0800b714                DMA1_Stream5_IRQHandler
                0x0800b714                PVD_IRQHandler
                0x0800b714                SDIO_IRQHandler
                0x0800b714                TAMP_STAMP_IRQHandler
                0x0800b714                CAN2_RX1_IRQHandler
                0x0800b714                EXTI3_IRQHandler
                0x0800b714                TIM8_TRG_COM_TIM14_IRQHandler
                0x0800b714                TIM1_UP_TIM10_IRQHandler
                0x0800b714                TIM8_UP_TIM13_IRQHandler
                0x0800b714                I2C3_ER_IRQHandler
                0x0800b714                EXTI0_IRQHandler
                0x0800b714                I2C2_EV_IRQHandler
                0x0800b714                DMA1_Stream2_IRQHandler
                0x0800b714                CAN1_RX0_IRQHandler
                0x0800b714                FPU_IRQHandler
                0x0800b714                OTG_HS_WKUP_IRQHandler
                0x0800b714                CAN2_SCE_IRQHandler
                0x0800b714                DMA2_Stream2_IRQHandler
                0x0800b714                SPI1_IRQHandler
                0x0800b714                TIM6_DAC_IRQHandler
                0x0800b714                TIM1_BRK_TIM9_IRQHandler
                0x0800b714                DCMI_IRQHandler
                0x0800b714                CAN2_RX0_IRQHandler
                0x0800b714                DMA2_Stream3_IRQHandler
                0x0800b714                USART6_IRQHandler
                0x0800b714                USART3_IRQHandler
                0x0800b714                CAN1_RX1_IRQHandler
                0x0800b714                UART5_IRQHandler
                0x0800b714                TIM4_IRQHandler
                0x0800b714                I2C1_EV_IRQHandler
                0x0800b714                DMA1_Stream6_IRQHandler
                0x0800b714                DMA1_Stream1_IRQHandler
                0x0800b714                UART4_IRQHandler
                0x0800b714                TIM3_IRQHandler
                0x0800b714                RCC_IRQHandler
                0x0800b714                TIM8_BRK_TIM12_IRQHandler
                0x0800b714                Default_Handler
                0x0800b714                EXTI15_10_IRQHandler
                0x0800b714                DMA1_Stream7_IRQHandler
                0x0800b714                TIM7_IRQHandler
                0x0800b714                CAN2_TX_IRQHandler
                0x0800b714                TIM5_IRQHandler
                0x0800b714                DMA2_Stream7_IRQHandler
                0x0800b714                I2C3_EV_IRQHandler
                0x0800b714                EXTI9_5_IRQHandler
                0x0800b714                RTC_WKUP_IRQHandler
                0x0800b714                ETH_WKUP_IRQHandler
                0x0800b714                SPI2_IRQHandler
                0x0800b714                OTG_HS_EP1_IN_IRQHandler
                0x0800b714                DMA1_Stream0_IRQHandler
                0x0800b714                CAN1_TX_IRQHandler
                0x0800b714                EXTI4_IRQHandler
                0x0800b714                FSMC_IRQHandler
                0x0800b714                ETH_IRQHandler
                0x0800b714                OTG_HS_EP1_OUT_IRQHandler
                0x0800b714                WWDG_IRQHandler
                0x0800b714                TIM2_IRQHandler
                0x0800b714                OTG_FS_WKUP_IRQHandler
                0x0800b714                TIM1_TRG_COM_TIM11_IRQHandler
                0x0800b714                OTG_HS_IRQHandler
                0x0800b714                EXTI1_IRQHandler
                0x0800b714                USART2_IRQHandler
                0x0800b714                I2C2_ER_IRQHandler
                0x0800b714                DMA2_Stream1_IRQHandler
                0x0800b714                CAN1_SCE_IRQHandler
                0x0800b714                FLASH_IRQHandler
                0x0800b714                DMA2_Stream4_IRQHandler
                0x0800b714                USART1_IRQHandler
                0x0800b714                SPI3_IRQHandler
                0x0800b714                DMA1_Stream4_IRQHandler
                0x0800b714                I2C1_ER_IRQHandler
                0x0800b714                DMA2_Stream6_IRQHandler
                0x0800b714                DMA1_Stream3_IRQHandler
 *fill*         0x0800b716        0x2 
 .text.arm_rfft_32_fast_init_f32
                0x0800b718       0x24 C:/Users/olivi/Documents/GitHub/derbi-teller/derbi_teller/cmake/stm32cubemx/../../Middlewares/ST/ARM/DSP/Lib/libarm_cortexM4lf_math.a(arm_rfft_fast_init_f32.o)
 .text.arm_rfft_64_fast_init_f32
                0x0800b73c       0x24 C:/Users/olivi/Documents/GitHub/derbi-teller/derbi_teller/cmake/stm32cubemx/../../Middlewares/ST/ARM/DSP/Lib/libarm_cortexM4lf_math.a(arm_rfft_fast_init_f32.o)
 .text.arm_rfft_128_fast_init_f32
                0x0800b760       0x24 C:/Users/olivi/Documents/GitHub/derbi-teller/derbi_teller/cmake/stm32cubemx/../../Middlewares/ST/ARM/DSP/Lib/libarm_cortexM4lf_math.a(arm_rfft_fast_init_f32.o)
 .text.arm_rfft_256_fast_init_f32
                0x0800b784       0x24 C:/Users/olivi/Documents/GitHub/derbi-teller/derbi_teller/cmake/stm32cubemx/../../Middlewares/ST/ARM/DSP/Lib/libarm_cortexM4lf_math.a(arm_rfft_fast_init_f32.o)
 .text.arm_rfft_512_fast_init_f32
                0x0800b7a8       0x28 C:/Users/olivi/Documents/GitHub/derbi-teller/derbi_teller/cmake/stm32cubemx/../../Middlewares/ST/ARM/DSP/Lib/libarm_cortexM4lf_math.a(arm_rfft_fast_init_f32.o)
 .text.arm_rfft_1024_fast_init_f32
                0x0800b7d0       0x28 C:/Users/olivi/Documents/GitHub/derbi-teller/derbi_teller/cmake/stm32cubemx/../../Middlewares/ST/ARM/DSP/Lib/libarm_cortexM4lf_math.a(arm_rfft_fast_init_f32.o)
 .text.arm_rfft_2048_fast_init_f32
                0x0800b7f8       0x28 C:/Users/olivi/Documents/GitHub/derbi-teller/derbi_teller/cmake/stm32cubemx/../../Middlewares/ST/ARM/DSP/Lib/libarm_cortexM4lf_math.a(arm_rfft_fast_init_f32.o)
 .text.arm_rfft_4096_fast_init_f32
                0x0800b820       0x28 C:/Users/olivi/Documents/GitHub/derbi-teller/derbi_teller/cmake/stm32cubemx/../../Middlewares/ST/ARM/DSP/Lib/libarm_cortexM4lf_math.a(arm_rfft_fast_init_f32.o)
 .text.arm_rfft_fast_init_f32
                0x0800b848       0x74 C:/Users/olivi/Documents/GitHub/derbi-teller/derbi_teller/cmake/stm32cubemx/../../Middlewares/ST/ARM/DSP/Lib/libarm_cortexM4lf_math.a(arm_rfft_fast_init_f32.o)
                0x0800b848                arm_rfft_fast_init_f32
 .text.stage_rfft_f32
                0x0800b8bc       0xb4 C:/Users/olivi/Documents/GitHub/derbi-teller/derbi_teller/cmake/stm32cubemx/../../Middlewares/ST/ARM/DSP/Lib/libarm_cortexM4lf_math.a(arm_rfft_fast_f32.o)
                0x0800b8bc                stage_rfft_f32
 .text.merge_rfft_f32
                0x0800b970       0xac C:/Users/olivi/Documents/GitHub/derbi-teller/derbi_teller/cmake/stm32cubemx/../../Middlewares/ST/ARM/DSP/Lib/libarm_cortexM4lf_math.a(arm_rfft_fast_f32.o)
                0x0800b970                merge_rfft_f32
 .text.arm_rfft_fast_f32
                0x0800ba1c       0x38 C:/Users/olivi/Documents/GitHub/derbi-teller/derbi_teller/cmake/stm32cubemx/../../Middlewares/ST/ARM/DSP/Lib/libarm_cortexM4lf_math.a(arm_rfft_fast_f32.o)
                0x0800ba1c                arm_rfft_fast_f32
 .text.arm_cfft_radix8by2_f32
                0x0800ba54      0x1a4 C:/Users/olivi/Documents/GitHub/derbi-teller/derbi_teller/cmake/stm32cubemx/../../Middlewares/ST/ARM/DSP/Lib/libarm_cortexM4lf_math.a(arm_cfft_f32.o)
                0x0800ba54                arm_cfft_radix8by2_f32
 .text.arm_cfft_radix8by4_f32
                0x0800bbf8      0x4ac C:/Users/olivi/Documents/GitHub/derbi-teller/derbi_teller/cmake/stm32cubemx/../../Middlewares/ST/ARM/DSP/Lib/libarm_cortexM4lf_math.a(arm_cfft_f32.o)
                0x0800bbf8                arm_cfft_radix8by4_f32
 .text.arm_cfft_f32
                0x0800c0a4       0xf0 C:/Users/olivi/Documents/GitHub/derbi-teller/derbi_teller/cmake/stm32cubemx/../../Middlewares/ST/ARM/DSP/Lib/libarm_cortexM4lf_math.a(arm_cfft_f32.o)
                0x0800c0a4                arm_cfft_f32
 .text.arm_bitreversal_32
                0x0800c194       0x40 C:/Users/olivi/Documents/GitHub/derbi-teller/derbi_teller/cmake/stm32cubemx/../../Middlewares/ST/ARM/DSP/Lib/libarm_cortexM4lf_math.a(arm_bitreversal2.o)
                0x0800c194                arm_bitreversal_32
 .text.arm_cmplx_mag_f32
                0x0800c1d4      0x248 C:/Users/olivi/Documents/GitHub/derbi-teller/derbi_teller/cmake/stm32cubemx/../../Middlewares/ST/ARM/DSP/Lib/libarm_cortexM4lf_math.a(arm_cmplx_mag_f32.o)
                0x0800c1d4                arm_cmplx_mag_f32
 .text.arm_cfft_init_f32
                0x0800c41c       0xa4 C:/Users/olivi/Documents/GitHub/derbi-teller/derbi_teller/cmake/stm32cubemx/../../Middlewares/ST/ARM/DSP/Lib/libarm_cortexM4lf_math.a(arm_cfft_init_f32.o)
                0x0800c41c                arm_cfft_init_f32
 .text.arm_radix8_butterfly_f32
                0x0800c4c0      0x598 C:/Users/olivi/Documents/GitHub/derbi-teller/derbi_teller/cmake/stm32cubemx/../../Middlewares/ST/ARM/DSP/Lib/libarm_cortexM4lf_math.a(arm_cfft_radix8_f32.o)
                0x0800c4c0                arm_radix8_butterfly_f32
 .text.malloc   0x0800ca58       0x10 C:/ST/STM32CubeCLT_1.15.0/GNU-tools-for-STM32/bin/../lib/gcc/arm-none-eabi/12.3.1/../../../../arm-none-eabi/lib/thumb/v7e-m+fp/hard\libg_nano.a(libc_a-malloc.o)
                0x0800ca58                malloc
 .text.free     0x0800ca68       0x10 C:/ST/STM32CubeCLT_1.15.0/GNU-tools-for-STM32/bin/../lib/gcc/arm-none-eabi/12.3.1/../../../../arm-none-eabi/lib/thumb/v7e-m+fp/hard\libg_nano.a(libc_a-malloc.o)
                0x0800ca68                free
 .text.sprintf  0x0800ca78       0x40 C:/ST/STM32CubeCLT_1.15.0/GNU-tools-for-STM32/bin/../lib/gcc/arm-none-eabi/12.3.1/../../../../arm-none-eabi/lib/thumb/v7e-m+fp/hard\libg_nano.a(libc_a-sprintf.o)
                0x0800ca78                siprintf
                0x0800ca78                sprintf
 .text.__errno  0x0800cab8        0xc C:/ST/STM32CubeCLT_1.15.0/GNU-tools-for-STM32/bin/../lib/gcc/arm-none-eabi/12.3.1/../../../../arm-none-eabi/lib/thumb/v7e-m+fp/hard\libg_nano.a(libc_a-errno.o)
                0x0800cab8                __errno
 .text.__ssputs_r
                0x0800cac4       0xb6 C:/ST/STM32CubeCLT_1.15.0/GNU-tools-for-STM32/bin/../lib/gcc/arm-none-eabi/12.3.1/../../../../arm-none-eabi/lib/thumb/v7e-m+fp/hard\libg_nano.a(libc_a-nano-svfprintf.o)
                0x0800cac4                __ssputs_r
 *fill*         0x0800cb7a        0x2 
 .text._svfprintf_r
                0x0800cb7c      0x1f8 C:/ST/STM32CubeCLT_1.15.0/GNU-tools-for-STM32/bin/../lib/gcc/arm-none-eabi/12.3.1/../../../../arm-none-eabi/lib/thumb/v7e-m+fp/hard\libg_nano.a(libc_a-nano-svfprintf.o)
                0x0800cb7c                _svfiprintf_r
                0x0800cb7c                _svfprintf_r
 .text._printf_common
                0x0800cd74       0xda C:/ST/STM32CubeCLT_1.15.0/GNU-tools-for-STM32/bin/../lib/gcc/arm-none-eabi/12.3.1/../../../../arm-none-eabi/lib/thumb/v7e-m+fp/hard\libg_nano.a(libc_a-nano-vfprintf_i.o)
                0x0800cd74                _printf_common
 *fill*         0x0800ce4e        0x2 
 .text._printf_i
                0x0800ce50      0x240 C:/ST/STM32CubeCLT_1.15.0/GNU-tools-for-STM32/bin/../lib/gcc/arm-none-eabi/12.3.1/../../../../arm-none-eabi/lib/thumb/v7e-m+fp/hard\libg_nano.a(libc_a-nano-vfprintf_i.o)
                0x0800ce50                _printf_i
 .text.memmove  0x0800d090       0x34 C:/ST/STM32CubeCLT_1.15.0/GNU-tools-for-STM32/bin/../lib/gcc/arm-none-eabi/12.3.1/../../../../arm-none-eabi/lib/thumb/v7e-m+fp/hard\libg_nano.a(libc_a-memmove.o)
                0x0800d090                memmove
 .text.memcpy   0x0800d0c4       0x1c C:/ST/STM32CubeCLT_1.15.0/GNU-tools-for-STM32/bin/../lib/gcc/arm-none-eabi/12.3.1/../../../../arm-none-eabi/lib/thumb/v7e-m+fp/hard\libg_nano.a(libc_a-memcpy-stub.o)
                0x0800d0c4                memcpy
 .text._realloc_r
                0x0800d0e0       0x5c C:/ST/STM32CubeCLT_1.15.0/GNU-tools-for-STM32/bin/../lib/gcc/arm-none-eabi/12.3.1/../../../../arm-none-eabi/lib/thumb/v7e-m+fp/hard\libg_nano.a(libc_a-reallocr.o)
                0x0800d0e0                _realloc_r
 .text._malloc_usable_size_r
                0x0800d13c       0x10 C:/ST/STM32CubeCLT_1.15.0/GNU-tools-for-STM32/bin/../lib/gcc/arm-none-eabi/12.3.1/../../../../arm-none-eabi/lib/thumb/v7e-m+fp/hard\libg_nano.a(libc_a-msizer.o)
                0x0800d13c                _malloc_usable_size_r
 .text.sqrtf    0x0800d14c       0x3c C:/ST/STM32CubeCLT_1.15.0/GNU-tools-for-STM32/bin/../lib/gcc/arm-none-eabi/12.3.1/../../../../arm-none-eabi/lib/thumb/v7e-m+fp/hard\libm.a(libm_a-wf_sqrt.o)
                0x0800d14c                sqrtf
 .text.__ieee754_sqrtf
                0x0800d188        0x6 C:/ST/STM32CubeCLT_1.15.0/GNU-tools-for-STM32/bin/../lib/gcc/arm-none-eabi/12.3.1/../../../../arm-none-eabi/lib/thumb/v7e-m+fp/hard\libm.a(libm_a-ef_sqrt.o)
                0x0800d188                __ieee754_sqrtf
 *(.glue_7)
 .glue_7        0x0800d18e        0x0 linker stubs
 *(.glue_7t)
 .glue_7t       0x0800d18e        0x0 linker stubs
 *(.eh_frame)
 *fill*         0x0800d18e        0x2 
 .eh_frame      0x0800d190        0x0 C:/ST/STM32CubeCLT_1.15.0/GNU-tools-for-STM32/bin/../lib/gcc/arm-none-eabi/12.3.1/thumb/v7e-m+fp/hard/crtbegin.o
 *(.init)
 .init          0x0800d190        0x4 C:/ST/STM32CubeCLT_1.15.0/GNU-tools-for-STM32/bin/../lib/gcc/arm-none-eabi/12.3.1/thumb/v7e-m+fp/hard/crti.o
                0x0800d190                _init
 .init          0x0800d194        0x8 C:/ST/STM32CubeCLT_1.15.0/GNU-tools-for-STM32/bin/../lib/gcc/arm-none-eabi/12.3.1/thumb/v7e-m+fp/hard/crtn.o
 *(.fini)
 .fini          0x0800d19c        0x4 C:/ST/STM32CubeCLT_1.15.0/GNU-tools-for-STM32/bin/../lib/gcc/arm-none-eabi/12.3.1/thumb/v7e-m+fp/hard/crti.o
                0x0800d19c                _fini
 .fini          0x0800d1a0        0x8 C:/ST/STM32CubeCLT_1.15.0/GNU-tools-for-STM32/bin/../lib/gcc/arm-none-eabi/12.3.1/thumb/v7e-m+fp/hard/crtn.o
                0x0800d1a8                        . = ALIGN (0x4)
                0x0800d1a8                        _etext = .

.vfp11_veneer   0x0800d1a8        0x0
 .vfp11_veneer  0x0800d1a8        0x0 linker stubs

.v4_bx          0x0800d1a8        0x0
 .v4_bx         0x0800d1a8        0x0 linker stubs

.iplt           0x0800d1a8        0x0
 .iplt          0x0800d1a8        0x0 C:/ST/STM32CubeCLT_1.15.0/GNU-tools-for-STM32/bin/../lib/gcc/arm-none-eabi/12.3.1/thumb/v7e-m+fp/hard/crtbegin.o

.rodata         0x0800d1a8    0x1e258
                0x0800d1a8                        . = ALIGN (0x4)
 *(.rodata)
 .rodata        0x0800d1a8       0x35 CMakeFiles/derbi_teller.dir/Core/Src/buttons.c.obj
 *fill*         0x0800d1dd        0x3 
 .rodata        0x0800d1e0        0x3 CMakeFiles/derbi_teller.dir/Core/Src/speed.c.obj
 *fill*         0x0800d1e3        0x1 
 .rodata        0x0800d1e4        0x4 CMakeFiles/derbi_teller.dir/Middlewares/ST/STM32_USB_Host_Library/Class/CDC/Src/usbh_cdc.c.obj
 *(.rodata*)
 .rodata.Font11x18
                0x0800d1e8      0xd5c CMakeFiles/derbi_teller.dir/Core/Src/fonts.c.obj
                0x0800d1e8                Font11x18
 .rodata.flagBitshiftOffset.0
                0x0800df44        0x8 CMakeFiles/derbi_teller.dir/Drivers/STM32F4xx_HAL_Driver/Src/stm32f4xx_hal_dma.c.obj
 .rodata.AHBPrescTable
                0x0800df4c       0x10 CMakeFiles/derbi_teller.dir/Core/Src/system_stm32f4xx.c.obj
                0x0800df4c                AHBPrescTable
 .rodata.APBPrescTable
                0x0800df5c        0x8 CMakeFiles/derbi_teller.dir/Core/Src/system_stm32f4xx.c.obj
                0x0800df5c                APBPrescTable
 .rodata.armBitRevIndexTable1024
                0x0800df64      0xe10 C:/Users/olivi/Documents/GitHub/derbi-teller/derbi_teller/cmake/stm32cubemx/../../Middlewares/ST/ARM/DSP/Lib/libarm_cortexM4lf_math.a(arm_common_tables.o)
                0x0800df64                armBitRevIndexTable1024
 .rodata.armBitRevIndexTable128
                0x0800ed74      0x1a0 C:/Users/olivi/Documents/GitHub/derbi-teller/derbi_teller/cmake/stm32cubemx/../../Middlewares/ST/ARM/DSP/Lib/libarm_cortexM4lf_math.a(arm_common_tables.o)
                0x0800ed74                armBitRevIndexTable128
 .rodata.armBitRevIndexTable16
                0x0800ef14       0x28 C:/Users/olivi/Documents/GitHub/derbi-teller/derbi_teller/cmake/stm32cubemx/../../Middlewares/ST/ARM/DSP/Lib/libarm_cortexM4lf_math.a(arm_common_tables.o)
                0x0800ef14                armBitRevIndexTable16
 .rodata.armBitRevIndexTable2048
                0x0800ef3c     0x1dc0 C:/Users/olivi/Documents/GitHub/derbi-teller/derbi_teller/cmake/stm32cubemx/../../Middlewares/ST/ARM/DSP/Lib/libarm_cortexM4lf_math.a(arm_common_tables.o)
                0x0800ef3c                armBitRevIndexTable2048
 .rodata.armBitRevIndexTable256
                0x08010cfc      0x370 C:/Users/olivi/Documents/GitHub/derbi-teller/derbi_teller/cmake/stm32cubemx/../../Middlewares/ST/ARM/DSP/Lib/libarm_cortexM4lf_math.a(arm_common_tables.o)
                0x08010cfc                armBitRevIndexTable256
 .rodata.armBitRevIndexTable32
                0x0801106c       0x60 C:/Users/olivi/Documents/GitHub/derbi-teller/derbi_teller/cmake/stm32cubemx/../../Middlewares/ST/ARM/DSP/Lib/libarm_cortexM4lf_math.a(arm_common_tables.o)
                0x0801106c                armBitRevIndexTable32
 .rodata.armBitRevIndexTable4096
                0x080110cc     0x1f80 C:/Users/olivi/Documents/GitHub/derbi-teller/derbi_teller/cmake/stm32cubemx/../../Middlewares/ST/ARM/DSP/Lib/libarm_cortexM4lf_math.a(arm_common_tables.o)
                0x080110cc                armBitRevIndexTable4096
 .rodata.armBitRevIndexTable512
                0x0801304c      0x380 C:/Users/olivi/Documents/GitHub/derbi-teller/derbi_teller/cmake/stm32cubemx/../../Middlewares/ST/ARM/DSP/Lib/libarm_cortexM4lf_math.a(arm_common_tables.o)
                0x0801304c                armBitRevIndexTable512
 .rodata.armBitRevIndexTable64
                0x080133cc       0x70 C:/Users/olivi/Documents/GitHub/derbi-teller/derbi_teller/cmake/stm32cubemx/../../Middlewares/ST/ARM/DSP/Lib/libarm_cortexM4lf_math.a(arm_common_tables.o)
                0x080133cc                armBitRevIndexTable64
 .rodata.twiddleCoef_1024
                0x0801343c     0x2000 C:/Users/olivi/Documents/GitHub/derbi-teller/derbi_teller/cmake/stm32cubemx/../../Middlewares/ST/ARM/DSP/Lib/libarm_cortexM4lf_math.a(arm_common_tables.o)
                0x0801343c                twiddleCoef_1024
 .rodata.twiddleCoef_128
                0x0801543c      0x400 C:/Users/olivi/Documents/GitHub/derbi-teller/derbi_teller/cmake/stm32cubemx/../../Middlewares/ST/ARM/DSP/Lib/libarm_cortexM4lf_math.a(arm_common_tables.o)
                0x0801543c                twiddleCoef_128
 .rodata.twiddleCoef_16
                0x0801583c       0x80 C:/Users/olivi/Documents/GitHub/derbi-teller/derbi_teller/cmake/stm32cubemx/../../Middlewares/ST/ARM/DSP/Lib/libarm_cortexM4lf_math.a(arm_common_tables.o)
                0x0801583c                twiddleCoef_16
 .rodata.twiddleCoef_2048
                0x080158bc     0x4000 C:/Users/olivi/Documents/GitHub/derbi-teller/derbi_teller/cmake/stm32cubemx/../../Middlewares/ST/ARM/DSP/Lib/libarm_cortexM4lf_math.a(arm_common_tables.o)
                0x080158bc                twiddleCoef_2048
 .rodata.twiddleCoef_256
                0x080198bc      0x800 C:/Users/olivi/Documents/GitHub/derbi-teller/derbi_teller/cmake/stm32cubemx/../../Middlewares/ST/ARM/DSP/Lib/libarm_cortexM4lf_math.a(arm_common_tables.o)
                0x080198bc                twiddleCoef_256
 .rodata.twiddleCoef_32
                0x0801a0bc      0x100 C:/Users/olivi/Documents/GitHub/derbi-teller/derbi_teller/cmake/stm32cubemx/../../Middlewares/ST/ARM/DSP/Lib/libarm_cortexM4lf_math.a(arm_common_tables.o)
                0x0801a0bc                twiddleCoef_32
 .rodata.twiddleCoef_4096
                0x0801a1bc     0x8000 C:/Users/olivi/Documents/GitHub/derbi-teller/derbi_teller/cmake/stm32cubemx/../../Middlewares/ST/ARM/DSP/Lib/libarm_cortexM4lf_math.a(arm_common_tables.o)
                0x0801a1bc                twiddleCoef_4096
 .rodata.twiddleCoef_512
                0x080221bc     0x1000 C:/Users/olivi/Documents/GitHub/derbi-teller/derbi_teller/cmake/stm32cubemx/../../Middlewares/ST/ARM/DSP/Lib/libarm_cortexM4lf_math.a(arm_common_tables.o)
                0x080221bc                twiddleCoef_512
 .rodata.twiddleCoef_64
                0x080231bc      0x200 C:/Users/olivi/Documents/GitHub/derbi-teller/derbi_teller/cmake/stm32cubemx/../../Middlewares/ST/ARM/DSP/Lib/libarm_cortexM4lf_math.a(arm_common_tables.o)
                0x080231bc                twiddleCoef_64
 .rodata.twiddleCoef_rfft_1024
                0x080233bc     0x1000 C:/Users/olivi/Documents/GitHub/derbi-teller/derbi_teller/cmake/stm32cubemx/../../Middlewares/ST/ARM/DSP/Lib/libarm_cortexM4lf_math.a(arm_common_tables.o)
                0x080233bc                twiddleCoef_rfft_1024
 .rodata.twiddleCoef_rfft_128
                0x080243bc      0x200 C:/Users/olivi/Documents/GitHub/derbi-teller/derbi_teller/cmake/stm32cubemx/../../Middlewares/ST/ARM/DSP/Lib/libarm_cortexM4lf_math.a(arm_common_tables.o)
                0x080243bc                twiddleCoef_rfft_128
 .rodata.twiddleCoef_rfft_2048
                0x080245bc     0x2000 C:/Users/olivi/Documents/GitHub/derbi-teller/derbi_teller/cmake/stm32cubemx/../../Middlewares/ST/ARM/DSP/Lib/libarm_cortexM4lf_math.a(arm_common_tables.o)
                0x080245bc                twiddleCoef_rfft_2048
 .rodata.twiddleCoef_rfft_256
                0x080265bc      0x400 C:/Users/olivi/Documents/GitHub/derbi-teller/derbi_teller/cmake/stm32cubemx/../../Middlewares/ST/ARM/DSP/Lib/libarm_cortexM4lf_math.a(arm_common_tables.o)
                0x080265bc                twiddleCoef_rfft_256
 .rodata.twiddleCoef_rfft_32
                0x080269bc       0x80 C:/Users/olivi/Documents/GitHub/derbi-teller/derbi_teller/cmake/stm32cubemx/../../Middlewares/ST/ARM/DSP/Lib/libarm_cortexM4lf_math.a(arm_common_tables.o)
                0x080269bc                twiddleCoef_rfft_32
 .rodata.twiddleCoef_rfft_4096
                0x08026a3c     0x4000 C:/Users/olivi/Documents/GitHub/derbi-teller/derbi_teller/cmake/stm32cubemx/../../Middlewares/ST/ARM/DSP/Lib/libarm_cortexM4lf_math.a(arm_common_tables.o)
                0x08026a3c                twiddleCoef_rfft_4096
 .rodata.twiddleCoef_rfft_512
                0x0802aa3c      0x800 C:/Users/olivi/Documents/GitHub/derbi-teller/derbi_teller/cmake/stm32cubemx/../../Middlewares/ST/ARM/DSP/Lib/libarm_cortexM4lf_math.a(arm_common_tables.o)
                0x0802aa3c                twiddleCoef_rfft_512
 .rodata.twiddleCoef_rfft_64
                0x0802b23c      0x100 C:/Users/olivi/Documents/GitHub/derbi-teller/derbi_teller/cmake/stm32cubemx/../../Middlewares/ST/ARM/DSP/Lib/libarm_cortexM4lf_math.a(arm_common_tables.o)
                0x0802b23c                twiddleCoef_rfft_64
 .rodata.arm_cfft_sR_f32_len1024
                0x0802b33c       0x10 C:/Users/olivi/Documents/GitHub/derbi-teller/derbi_teller/cmake/stm32cubemx/../../Middlewares/ST/ARM/DSP/Lib/libarm_cortexM4lf_math.a(arm_const_structs.o)
                0x0802b33c                arm_cfft_sR_f32_len1024
 .rodata.arm_cfft_sR_f32_len128
                0x0802b34c       0x10 C:/Users/olivi/Documents/GitHub/derbi-teller/derbi_teller/cmake/stm32cubemx/../../Middlewares/ST/ARM/DSP/Lib/libarm_cortexM4lf_math.a(arm_const_structs.o)
                0x0802b34c                arm_cfft_sR_f32_len128
 .rodata.arm_cfft_sR_f32_len16
                0x0802b35c       0x10 C:/Users/olivi/Documents/GitHub/derbi-teller/derbi_teller/cmake/stm32cubemx/../../Middlewares/ST/ARM/DSP/Lib/libarm_cortexM4lf_math.a(arm_const_structs.o)
                0x0802b35c                arm_cfft_sR_f32_len16
 .rodata.arm_cfft_sR_f32_len2048
                0x0802b36c       0x10 C:/Users/olivi/Documents/GitHub/derbi-teller/derbi_teller/cmake/stm32cubemx/../../Middlewares/ST/ARM/DSP/Lib/libarm_cortexM4lf_math.a(arm_const_structs.o)
                0x0802b36c                arm_cfft_sR_f32_len2048
 .rodata.arm_cfft_sR_f32_len256
                0x0802b37c       0x10 C:/Users/olivi/Documents/GitHub/derbi-teller/derbi_teller/cmake/stm32cubemx/../../Middlewares/ST/ARM/DSP/Lib/libarm_cortexM4lf_math.a(arm_const_structs.o)
                0x0802b37c                arm_cfft_sR_f32_len256
 .rodata.arm_cfft_sR_f32_len32
                0x0802b38c       0x10 C:/Users/olivi/Documents/GitHub/derbi-teller/derbi_teller/cmake/stm32cubemx/../../Middlewares/ST/ARM/DSP/Lib/libarm_cortexM4lf_math.a(arm_const_structs.o)
                0x0802b38c                arm_cfft_sR_f32_len32
 .rodata.arm_cfft_sR_f32_len4096
                0x0802b39c       0x10 C:/Users/olivi/Documents/GitHub/derbi-teller/derbi_teller/cmake/stm32cubemx/../../Middlewares/ST/ARM/DSP/Lib/libarm_cortexM4lf_math.a(arm_const_structs.o)
                0x0802b39c                arm_cfft_sR_f32_len4096
 .rodata.arm_cfft_sR_f32_len512
                0x0802b3ac       0x10 C:/Users/olivi/Documents/GitHub/derbi-teller/derbi_teller/cmake/stm32cubemx/../../Middlewares/ST/ARM/DSP/Lib/libarm_cortexM4lf_math.a(arm_const_structs.o)
                0x0802b3ac                arm_cfft_sR_f32_len512
 .rodata.arm_cfft_sR_f32_len64
                0x0802b3bc       0x10 C:/Users/olivi/Documents/GitHub/derbi-teller/derbi_teller/cmake/stm32cubemx/../../Middlewares/ST/ARM/DSP/Lib/libarm_cortexM4lf_math.a(arm_const_structs.o)
                0x0802b3bc                arm_cfft_sR_f32_len64
 .rodata._svfprintf_r.str1.1
                0x0802b3cc       0x11 C:/ST/STM32CubeCLT_1.15.0/GNU-tools-for-STM32/bin/../lib/gcc/arm-none-eabi/12.3.1/../../../../arm-none-eabi/lib/thumb/v7e-m+fp/hard\libg_nano.a(libc_a-nano-svfprintf.o)
 .rodata._printf_i.str1.1
                0x0802b3dd       0x22 C:/ST/STM32CubeCLT_1.15.0/GNU-tools-for-STM32/bin/../lib/gcc/arm-none-eabi/12.3.1/../../../../arm-none-eabi/lib/thumb/v7e-m+fp/hard\libg_nano.a(libc_a-nano-vfprintf_i.o)
                0x0802b400                        . = ALIGN (0x4)
 *fill*         0x0802b3ff        0x1 

.ARM.extab
 *(.ARM.extab* .gnu.linkonce.armextab.*)

.ARM            0x0802b400        0x8
                0x0802b400                        __exidx_start = .
 *(.ARM.exidx*)
 .ARM.exidx     0x0802b400        0x8 C:/ST/STM32CubeCLT_1.15.0/GNU-tools-for-STM32/bin/../lib/gcc/arm-none-eabi/12.3.1/thumb/v7e-m+fp/hard\libgcc.a(_udivmoddi4.o)
 .ARM.exidx     0x0802b408        0x0 C:/ST/STM32CubeCLT_1.15.0/GNU-tools-for-STM32/bin/../lib/gcc/arm-none-eabi/12.3.1/../../../../arm-none-eabi/lib/thumb/v7e-m+fp/hard\libg_nano.a(libc_a-memchr.o)
                                  0x8 (size before relaxing)
                0x0802b408                        __exidx_end = .

.rel.dyn        0x0802b408        0x0
 .rel.iplt      0x0802b408        0x0 C:/ST/STM32CubeCLT_1.15.0/GNU-tools-for-STM32/bin/../lib/gcc/arm-none-eabi/12.3.1/thumb/v7e-m+fp/hard/crtbegin.o

.preinit_array  0x0802b408        0x0
                0x0802b408                        PROVIDE (__preinit_array_start = .)
 *(.preinit_array*)
                0x0802b408                        PROVIDE (__preinit_array_end = .)

.init_array     0x0802b408        0x4
                0x0802b408                        PROVIDE (__init_array_start = .)
 *(SORT_BY_NAME(.init_array.*))
 *(.init_array*)
 .init_array    0x0802b408        0x4 C:/ST/STM32CubeCLT_1.15.0/GNU-tools-for-STM32/bin/../lib/gcc/arm-none-eabi/12.3.1/thumb/v7e-m+fp/hard/crtbegin.o
                0x0802b40c                        PROVIDE (__init_array_end = .)

.fini_array     0x0802b40c        0x4
                [!provide]                        PROVIDE (__fini_array_start = .)
 *(SORT_BY_NAME(.fini_array.*))
 *(.fini_array*)
 .fini_array    0x0802b40c        0x4 C:/ST/STM32CubeCLT_1.15.0/GNU-tools-for-STM32/bin/../lib/gcc/arm-none-eabi/12.3.1/thumb/v7e-m+fp/hard/crtbegin.o
                [!provide]                        PROVIDE (__fini_array_end = .)
                0x0802b410                        _sidata = LOADADDR (.data)

.data           0x20000000       0x84 load address 0x0802b410
                0x20000000                        . = ALIGN (0x4)
                0x20000000                        _sdata = .
 *(.data)
 *(.data*)
 .data._impure_ptr
                0x20000000        0x4 C:/ST/STM32CubeCLT_1.15.0/GNU-tools-for-STM32/bin/../lib/gcc/arm-none-eabi/12.3.1/../../../../arm-none-eabi/lib/thumb/v7e-m+fp/hard\libc_nano.a(libc_a-impure.o)
                0x20000000                _impure_ptr
 .data._impure_data
                0x20000004       0x4c C:/ST/STM32CubeCLT_1.15.0/GNU-tools-for-STM32/bin/../lib/gcc/arm-none-eabi/12.3.1/../../../../arm-none-eabi/lib/thumb/v7e-m+fp/hard\libc_nano.a(libc_a-impure.o)
                0x20000004                _impure_data
 .data.Font_11x18
                0x20000050        0x8 CMakeFiles/derbi_teller.dir/Core/Src/fonts.c.obj
                0x20000050                Font_11x18
 .data.uwTickPrio
                0x20000058        0x4 CMakeFiles/derbi_teller.dir/Drivers/STM32F4xx_HAL_Driver/Src/stm32f4xx_hal.c.obj
                0x20000058                uwTickPrio
 .data.uwTickFreq
                0x2000005c        0x1 CMakeFiles/derbi_teller.dir/Drivers/STM32F4xx_HAL_Driver/Src/stm32f4xx_hal.c.obj
                0x2000005c                uwTickFreq
 *fill*         0x2000005d        0x3 
 .data.SystemCoreClock
                0x20000060        0x4 CMakeFiles/derbi_teller.dir/Core/Src/system_stm32f4xx.c.obj
                0x20000060                SystemCoreClock
 .data.CDC_Class
                0x20000064       0x20 CMakeFiles/derbi_teller.dir/Middlewares/ST/STM32_USB_Host_Library/Class/CDC/Src/usbh_cdc.c.obj
                0x20000064                CDC_Class
                0x20000084                        . = ALIGN (0x4)
                0x20000084                        _edata = .
                0x0802b494                        _siccmram = LOADADDR (.ccmram)

.igot.plt       0x20000084        0x0 load address 0x0802b494
 .igot.plt      0x20000084        0x0 C:/ST/STM32CubeCLT_1.15.0/GNU-tools-for-STM32/bin/../lib/gcc/arm-none-eabi/12.3.1/thumb/v7e-m+fp/hard/crtbegin.o

.ccmram         0x10000000        0x0 load address 0x0802b494
                0x10000000                        . = ALIGN (0x4)
                0x10000000                        _sccmram = .
 *(.ccmram)
 *(.ccmram*)
                0x10000000                        . = ALIGN (0x4)
                0x10000000                        _eccmram = .
                0x10000000                        . = ALIGN (0x4)

.bss            0x20000084     0x6f24
                0x20000084                        _sbss = .
                0x20000084                        __bss_start__ = _sbss
 *(.bss)
 .bss           0x20000084       0x1c C:/ST/STM32CubeCLT_1.15.0/GNU-tools-for-STM32/bin/../lib/gcc/arm-none-eabi/12.3.1/thumb/v7e-m+fp/hard/crtbegin.o
 *(.bss*)
 .bss.__sf      0x200000a0      0x138 C:/ST/STM32CubeCLT_1.15.0/GNU-tools-for-STM32/bin/../lib/gcc/arm-none-eabi/12.3.1/../../../../arm-none-eabi/lib/thumb/v7e-m+fp/hard\libc_nano.a(libc_a-findfp.o)
                0x200000a0                __sf
 .bss.errno     0x200001d8        0x4 C:/ST/STM32CubeCLT_1.15.0/GNU-tools-for-STM32/bin/../lib/gcc/arm-none-eabi/12.3.1/../../../../arm-none-eabi/lib/thumb/v7e-m+fp/hard\libc_nano.a(libc_a-reent.o)
                0x200001d8                errno
 .bss.__lock___malloc_recursive_mutex
                0x200001dc        0x1 C:/ST/STM32CubeCLT_1.15.0/GNU-tools-for-STM32/bin/../lib/gcc/arm-none-eabi/12.3.1/../../../../arm-none-eabi/lib/thumb/v7e-m+fp/hard\libc_nano.a(libc_a-lock.o)
                0x200001dc                __lock___malloc_recursive_mutex
 *fill*         0x200001dd        0x3 
 .bss.__malloc_sbrk_start
                0x200001e0        0x4 C:/ST/STM32CubeCLT_1.15.0/GNU-tools-for-STM32/bin/../lib/gcc/arm-none-eabi/12.3.1/../../../../arm-none-eabi/lib/thumb/v7e-m+fp/hard\libc_nano.a(libc_a-mallocr.o)
                0x200001e0                __malloc_sbrk_start
 .bss.__malloc_free_list
                0x200001e4        0x4 C:/ST/STM32CubeCLT_1.15.0/GNU-tools-for-STM32/bin/../lib/gcc/arm-none-eabi/12.3.1/../../../../arm-none-eabi/lib/thumb/v7e-m+fp/hard\libc_nano.a(libc_a-mallocr.o)
                0x200001e4                __malloc_free_list
 .bss.hadc1     0x200001e8       0x48 CMakeFiles/derbi_teller.dir/Core/Src/main.c.obj
                0x200001e8                hadc1
 .bss.hadc2     0x20000230       0x48 CMakeFiles/derbi_teller.dir/Core/Src/main.c.obj
                0x20000230                hadc2
 .bss.hadc3     0x20000278       0x48 CMakeFiles/derbi_teller.dir/Core/Src/main.c.obj
                0x20000278                hadc3
 .bss.hdma_adc3
                0x200002c0       0x60 CMakeFiles/derbi_teller.dir/Core/Src/main.c.obj
                0x200002c0                hdma_adc3
 .bss.hi2c1     0x20000320       0x54 CMakeFiles/derbi_teller.dir/Core/Src/main.c.obj
                0x20000320                hi2c1
 .bss.hi2c3     0x20000374       0x54 CMakeFiles/derbi_teller.dir/Core/Src/main.c.obj
                0x20000374                hi2c3
 .bss.hi2s3     0x200003c8       0x48 CMakeFiles/derbi_teller.dir/Core/Src/main.c.obj
                0x200003c8                hi2s3
 .bss.hspi1     0x20000410       0x58 CMakeFiles/derbi_teller.dir/Core/Src/main.c.obj
                0x20000410                hspi1
 .bss.adc3_dmabuf
                0x20000468     0x1000 CMakeFiles/derbi_teller.dir/Core/Src/main.c.obj
                0x20000468                adc3_dmabuf
 .bss.hUsbHostFS
                0x20001468      0x3d8 CMakeFiles/derbi_teller.dir/USB_HOST/App/usb_host.c.obj
                0x20001468                hUsbHostFS
 .bss.Appli_state
                0x20001840        0x1 CMakeFiles/derbi_teller.dir/USB_HOST/App/usb_host.c.obj
                0x20001840                Appli_state
 *fill*         0x20001841        0x3 
 .bss.hhcd_USB_OTG_FS
                0x20001844      0x3e0 CMakeFiles/derbi_teller.dir/USB_HOST/Target/usbh_conf.c.obj
                0x20001844                hhcd_USB_OTG_FS
 .bss.SSD1306_Buffer
                0x20001c24      0x400 CMakeFiles/derbi_teller.dir/Core/Src/ssd1306.c.obj
 .bss.SSD1306   0x20002024        0x6 CMakeFiles/derbi_teller.dir/Core/Src/ssd1306.c.obj
 *fill*         0x2000202a        0x2 
 .bss.buttonvalueString
                0x2000202c        0xa CMakeFiles/derbi_teller.dir/Core/Src/buttons.c.obj
                0x2000202c                buttonvalueString
 .bss.buttonvalue
                0x20002036        0x2 CMakeFiles/derbi_teller.dir/Core/Src/buttons.c.obj
                0x20002036                buttonvalue
 .bss.speedString
                0x20002038        0xa CMakeFiles/derbi_teller.dir/Core/Src/speed.c.obj
                0x20002038                speedString
 .bss.speedvalue
                0x20002042        0x2 CMakeFiles/derbi_teller.dir/Core/Src/speed.c.obj
                0x20002042                speedvalue
 .bss.timestamps
                0x20002044      0xfa0 CMakeFiles/derbi_teller.dir/Core/Src/speed.c.obj
                0x20002044                timestamps
 .bss.adc_samples
                0x20002fe4      0xfa0 CMakeFiles/derbi_teller.dir/Core/Src/speed.c.obj
                0x20002fe4                adc_samples
 .bss.input_fft
                0x20003f84     0x2000 CMakeFiles/derbi_teller.dir/Core/Src/toerental.c.obj
                0x20003f84                input_fft
 .bss.testOutput
                0x20005f84     0x1000 CMakeFiles/derbi_teller.dir/Core/Src/toerental.c.obj
 .bss.ifftFlag  0x20006f84        0x4 CMakeFiles/derbi_teller.dir/Core/Src/toerental.c.obj
                0x20006f84                ifftFlag
 .bss.fft_instance
                0x20006f88       0x18 CMakeFiles/derbi_teller.dir/Core/Src/toerental.c.obj
                0x20006f88                fft_instance
 .bss.uwTick    0x20006fa0        0x4 CMakeFiles/derbi_teller.dir/Drivers/STM32F4xx_HAL_Driver/Src/stm32f4xx_hal.c.obj
                0x20006fa0                uwTick
 .bss.__sbrk_heap_end
                0x20006fa4        0x4 CMakeFiles/derbi_teller.dir/Core/Src/sysmem.c.obj
 *(COMMON)
                0x20006fa8                        . = ALIGN (0x4)
                0x20006fa8                        _ebss = .
                0x20006fa8                        __bss_end__ = _ebss

._user_heap_stack
                0x20006fa8      0x600
                0x20006fa8                        . = ALIGN (0x8)
                [!provide]                        PROVIDE (end = .)
                0x20006fa8                        PROVIDE (_end = .)
                0x200071a8                        . = (. + _Min_Heap_Size)
 *fill*         0x20006fa8      0x200 
                0x200075a8                        . = (. + _Min_Stack_Size)
 *fill*         0x200071a8      0x400 
                0x200075a8                        . = ALIGN (0x8)

/DISCARD/
 libc.a(*)
 libm.a(*)
 libgcc.a(*)

.ARM.attributes
                0x00000000       0x30
 *(.ARM.attributes)
 .ARM.attributes
                0x00000000       0x22 C:/ST/STM32CubeCLT_1.15.0/GNU-tools-for-STM32/bin/../lib/gcc/arm-none-eabi/12.3.1/thumb/v7e-m+fp/hard/crti.o
 .ARM.attributes
                0x00000022       0x34 C:/ST/STM32CubeCLT_1.15.0/GNU-tools-for-STM32/bin/../lib/gcc/arm-none-eabi/12.3.1/thumb/v7e-m+fp/hard/crtbegin.o
 .ARM.attributes
                0x00000056       0x34 C:/ST/STM32CubeCLT_1.15.0/GNU-tools-for-STM32/bin/../lib/gcc/arm-none-eabi/12.3.1/../../../../arm-none-eabi/lib/thumb/v7e-m+fp/hard\libc_nano.a(libc_a-findfp.o)
 .ARM.attributes
                0x0000008a       0x34 C:/ST/STM32CubeCLT_1.15.0/GNU-tools-for-STM32/bin/../lib/gcc/arm-none-eabi/12.3.1/../../../../arm-none-eabi/lib/thumb/v7e-m+fp/hard\libc_nano.a(libc_a-memset.o)
 .ARM.attributes
                0x000000be       0x34 C:/ST/STM32CubeCLT_1.15.0/GNU-tools-for-STM32/bin/../lib/gcc/arm-none-eabi/12.3.1/../../../../arm-none-eabi/lib/thumb/v7e-m+fp/hard\libc_nano.a(libc_a-reent.o)
 .ARM.attributes
                0x000000f2       0x34 C:/ST/STM32CubeCLT_1.15.0/GNU-tools-for-STM32/bin/../lib/gcc/arm-none-eabi/12.3.1/../../../../arm-none-eabi/lib/thumb/v7e-m+fp/hard\libc_nano.a(libc_a-impure.o)
 .ARM.attributes
                0x00000126       0x34 C:/ST/STM32CubeCLT_1.15.0/GNU-tools-for-STM32/bin/../lib/gcc/arm-none-eabi/12.3.1/../../../../arm-none-eabi/lib/thumb/v7e-m+fp/hard\libc_nano.a(libc_a-init.o)
 .ARM.attributes
                0x0000015a       0x34 C:/ST/STM32CubeCLT_1.15.0/GNU-tools-for-STM32/bin/../lib/gcc/arm-none-eabi/12.3.1/../../../../arm-none-eabi/lib/thumb/v7e-m+fp/hard\libc_nano.a(libc_a-lock.o)
 .ARM.attributes
                0x0000018e       0x34 C:/ST/STM32CubeCLT_1.15.0/GNU-tools-for-STM32/bin/../lib/gcc/arm-none-eabi/12.3.1/../../../../arm-none-eabi/lib/thumb/v7e-m+fp/hard\libc_nano.a(libc_a-freer.o)
 .ARM.attributes
                0x000001c2       0x34 C:/ST/STM32CubeCLT_1.15.0/GNU-tools-for-STM32/bin/../lib/gcc/arm-none-eabi/12.3.1/../../../../arm-none-eabi/lib/thumb/v7e-m+fp/hard\libc_nano.a(libc_a-mallocr.o)
 .ARM.attributes
                0x000001f6       0x34 C:/ST/STM32CubeCLT_1.15.0/GNU-tools-for-STM32/bin/../lib/gcc/arm-none-eabi/12.3.1/../../../../arm-none-eabi/lib/thumb/v7e-m+fp/hard\libc_nano.a(libc_a-mlock.o)
 .ARM.attributes